char device redirected to /dev/pts/27 (label serial0)
char device redirected to /dev/pts/28 (label serial1)
[trx] pont DSP : API RAM partagee (/calypso_api_ram) + socket /tmp/calypso_dsp.sock - le C54x est dans c54x_exe, la couche 1 gr-gsm est desactivee
calypso: couche 1 « grgsm » desactivee (DSP externe)
[sim] EF_IMSI loaded from /root/.osmocom/bb/mobile.cfg: 001010001000001
[sim] Ki loaded from /root/.osmocom/bb/mobile.cfg (16 bytes)
[trx] pont DSP : timer de boot lance (echange DSP seul, sans IRQ TPU, jusqu'a ce que le firmware active le TDMA)
[trx] pont DSP : DSP en retard, tick saute (fn=0, 1 sauts, 0 trames jouees)
[sim] CMDSTART → ATR delivered (synchronous)
[sim] ATR queued (4 bytes)
[sim] IRQ RAISE  IT=0x0010 MASKIT=0x0000 rx_count=4
[sim] IRQ RAISE  IT=0x0010 MASKIT=0x0000 rx_count=4
[sim] SIM_IT read=0x0010 rx_count=4 edge_cleared=0x0000 post_it=0x0010 mem_io_pc=0x739874060d43
[sim] IRQ RAISE  IT=0x0010 MASKIT=0x0000 rx_count=3
[sim] IRQ RAISE  IT=0x0010 MASKIT=0x0000 rx_count=3
[sim] SIM_IT read=0x0010 rx_count=3 edge_cleared=0x0000 post_it=0x0010 mem_io_pc=0x739874060d43
[sim] IRQ RAISE  IT=0x0010 MASKIT=0x0000 rx_count=2
[sim] IRQ RAISE  IT=0x0010 MASKIT=0x0000 rx_count=2
[sim] SIM_IT read=0x0010 rx_count=2 edge_cleared=0x0000 post_it=0x0010 mem_io_pc=0x739874060d43
[sim] IRQ RAISE  IT=0x0010 MASKIT=0x0000 rx_count=1
[sim] IRQ RAISE  IT=0x0010 MASKIT=0x0000 rx_count=1
[sim] SIM_IT read=0x0010 rx_count=1 edge_cleared=0x0000 post_it=0x0010 mem_io_pc=0x739874060d43
[sim] IRQ lower  IT=0x0000 MASKIT=0x0000 rx_count=0
[sim] IRQ lower  IT=0x0000 MASKIT=0xffed rx_count=0
[sim] WT timeout fired (RX FIFO empty)
[sim] IRQ RAISE  IT=0x0002 MASKIT=0xffed rx_count=0
[sim] IRQ lower  IT=0x0000 MASKIT=0xffed rx_count=0
[sim] SIM_IT read=0x0002 rx_count=0 edge_cleared=0x0002 post_it=0x0000 mem_io_pc=0x739874060d43
[trx] pont DSP : RESET_DSP relache par le firmware -> PONT_RESET (fn=0)
[trx] pont DSP : le TDMA du firmware prend le relais du timer de boot (1 trames de boot)
[trx] A_SCH fn=231 page0 0000->0100 page1 0000->0000 PC_ARM=0x0082530c
[trx] A_SCH fn=960 page0 0100->8000 page1 0000->0000 PC_ARM=0x008252f4
[trx] A_SCH fn=961 page0 8000->8000 page1 0000->8100 PC_ARM=0x008243ec
[trx] A_SCH fn=983 page0 8000->0100 page1 8100->8100 PC_ARM=0x00824400
[trx] A_SCH fn=984 page0 0100->0100 page1 8100->0100 PC_ARM=0x008243fc
[trx] A_SCH fn=1173 page0 0100->8100 page1 0100->0100 PC_ARM=0x00824404
[trx] A_SCH fn=1174 page0 8100->8100 page1 0100->8000 PC_ARM=0x0082ad14
[trx] A_SCH fn=1175 page0 8100->0100 page1 8000->8000 PC_ARM=0x0082530c
[trx] A_SCH fn=1188 page0 0100->0100 page1 8000->0100 PC_ARM=0x0082530c
[trx] A_SCH fn=1520 page0 0100->8100 page1 0100->0100 PC_ARM=0x0082530c
[trx] A_SCH fn=1521 page0 8100->8100 page1 0100->8000 PC_ARM=0x0082440c
[trx] A_SCH fn=1522 page0 8100->0100 page1 8000->8000 PC_ARM=0x008202dc
[trx] A_SCH fn=1545 page0 0100->0100 page1 8000->0100 PC_ARM=0x008243fc
[trx] IMM ASS ra=0x0e : reference 0/1/19 de la BTS -> 0/11/28 (last_rach fn=895)
[dcch] canal dedie arme : chan_nr=0x41 SDCCH/8 SS=0 TN=1
[trx] A_SCH fn=2846 page0 0100->8100 page1 0100->0100 PC_ARM=0x008252f4
[trx] A_SCH fn=2847 page0 8100->8100 page1 0100->8000 PC_ARM=0x00825308
[trx] A_SCH fn=2848 page0 8100->0100 page1 8000->8000 PC_ARM=0x0082530c
[trx] A_SCH fn=2868 page0 0100->0100 page1 8000->0100 PC_ARM=0x008202e8
[trx] A_SCH fn=2917 page0 0100->8100 page1 0100->0100 PC_ARM=0x0082440c
[trx] A_SCH fn=2918 page0 8100->8100 page1 0100->8100 PC_ARM=0x0082530c
[trx] A_SCH fn=2919 page0 8100->0100 page1 8100->8100 PC_ARM=0x008243fc
[trx] A_SCH fn=2920 page0 0100->0100 page1 8100->0100 PC_ARM=0x00825320
[trx] A_SCH fn=2948 page0 0100->8100 page1 0100->0100 PC_ARM=0x00825308
[trx] A_SCH fn=2949 page0 8100->8100 page1 0100->8000 PC_ARM=0x008252f4
[trx] A_SCH fn=2950 page0 8100->0100 page1 8000->8000 PC_ARM=0x008202e8
[trx] A_SCH fn=2973 page0 0100->0100 page1 8000->0100 PC_ARM=0x0082440c
[dcch] canal dedie libere : chan_nr=0x00 SDCCH/4 SS=0 TN=0
[trx] A_SCH fn=3050 page0 0100->8100 page1 0100->0100 PC_ARM=0x008252f4
[trx] A_SCH fn=3051 page0 8100->8100 page1 0100->8100 PC_ARM=0x0082530c
[trx] A_SCH fn=3052 page0 8100->0100 page1 8100->8100 PC_ARM=0x00825320
[trx] A_SCH fn=3053 page0 0100->0100 page1 8100->0100 PC_ARM=0x008243ec
[trx] A_SCH fn=3081 page0 0100->8100 page1 0100->0100 PC_ARM=0x008202dc
[trx] A_SCH fn=3082 page0 8100->8100 page1 0100->8000 PC_ARM=0x0082532c
[trx] A_SCH fn=3083 page0 8100->0100 page1 8000->8000 PC_ARM=0x0082530c
[trx] A_SCH fn=3089 page0 0100->0100 page1 8000->0100 PC_ARM=0x008252f4
[trx] pont DSP : phase A recue, l1_sync de l'ARM finie apres 256 attentes (fn=24338, 1 fois), GO envoye quand meme
[trx] A_SCH fn=25500 page0 0100->8100 page1 0100->0100 PC_ARM=0x008252e4
[trx] A_SCH fn=25501 page0 8100->8100 page1 0100->8000 PC_ARM=0x0082530c
[trx] A_SCH fn=25502 page0 8100->0100 page1 8000->8000 PC_ARM=0x008252f4
[trx] A_SCH fn=25515 page0 0100->0100 page1 8000->0100 PC_ARM=0x008202e8
[trx] A_SCH fn=25694 page0 0100->8100 page1 0100->0100 PC_ARM=0x008243ec
[trx] A_SCH fn=25695 page0 8100->8100 page1 0100->8100 PC_ARM=0x0082530c
[trx] A_SCH fn=25696 page0 8100->0100 page1 8100->8100 PC_ARM=0x0082aa0c
[trx] IMM ASS ra=0x14 : reference 25/15/45 de la BTS -> 25/19/23 (last_rach fn=33377)
[dcch] canal dedie arme : chan_nr=0x41 SDCCH/8 SS=0 TN=1
[dcch] canal dedie libere : chan_nr=0x00 SDCCH/4 SS=0 TN=0
[trx] IMM ASS ra=0x97 : reference 29/16/45 de la BTS -> 29/17/20 (last_rach fn=38627)
[dcch] canal dedie arme : chan_nr=0x41 SDCCH/8 SS=0 TN=1
[dcch] canal dedie libere : chan_nr=0x00 SDCCH/4 SS=0 TN=0
[trx] IMM ASS ra=0x12 : reference 9/18/45 de la BTS -> 9/25/26 (last_rach fn=54443)
[dcch] canal dedie arme : chan_nr=0x41 SDCCH/8 SS=0 TN=1
[dcch] canal dedie libere : chan_nr=0x00 SDCCH/4 SS=0 TN=0
[trx] IMM ASS ra=0xf2 : reference 17/5/45 de la BTS -> 17/11/25 (last_rach fn=65713)
[dcch] canal dedie arme : chan_nr=0x41 SDCCH/8 SS=0 TN=1
[dcch] canal dedie arme : chan_nr=0x0a TCH/F SS=0 TN=2
[dcch] canal dedie libere : chan_nr=0x00 SDCCH/4 SS=0 TN=0
[trx] IMM ASS ra=0xed : reference 24/0/45 de la BTS -> 24/2/21 (last_rach fn=75246)
[dcch] canal dedie arme : chan_nr=0x41 SDCCH/8 SS=0 TN=1
[dcch] canal dedie arme : chan_nr=0x0a TCH/F SS=0 TN=2
[dcch] canal dedie libere : chan_nr=0x00 SDCCH/4 SS=0 TN=0
[trx] IMM ASS ra=0xff : reference 30/24/45 de la BTS -> 30/3/24 (last_rach fn=83307)
[dcch] canal dedie arme : chan_nr=0x41 SDCCH/8 SS=0 TN=1
[dcch] canal dedie arme : chan_nr=0x0a TCH/F SS=0 TN=2
[dcch] canal dedie libere : chan_nr=0x00 SDCCH/4 SS=0 TN=0
