
2026-09-29T19:50:57Z Rx MO SM
IMSI: 001010001000001
SM-RP-MR: 0x2A
SM-RP-DA: SMSC TON=1 NPI=1 3366612340001
SM-RP-OA: MSISDN TON=1 NPI=1 100101
SM-RP-UI: 33 bytes
012A038106F000001BE2B07BDC6A87F1A0E6132483C96CB09C2CD792C568B8180D

2026-09-29T19:55:32Z Rx MO SM
IMSI: 001010001000001
SM-RP-MR: 0x2A
SM-RP-DA: SMSC TON=1 NPI=1 3366612340001
SM-RP-OA: MSISDN TON=1 NPI=1 100101
SM-RP-UI: 20 bytes
012A068101101000000BF4F29CDE6A87DDF5321B

2026-09-29T19:57:42Z Rx MO SM
IMSI: 001010001000001
SM-RP-MR: 0x2A
SM-RP-DA: SMSC TON=1 NPI=1 3366612340001
SM-RP-OA: MSISDN TON=1 NPI=1 100101
SM-RP-UI: 38 bytes
012A0681011020000020E2B07BDC6A87F1A0E634D66A4E6520194C6683E564B9962C46C3C568

2026-09-29T20:06:37Z Rx MO SM
IMSI: 001010001000001
SM-RP-MR: 0x2A
SM-RP-DA: SMSC TON=1 NPI=1 3366612340001
SM-RP-OA: MSISDN TON=1 NPI=1 100101
SM-RP-UI: 34 bytes
012A068101102000001BE2B07BDC6A87F1A0E6132483C96CB09C2CD792C96032DA0D

2026-09-29T20:41:42Z Rx MO SM
IMSI: 001010001000001
SM-RP-MR: 0x2A
SM-RP-DA: SMSC TON=1 NPI=1 3366612340001
SM-RP-OA: MSISDN TON=1 NPI=1 100101
SM-RP-UI: 34 bytes
012A068101102000001BE2B07BDC6A87F1A0E6132483C96CB09C2CD792C966B75A0C

2026-09-29T21:05:04Z Rx MO SM
IMSI: 001010001000001
SM-RP-MR: 0x2A
SM-RP-DA: SMSC TON=1 NPI=1 3366612340001
SM-RP-OA: MSISDN TON=1 NPI=1 100101
SM-RP-UI: 34 bytes
012A068101102000001BE2B07BDC6A87F1A0E6132483C96CB09C2CD792CD6032190D

2026-09-29T21:53:41Z Rx MO SM
IMSI: 001010001000001
SM-RP-MR: 0x2A
SM-RP-DA: SMSC TON=1 NPI=1 3366612340001
SM-RP-OA: MSISDN TON=1 NPI=1 100101
SM-RP-UI: 34 bytes
012A068101102000001BE2B07BDC6A87F1A0E6132483C96CB09C2CD792CD68B95A0D

2026-09-29T22:10:55Z Rx MO SM
IMSI: 001010001000001
SM-RP-MR: 0x2A
SM-RP-DA: SMSC TON=1 NPI=1 3366612340001
SM-RP-OA: MSISDN TON=1 NPI=1 100101
SM-RP-UI: 34 bytes
012A068101102000001BE2B07BDC6A87F1A0E6132483C96CB0DC0CD682C16037D90D

2026-09-29T22:31:31Z Rx MO SM
IMSI: 001010001000001
SM-RP-MR: 0x2A
SM-RP-DA: SMSC TON=1 NPI=1 3366612340001
SM-RP-OA: MSISDN TON=1 NPI=1 100101
SM-RP-UI: 34 bytes
012A068101102000001BE2B07BDC6A87F1A0E6132483C96CB0DC0CD682C164B71A0E

2026-09-29T22:39:29Z Rx MO SM
IMSI: 001010001000001
SM-RP-MR: 0x2A
SM-RP-DA: SMSC TON=1 NPI=1 3366612340001
SM-RP-OA: MSISDN TON=1 NPI=1 100101
SM-RP-UI: 34 bytes
012A068101102000001BE2B07BDC6A87F1A0E6132483C96CB0DC0CD682C16636580C

2026-09-30T08:38:34Z Rx MO SM
IMSI: 001010001000001
SM-RP-MR: 0x2A
SM-RP-DA: SMSC TON=1 NPI=1 3366612340001
SM-RP-OA: MSISDN TON=1 NPI=1 100101
SM-RP-UI: 34 bytes
012A068101102000001BE2B07BDC6A87F1A0E6132483C96CB0DC0CD68AC166B3590D

2026-09-30T08:50:56Z Rx MO SM
IMSI: 001010001000001
SM-RP-MR: 0x2A
SM-RP-DA: SMSC TON=1 NPI=1 3366612340001
SM-RP-OA: MSISDN TON=1 NPI=1 100101
SM-RP-UI: 34 bytes
012A068101102000001BE2B07BDC6A87F1A0E6132483C96CB0DC0CD68AC168B51A0D

2026-09-30T09:32:07Z Rx MO SM
IMSI: 001010001000001
SM-RP-MR: 0x2A
SM-RP-DA: SMSC TON=1 NPI=1 3366612340001
SM-RP-OA: MSISDN TON=1 NPI=1 100101
SM-RP-UI: 34 bytes
012A068101102000001BE2B07BDC6A87F1A0E6132483C96CB0DC0CD68AC564B8D90C

2026-09-30T09:40:57Z Rx MO SM
IMSI: 001010001000001
SM-RP-MR: 0x2A
SM-RP-DA: SMSC TON=1 NPI=1 3366612340001
SM-RP-OA: MSISDN TON=1 NPI=1 100101
SM-RP-UI: 34 bytes
012A068101102000001BE2B07BDC6A87F1A0E6132483C96CB0DC0CD68AC566B7D80D

2026-09-30T10:01:02Z Rx MO SM
IMSI: 001010001000001
SM-RP-MR: 0x2A
SM-RP-DA: SMSC TON=1 NPI=1 3366612340001
SM-RP-OA: MSISDN TON=1 NPI=1 100101
SM-RP-UI: 34 bytes
012A068101102000001BE2B07BDC6A87F1A0E6132483C96CB0DC0CD68AC56AB7D80D

2026-09-30T10:24:28Z Rx MO SM
IMSI: 001010001000001
SM-RP-MR: 0x2A
SM-RP-DA: SMSC TON=1 NPI=1 3366612340001
SM-RP-OA: MSISDN TON=1 NPI=1 100101
SM-RP-UI: 34 bytes
012A068101102000001BE2B07BDC6A87F1A0E6132483C96CB0DC0CD68AC964B1180D

2026-09-30T10:32:42Z Rx MO SM
IMSI: 001010001000001
SM-RP-MR: 0x2A
SM-RP-DA: SMSC TON=1 NPI=1 3366612340001
SM-RP-OA: MSISDN TON=1 NPI=1 100101
SM-RP-UI: 34 bytes
012A068101102000001BE2B07BDC6A87F1A0E6132483C96CB0DC0CD68AC96439980C

2026-09-30T10:59:39Z Rx MO SM
IMSI: 001010001000001
SM-RP-MR: 0x2A
SM-RP-DA: SMSC TON=1 NPI=1 3366612340001
SM-RP-OA: MSISDN TON=1 NPI=1 100101
SM-RP-UI: 34 bytes
012A068101102000001BE2B07BDC6A87F1A0E6132483C96CB0DC0CD68AC96A36D90D

2026-09-30T11:02:01Z Rx MO SM
IMSI: 001010001000001
SM-RP-MR: 0x2A
SM-RP-DA: SMSC TON=1 NPI=1 3366612340001
SM-RP-OA: MSISDN TON=1 NPI=1 100101
SM-RP-UI: 38 bytes
012A0681011020000020E2B07BDC6A87F1A0E634D66A4E6520194C6683E566B0564C56B3C96E
