Tue Sep 29 21:48:36 2026 [1;33mDLGLOBAL[0;m [1;33mNOTICE[0;m <0011> telnet_interface.c:88 Available via telnet 127.0.0.1 4240
[1;32mTue Sep 29 21:48:36 2026 [1;31mDL1IF[0;m[1;32m [1;31mERROR[0;m[1;32m <0001> pcuif_sock.c:210 Failed to connect to the BTS (/tmp/pcu_bts). Retrying...[0;m
[1;32mTue Sep 29 21:48:41 2026 [1;31mDL1IF[0;m[1;32m [1;31mERROR[0;m[1;32m <0001> pcuif_sock.c:210 Failed to connect to the BTS (/tmp/pcu_bts). Retrying...[0;m
[1;32mTue Sep 29 21:48:46 2026 [1;31mDL1IF[0;m[1;32m [1;31mERROR[0;m[1;32m <0001> pcuif_sock.c:210 Failed to connect to the BTS (/tmp/pcu_bts). Retrying...[0;m
[1;32mTue Sep 29 21:48:51 2026 [1;31mDL1IF[0;m[1;32m [1;31mERROR[0;m[1;32m <0001> pcuif_sock.c:210 Failed to connect to the BTS (/tmp/pcu_bts). Retrying...[0;m
[1;32mTue Sep 29 21:48:56 2026 [1;33mDL1IF[0;m[1;32m [1;33mNOTICE[0;m[1;32m <0001> pcuif_sock.c:220 osmo-bts PCU socket /tmp/pcu_bts has been connected[0;m
[1;32mTue Sep 29 21:48:56 2026 [1;33mDL1IF[0;m[1;32m [1;33mNOTICE[0;m[1;32m <0001> pcu_l1_if.cpp:1246 Received message for new BTS0[0;m
[38;5;57mTue Sep 29 21:48:56 2026 [1;33mDLNS[0;m[38;5;57m [1;33mNOTICE[0;m[38;5;57m <0024> gprs_ns2.c:575 NSE(00010) NS-STATUS.ind(bvci=00000): cause=NSE recovery, transfer=100, first=1, mtu=65523[0;m
[1;35mTue Sep 29 21:48:56 2026 [1;33mDPCU[0;m[1;35m [1;33mNOTICE[0;m[1;35m <000d> gprs_bssgp_pcu.c:681 NS-NSE 10 became available[0;m
[38;5;59mTue Sep 29 21:48:56 2026 [1;33mDLBSSGP[0;m[38;5;59m [1;33mNOTICE[0;m[38;5;59m <0025> gprs_bssgp.c:124 BSSGP (BVCI=0) Tx BVC-RESET CAUSE=O&M intervention[0;m
[38;5;57mTue Sep 29 21:48:56 2026 [1;33mDLNS[0;m[38;5;57m [1;33mNOTICE[0;m[38;5;57m <0024> gprs_ns2.c:571 NSE(00010)-NSVC(00010) NS-STATUS.ind(bvci=00000): cause=NSVC recovery, transfer=100, first=0, mtu=65523[0;m
[38;5;59mTue Sep 29 21:48:56 2026 [1;33mDLBSSGP[0;m[38;5;59m [1;33mNOTICE[0;m[38;5;59m <0025> gprs_bssgp_pcu.c:421 Rx BSSGP BVCI=0 (SIGN) BVC_RESET_ACK[0;m
[38;5;59mTue Sep 29 21:48:56 2026 [1;33mDLBSSGP[0;m[38;5;59m [1;33mNOTICE[0;m[38;5;59m <0025> gprs_bssgp.c:124 BSSGP (BVCI=12) Tx BVC-RESET CAUSE=O&M intervention[0;m
[38;5;59mTue Sep 29 21:48:56 2026 [1;33mDLBSSGP[0;m[38;5;59m [1;33mNOTICE[0;m[38;5;59m <0025> gprs_bssgp_pcu.c:421 Rx BSSGP BVCI=0 (SIGN) BVC_RESET_ACK[0;m
[38;5;59mTue Sep 29 21:48:56 2026 [1;33mDLBSSGP[0;m[38;5;59m [1;33mNOTICE[0;m[38;5;59m <0025> gprs_bssgp_bss.c:281 BSSGP (BVCI=12) Tx BVC-UNBLOCK[0;m
[38;5;59mTue Sep 29 21:48:56 2026 [1;33mDLBSSGP[0;m[38;5;59m [1;33mNOTICE[0;m[38;5;59m <0025> gprs_bssgp_pcu.c:435 Rx BSSGP BVCI=0 (SIGN) BVC_UNBLOCK_ACK[0;m
[1;32mTue Sep 29 22:02:48 2026 [1;31mDL1IF[0;m[1;32m [1;31mERROR[0;m[1;32m <0001> pcuif_sock.c:123 pcu_sock_read: recv() failed with rc=0 errno=9[0;m
[1;32mTue Sep 29 22:02:48 2026 [1;33mDL1IF[0;m[1;32m [1;33mNOTICE[0;m[1;32m <0001> pcuif_sock.c:78 PCU socket has LOST connection[0;m
[38;5;57mTue Sep 29 22:02:48 2026 [1;33mDLNS[0;m[38;5;57m [1;33mNOTICE[0;m[38;5;57m <0024> gprs_ns2.c:575 NSE(00010) NS-STATUS.ind(bvci=00000): cause=NSE failure, transfer=0, first=0, mtu=65523[0;m
[1;35mTue Sep 29 22:02:48 2026 [1;33mDPCU[0;m[1;35m [1;33mNOTICE[0;m[1;35m <000d> gprs_bssgp_pcu.c:690 NS-NSE 10 became unavailable[0;m
[38;5;57mTue Sep 29 22:02:48 2026 [1;33mDLNS[0;m[38;5;57m [1;33mNOTICE[0;m[38;5;57m <0024> gprs_ns2.c:571 NSE(00010)-NSVC(00010) NS-STATUS.ind(bvci=00000): cause=NSVC failure, transfer=0, first=0, mtu=65523[0;m
Tue Sep 29 22:03:08 2026 [1;33mDLGLOBAL[0;m [1;33mNOTICE[0;m <0011> telnet_interface.c:88 Available via telnet 127.0.0.1 4240
[1;32mTue Sep 29 22:03:08 2026 [1;31mDL1IF[0;m[1;32m [1;31mERROR[0;m[1;32m <0001> pcuif_sock.c:210 Failed to connect to the BTS (/tmp/pcu_bts). Retrying...[0;m
[1;32mTue Sep 29 22:03:13 2026 [1;31mDL1IF[0;m[1;32m [1;31mERROR[0;m[1;32m <0001> pcuif_sock.c:210 Failed to connect to the BTS (/tmp/pcu_bts). Retrying...[0;m
[1;32mTue Sep 29 22:03:18 2026 [1;31mDL1IF[0;m[1;32m [1;31mERROR[0;m[1;32m <0001> pcuif_sock.c:210 Failed to connect to the BTS (/tmp/pcu_bts). Retrying...[0;m
[1;32mTue Sep 29 22:03:23 2026 [1;31mDL1IF[0;m[1;32m [1;31mERROR[0;m[1;32m <0001> pcuif_sock.c:210 Failed to connect to the BTS (/tmp/pcu_bts). Retrying...[0;m
[1;32mTue Sep 29 22:03:28 2026 [1;33mDL1IF[0;m[1;32m [1;33mNOTICE[0;m[1;32m <0001> pcuif_sock.c:220 osmo-bts PCU socket /tmp/pcu_bts has been connected[0;m
[1;32mTue Sep 29 22:03:28 2026 [1;33mDL1IF[0;m[1;32m [1;33mNOTICE[0;m[1;32m <0001> pcu_l1_if.cpp:1246 Received message for new BTS0[0;m
[38;5;57mTue Sep 29 22:03:28 2026 [1;33mDLNS[0;m[38;5;57m [1;33mNOTICE[0;m[38;5;57m <0024> gprs_ns2.c:575 NSE(00010) NS-STATUS.ind(bvci=00000): cause=NSE recovery, transfer=100, first=1, mtu=65523[0;m
[1;35mTue Sep 29 22:03:28 2026 [1;33mDPCU[0;m[1;35m [1;33mNOTICE[0;m[1;35m <000d> gprs_bssgp_pcu.c:681 NS-NSE 10 became available[0;m
[38;5;59mTue Sep 29 22:03:28 2026 [1;33mDLBSSGP[0;m[38;5;59m [1;33mNOTICE[0;m[38;5;59m <0025> gprs_bssgp.c:124 BSSGP (BVCI=0) Tx BVC-RESET CAUSE=O&M intervention[0;m
[38;5;57mTue Sep 29 22:03:28 2026 [1;33mDLNS[0;m[38;5;57m [1;33mNOTICE[0;m[38;5;57m <0024> gprs_ns2.c:571 NSE(00010)-NSVC(00010) NS-STATUS.ind(bvci=00000): cause=NSVC recovery, transfer=100, first=0, mtu=65523[0;m
[38;5;59mTue Sep 29 22:03:28 2026 [1;33mDLBSSGP[0;m[38;5;59m [1;33mNOTICE[0;m[38;5;59m <0025> gprs_bssgp_pcu.c:421 Rx BSSGP BVCI=0 (SIGN) BVC_RESET_ACK[0;m
[38;5;59mTue Sep 29 22:03:28 2026 [1;33mDLBSSGP[0;m[38;5;59m [1;33mNOTICE[0;m[38;5;59m <0025> gprs_bssgp.c:124 BSSGP (BVCI=12) Tx BVC-RESET CAUSE=O&M intervention[0;m
[38;5;59mTue Sep 29 22:03:28 2026 [1;33mDLBSSGP[0;m[38;5;59m [1;33mNOTICE[0;m[38;5;59m <0025> gprs_bssgp_pcu.c:421 Rx BSSGP BVCI=0 (SIGN) BVC_RESET_ACK[0;m
[38;5;59mTue Sep 29 22:03:28 2026 [1;33mDLBSSGP[0;m[38;5;59m [1;33mNOTICE[0;m[38;5;59m <0025> gprs_bssgp_bss.c:281 BSSGP (BVCI=12) Tx BVC-UNBLOCK[0;m
[38;5;59mTue Sep 29 22:03:28 2026 [1;33mDLBSSGP[0;m[38;5;59m [1;33mNOTICE[0;m[38;5;59m <0025> gprs_bssgp_pcu.c:435 Rx BSSGP BVCI=0 (SIGN) BVC_UNBLOCK_ACK[0;m
[1;32mTue Sep 29 22:18:42 2026 [1;31mDL1IF[0;m[1;32m [1;31mERROR[0;m[1;32m <0001> pcuif_sock.c:123 pcu_sock_read: recv() failed with rc=0 errno=9[0;m
[1;32mTue Sep 29 22:18:42 2026 [1;33mDL1IF[0;m[1;32m [1;33mNOTICE[0;m[1;32m <0001> pcuif_sock.c:78 PCU socket has LOST connection[0;m
[38;5;57mTue Sep 29 22:18:42 2026 [1;33mDLNS[0;m[38;5;57m [1;33mNOTICE[0;m[38;5;57m <0024> gprs_ns2.c:575 NSE(00010) NS-STATUS.ind(bvci=00000): cause=NSE failure, transfer=0, first=0, mtu=65523[0;m
[1;35mTue Sep 29 22:18:42 2026 [1;33mDPCU[0;m[1;35m [1;33mNOTICE[0;m[1;35m <000d> gprs_bssgp_pcu.c:690 NS-NSE 10 became unavailable[0;m
[38;5;57mTue Sep 29 22:18:42 2026 [1;33mDLNS[0;m[38;5;57m [1;33mNOTICE[0;m[38;5;57m <0024> gprs_ns2.c:571 NSE(00010)-NSVC(00010) NS-STATUS.ind(bvci=00000): cause=NSVC failure, transfer=0, first=0, mtu=65523[0;m
Tue Sep 29 22:19:03 2026 [1;33mDLGLOBAL[0;m [1;33mNOTICE[0;m <0011> telnet_interface.c:88 Available via telnet 127.0.0.1 4240
[1;32mTue Sep 29 22:19:03 2026 [1;31mDL1IF[0;m[1;32m [1;31mERROR[0;m[1;32m <0001> pcuif_sock.c:210 Failed to connect to the BTS (/tmp/pcu_bts). Retrying...[0;m
[1;32mTue Sep 29 22:19:08 2026 [1;31mDL1IF[0;m[1;32m [1;31mERROR[0;m[1;32m <0001> pcuif_sock.c:210 Failed to connect to the BTS (/tmp/pcu_bts). Retrying...[0;m
[1;32mTue Sep 29 22:19:13 2026 [1;31mDL1IF[0;m[1;32m [1;31mERROR[0;m[1;32m <0001> pcuif_sock.c:210 Failed to connect to the BTS (/tmp/pcu_bts). Retrying...[0;m
[1;32mTue Sep 29 22:19:18 2026 [1;31mDL1IF[0;m[1;32m [1;31mERROR[0;m[1;32m <0001> pcuif_sock.c:210 Failed to connect to the BTS (/tmp/pcu_bts). Retrying...[0;m
[1;32mTue Sep 29 22:19:23 2026 [1;31mDL1IF[0;m[1;32m [1;31mERROR[0;m[1;32m <0001> pcuif_sock.c:210 Failed to connect to the BTS (/tmp/pcu_bts). Retrying...[0;m
[1;32mTue Sep 29 22:19:28 2026 [1;31mDL1IF[0;m[1;32m [1;31mERROR[0;m[1;32m <0001> pcuif_sock.c:210 Failed to connect to the BTS (/tmp/pcu_bts). Retrying...[0;m
[1;32mTue Sep 29 22:19:33 2026 [1;31mDL1IF[0;m[1;32m [1;31mERROR[0;m[1;32m <0001> pcuif_sock.c:210 Failed to connect to the BTS (/tmp/pcu_bts). Retrying...[0;m
[1;32mTue Sep 29 22:19:38 2026 [1;31mDL1IF[0;m[1;32m [1;31mERROR[0;m[1;32m <0001> pcuif_sock.c:210 Failed to connect to the BTS (/tmp/pcu_bts). Retrying...[0;m
[1;32mTue Sep 29 22:19:43 2026 [1;31mDL1IF[0;m[1;32m [1;31mERROR[0;m[1;32m <0001> pcuif_sock.c:210 Failed to connect to the BTS (/tmp/pcu_bts). Retrying...[0;m
[1;32mTue Sep 29 22:19:48 2026 [1;31mDL1IF[0;m[1;32m [1;31mERROR[0;m[1;32m <0001> pcuif_sock.c:210 Failed to connect to the BTS (/tmp/pcu_bts). Retrying...[0;m
[1;32mTue Sep 29 22:19:53 2026 [1;31mDL1IF[0;m[1;32m [1;31mERROR[0;m[1;32m <0001> pcuif_sock.c:210 Failed to connect to the BTS (/tmp/pcu_bts). Retrying...[0;m
[1;32mTue Sep 29 22:19:58 2026 [1;31mDL1IF[0;m[1;32m [1;31mERROR[0;m[1;32m <0001> pcuif_sock.c:210 Failed to connect to the BTS (/tmp/pcu_bts). Retrying...[0;m
[1;32mTue Sep 29 22:20:03 2026 [1;31mDL1IF[0;m[1;32m [1;31mERROR[0;m[1;32m <0001> pcuif_sock.c:210 Failed to connect to the BTS (/tmp/pcu_bts). Retrying...[0;m
Tue Sep 29 22:20:25 2026 [1;33mDLGLOBAL[0;m [1;33mNOTICE[0;m <0011> telnet_interface.c:88 Available via telnet 127.0.0.1 4240
[1;32mTue Sep 29 22:20:25 2026 [1;31mDL1IF[0;m[1;32m [1;31mERROR[0;m[1;32m <0001> pcuif_sock.c:210 Failed to connect to the BTS (/tmp/pcu_bts). Retrying...[0;m
[1;32mTue Sep 29 22:20:30 2026 [1;31mDL1IF[0;m[1;32m [1;31mERROR[0;m[1;32m <0001> pcuif_sock.c:210 Failed to connect to the BTS (/tmp/pcu_bts). Retrying...[0;m
[1;32mTue Sep 29 22:20:35 2026 [1;31mDL1IF[0;m[1;32m [1;31mERROR[0;m[1;32m <0001> pcuif_sock.c:210 Failed to connect to the BTS (/tmp/pcu_bts). Retrying...[0;m
[1;32mTue Sep 29 22:20:40 2026 [1;31mDL1IF[0;m[1;32m [1;31mERROR[0;m[1;32m <0001> pcuif_sock.c:210 Failed to connect to the BTS (/tmp/pcu_bts). Retrying...[0;m
[1;32mTue Sep 29 22:20:45 2026 [1;33mDL1IF[0;m[1;32m [1;33mNOTICE[0;m[1;32m <0001> pcuif_sock.c:220 osmo-bts PCU socket /tmp/pcu_bts has been connected[0;m
[1;32mTue Sep 29 22:20:45 2026 [1;33mDL1IF[0;m[1;32m [1;33mNOTICE[0;m[1;32m <0001> pcu_l1_if.cpp:1246 Received message for new BTS0[0;m
[38;5;57mTue Sep 29 22:20:45 2026 [1;33mDLNS[0;m[38;5;57m [1;33mNOTICE[0;m[38;5;57m <0024> gprs_ns2.c:575 NSE(00010) NS-STATUS.ind(bvci=00000): cause=NSE recovery, transfer=100, first=1, mtu=65523[0;m
[1;35mTue Sep 29 22:20:45 2026 [1;33mDPCU[0;m[1;35m [1;33mNOTICE[0;m[1;35m <000d> gprs_bssgp_pcu.c:681 NS-NSE 10 became available[0;m
[38;5;59mTue Sep 29 22:20:45 2026 [1;33mDLBSSGP[0;m[38;5;59m [1;33mNOTICE[0;m[38;5;59m <0025> gprs_bssgp.c:124 BSSGP (BVCI=0) Tx BVC-RESET CAUSE=O&M intervention[0;m
[38;5;57mTue Sep 29 22:20:45 2026 [1;33mDLNS[0;m[38;5;57m [1;33mNOTICE[0;m[38;5;57m <0024> gprs_ns2.c:571 NSE(00010)-NSVC(00010) NS-STATUS.ind(bvci=00000): cause=NSVC recovery, transfer=100, first=0, mtu=65523[0;m
[38;5;59mTue Sep 29 22:20:45 2026 [1;33mDLBSSGP[0;m[38;5;59m [1;33mNOTICE[0;m[38;5;59m <0025> gprs_bssgp_pcu.c:421 Rx BSSGP BVCI=0 (SIGN) BVC_RESET_ACK[0;m
[38;5;59mTue Sep 29 22:20:45 2026 [1;33mDLBSSGP[0;m[38;5;59m [1;33mNOTICE[0;m[38;5;59m <0025> gprs_bssgp.c:124 BSSGP (BVCI=12) Tx BVC-RESET CAUSE=O&M intervention[0;m
[38;5;59mTue Sep 29 22:20:45 2026 [1;33mDLBSSGP[0;m[38;5;59m [1;33mNOTICE[0;m[38;5;59m <0025> gprs_bssgp_pcu.c:421 Rx BSSGP BVCI=0 (SIGN) BVC_RESET_ACK[0;m
[38;5;59mTue Sep 29 22:20:45 2026 [1;33mDLBSSGP[0;m[38;5;59m [1;33mNOTICE[0;m[38;5;59m <0025> gprs_bssgp_bss.c:281 BSSGP (BVCI=12) Tx BVC-UNBLOCK[0;m
[38;5;59mTue Sep 29 22:20:45 2026 [1;33mDLBSSGP[0;m[38;5;59m [1;33mNOTICE[0;m[38;5;59m <0025> gprs_bssgp_pcu.c:435 Rx BSSGP BVCI=0 (SIGN) BVC_UNBLOCK_ACK[0;m
[1;32mTue Sep 29 22:25:45 2026 [1;31mDL1IF[0;m[1;32m [1;31mERROR[0;m[1;32m <0001> pcuif_sock.c:123 pcu_sock_read: recv() failed with rc=0 errno=9[0;m
[1;32mTue Sep 29 22:25:45 2026 [1;33mDL1IF[0;m[1;32m [1;33mNOTICE[0;m[1;32m <0001> pcuif_sock.c:78 PCU socket has LOST connection[0;m
[38;5;57mTue Sep 29 22:25:45 2026 [1;33mDLNS[0;m[38;5;57m [1;33mNOTICE[0;m[38;5;57m <0024> gprs_ns2.c:575 NSE(00010) NS-STATUS.ind(bvci=00000): cause=NSE failure, transfer=0, first=0, mtu=65523[0;m
[1;35mTue Sep 29 22:25:45 2026 [1;33mDPCU[0;m[1;35m [1;33mNOTICE[0;m[1;35m <000d> gprs_bssgp_pcu.c:690 NS-NSE 10 became unavailable[0;m
[38;5;57mTue Sep 29 22:25:45 2026 [1;33mDLNS[0;m[38;5;57m [1;33mNOTICE[0;m[38;5;57m <0024> gprs_ns2.c:571 NSE(00010)-NSVC(00010) NS-STATUS.ind(bvci=00000): cause=NSVC failure, transfer=0, first=0, mtu=65523[0;m
Tue Sep 29 22:25:47 2026 [1;33mDLGLOBAL[0;m [1;33mNOTICE[0;m <0011> telnet_interface.c:88 Available via telnet 127.0.0.1 4240
[1;32mTue Sep 29 22:25:47 2026 [1;31mDL1IF[0;m[1;32m [1;31mERROR[0;m[1;32m <0001> pcuif_sock.c:210 Failed to connect to the BTS (/tmp/pcu_bts). Retrying...[0;m
Tue Sep 29 22:26:07 2026 [1;33mDLGLOBAL[0;m [1;33mNOTICE[0;m <0011> telnet_interface.c:88 Available via telnet 127.0.0.1 4240
[1;32mTue Sep 29 22:26:07 2026 [1;31mDL1IF[0;m[1;32m [1;31mERROR[0;m[1;32m <0001> pcuif_sock.c:210 Failed to connect to the BTS (/tmp/pcu_bts). Retrying...[0;m
[1;32mTue Sep 29 22:26:12 2026 [1;31mDL1IF[0;m[1;32m [1;31mERROR[0;m[1;32m <0001> pcuif_sock.c:210 Failed to connect to the BTS (/tmp/pcu_bts). Retrying...[0;m
[1;32mTue Sep 29 22:26:17 2026 [1;31mDL1IF[0;m[1;32m [1;31mERROR[0;m[1;32m <0001> pcuif_sock.c:210 Failed to connect to the BTS (/tmp/pcu_bts). Retrying...[0;m
[1;32mTue Sep 29 22:26:22 2026 [1;31mDL1IF[0;m[1;32m [1;31mERROR[0;m[1;32m <0001> pcuif_sock.c:210 Failed to connect to the BTS (/tmp/pcu_bts). Retrying...[0;m
[1;32mTue Sep 29 22:26:27 2026 [1;33mDL1IF[0;m[1;32m [1;33mNOTICE[0;m[1;32m <0001> pcuif_sock.c:220 osmo-bts PCU socket /tmp/pcu_bts has been connected[0;m
[1;32mTue Sep 29 22:26:27 2026 [1;33mDL1IF[0;m[1;32m [1;33mNOTICE[0;m[1;32m <0001> pcu_l1_if.cpp:1246 Received message for new BTS0[0;m
[38;5;57mTue Sep 29 22:26:27 2026 [1;33mDLNS[0;m[38;5;57m [1;33mNOTICE[0;m[38;5;57m <0024> gprs_ns2.c:575 NSE(00010) NS-STATUS.ind(bvci=00000): cause=NSE recovery, transfer=100, first=1, mtu=65523[0;m
[1;35mTue Sep 29 22:26:27 2026 [1;33mDPCU[0;m[1;35m [1;33mNOTICE[0;m[1;35m <000d> gprs_bssgp_pcu.c:681 NS-NSE 10 became available[0;m
[38;5;59mTue Sep 29 22:26:27 2026 [1;33mDLBSSGP[0;m[38;5;59m [1;33mNOTICE[0;m[38;5;59m <0025> gprs_bssgp.c:124 BSSGP (BVCI=0) Tx BVC-RESET CAUSE=O&M intervention[0;m
[38;5;57mTue Sep 29 22:26:27 2026 [1;33mDLNS[0;m[38;5;57m [1;33mNOTICE[0;m[38;5;57m <0024> gprs_ns2.c:571 NSE(00010)-NSVC(00010) NS-STATUS.ind(bvci=00000): cause=NSVC recovery, transfer=100, first=0, mtu=65523[0;m
[38;5;59mTue Sep 29 22:26:27 2026 [1;33mDLBSSGP[0;m[38;5;59m [1;33mNOTICE[0;m[38;5;59m <0025> gprs_bssgp_pcu.c:421 Rx BSSGP BVCI=0 (SIGN) BVC_RESET_ACK[0;m
[38;5;59mTue Sep 29 22:26:27 2026 [1;33mDLBSSGP[0;m[38;5;59m [1;33mNOTICE[0;m[38;5;59m <0025> gprs_bssgp.c:124 BSSGP (BVCI=12) Tx BVC-RESET CAUSE=O&M intervention[0;m
[38;5;59mTue Sep 29 22:26:27 2026 [1;33mDLBSSGP[0;m[38;5;59m [1;33mNOTICE[0;m[38;5;59m <0025> gprs_bssgp_pcu.c:421 Rx BSSGP BVCI=0 (SIGN) BVC_RESET_ACK[0;m
[38;5;59mTue Sep 29 22:26:27 2026 [1;33mDLBSSGP[0;m[38;5;59m [1;33mNOTICE[0;m[38;5;59m <0025> gprs_bssgp_bss.c:281 BSSGP (BVCI=12) Tx BVC-UNBLOCK[0;m
[38;5;59mTue Sep 29 22:26:27 2026 [1;33mDLBSSGP[0;m[38;5;59m [1;33mNOTICE[0;m[38;5;59m <0025> gprs_bssgp_pcu.c:435 Rx BSSGP BVCI=0 (SIGN) BVC_UNBLOCK_ACK[0;m
[1;32mTue Sep 29 22:32:11 2026 [1;31mDL1IF[0;m[1;32m [1;31mERROR[0;m[1;32m <0001> pcuif_sock.c:123 pcu_sock_read: recv() failed with rc=0 errno=9[0;m
[1;32mTue Sep 29 22:32:11 2026 [1;33mDL1IF[0;m[1;32m [1;33mNOTICE[0;m[1;32m <0001> pcuif_sock.c:78 PCU socket has LOST connection[0;m
[38;5;57mTue Sep 29 22:32:11 2026 [1;33mDLNS[0;m[38;5;57m [1;33mNOTICE[0;m[38;5;57m <0024> gprs_ns2.c:575 NSE(00010) NS-STATUS.ind(bvci=00000): cause=NSE failure, transfer=0, first=0, mtu=65523[0;m
[1;35mTue Sep 29 22:32:11 2026 [1;33mDPCU[0;m[1;35m [1;33mNOTICE[0;m[1;35m <000d> gprs_bssgp_pcu.c:690 NS-NSE 10 became unavailable[0;m
[38;5;57mTue Sep 29 22:32:11 2026 [1;33mDLNS[0;m[38;5;57m [1;33mNOTICE[0;m[38;5;57m <0024> gprs_ns2.c:571 NSE(00010)-NSVC(00010) NS-STATUS.ind(bvci=00000): cause=NSVC failure, transfer=0, first=0, mtu=65523[0;m
Tue Sep 29 22:32:14 2026 [1;33mDLGLOBAL[0;m [1;33mNOTICE[0;m <0011> telnet_interface.c:88 Available via telnet 127.0.0.1 4240
[1;32mTue Sep 29 22:32:14 2026 [1;31mDL1IF[0;m[1;32m [1;31mERROR[0;m[1;32m <0001> pcuif_sock.c:210 Failed to connect to the BTS (/tmp/pcu_bts). Retrying...[0;m
Tue Sep 29 22:32:34 2026 [1;33mDLGLOBAL[0;m [1;33mNOTICE[0;m <0011> telnet_interface.c:88 Available via telnet 127.0.0.1 4240
[1;32mTue Sep 29 22:32:34 2026 [1;31mDL1IF[0;m[1;32m [1;31mERROR[0;m[1;32m <0001> pcuif_sock.c:210 Failed to connect to the BTS (/tmp/pcu_bts). Retrying...[0;m
[1;32mTue Sep 29 22:32:39 2026 [1;31mDL1IF[0;m[1;32m [1;31mERROR[0;m[1;32m <0001> pcuif_sock.c:210 Failed to connect to the BTS (/tmp/pcu_bts). Retrying...[0;m
[1;32mTue Sep 29 22:32:44 2026 [1;31mDL1IF[0;m[1;32m [1;31mERROR[0;m[1;32m <0001> pcuif_sock.c:210 Failed to connect to the BTS (/tmp/pcu_bts). Retrying...[0;m
[1;32mTue Sep 29 22:32:49 2026 [1;31mDL1IF[0;m[1;32m [1;31mERROR[0;m[1;32m <0001> pcuif_sock.c:210 Failed to connect to the BTS (/tmp/pcu_bts). Retrying...[0;m
[1;32mTue Sep 29 22:32:54 2026 [1;33mDL1IF[0;m[1;32m [1;33mNOTICE[0;m[1;32m <0001> pcuif_sock.c:220 osmo-bts PCU socket /tmp/pcu_bts has been connected[0;m
[1;32mTue Sep 29 22:32:54 2026 [1;33mDL1IF[0;m[1;32m [1;33mNOTICE[0;m[1;32m <0001> pcu_l1_if.cpp:1246 Received message for new BTS0[0;m
[38;5;57mTue Sep 29 22:32:54 2026 [1;33mDLNS[0;m[38;5;57m [1;33mNOTICE[0;m[38;5;57m <0024> gprs_ns2.c:575 NSE(00010) NS-STATUS.ind(bvci=00000): cause=NSE recovery, transfer=100, first=1, mtu=65523[0;m
[1;35mTue Sep 29 22:32:54 2026 [1;33mDPCU[0;m[1;35m [1;33mNOTICE[0;m[1;35m <000d> gprs_bssgp_pcu.c:681 NS-NSE 10 became available[0;m
[38;5;59mTue Sep 29 22:32:54 2026 [1;33mDLBSSGP[0;m[38;5;59m [1;33mNOTICE[0;m[38;5;59m <0025> gprs_bssgp.c:124 BSSGP (BVCI=0) Tx BVC-RESET CAUSE=O&M intervention[0;m
[38;5;57mTue Sep 29 22:32:54 2026 [1;33mDLNS[0;m[38;5;57m [1;33mNOTICE[0;m[38;5;57m <0024> gprs_ns2.c:571 NSE(00010)-NSVC(00010) NS-STATUS.ind(bvci=00000): cause=NSVC recovery, transfer=100, first=0, mtu=65523[0;m
[38;5;59mTue Sep 29 22:32:54 2026 [1;33mDLBSSGP[0;m[38;5;59m [1;33mNOTICE[0;m[38;5;59m <0025> gprs_bssgp_pcu.c:421 Rx BSSGP BVCI=0 (SIGN) BVC_RESET_ACK[0;m
[38;5;59mTue Sep 29 22:32:54 2026 [1;33mDLBSSGP[0;m[38;5;59m [1;33mNOTICE[0;m[38;5;59m <0025> gprs_bssgp.c:124 BSSGP (BVCI=12) Tx BVC-RESET CAUSE=O&M intervention[0;m
[38;5;59mTue Sep 29 22:32:54 2026 [1;33mDLBSSGP[0;m[38;5;59m [1;33mNOTICE[0;m[38;5;59m <0025> gprs_bssgp_pcu.c:421 Rx BSSGP BVCI=0 (SIGN) BVC_RESET_ACK[0;m
[38;5;59mTue Sep 29 22:32:54 2026 [1;33mDLBSSGP[0;m[38;5;59m [1;33mNOTICE[0;m[38;5;59m <0025> gprs_bssgp_bss.c:281 BSSGP (BVCI=12) Tx BVC-UNBLOCK[0;m
[38;5;59mTue Sep 29 22:32:54 2026 [1;33mDLBSSGP[0;m[38;5;59m [1;33mNOTICE[0;m[38;5;59m <0025> gprs_bssgp_pcu.c:435 Rx BSSGP BVCI=0 (SIGN) BVC_UNBLOCK_ACK[0;m
[1;32mTue Sep 29 22:33:23 2026 [1;31mDL1IF[0;m[1;32m [1;31mERROR[0;m[1;32m <0001> pcuif_sock.c:123 pcu_sock_read: recv() failed with rc=0 errno=9[0;m
[1;32mTue Sep 29 22:33:23 2026 [1;33mDL1IF[0;m[1;32m [1;33mNOTICE[0;m[1;32m <0001> pcuif_sock.c:78 PCU socket has LOST connection[0;m
[38;5;57mTue Sep 29 22:33:23 2026 [1;33mDLNS[0;m[38;5;57m [1;33mNOTICE[0;m[38;5;57m <0024> gprs_ns2.c:575 NSE(00010) NS-STATUS.ind(bvci=00000): cause=NSE failure, transfer=0, first=0, mtu=65523[0;m
[1;35mTue Sep 29 22:33:23 2026 [1;33mDPCU[0;m[1;35m [1;33mNOTICE[0;m[1;35m <000d> gprs_bssgp_pcu.c:690 NS-NSE 10 became unavailable[0;m
[38;5;57mTue Sep 29 22:33:23 2026 [1;33mDLNS[0;m[38;5;57m [1;33mNOTICE[0;m[38;5;57m <0024> gprs_ns2.c:571 NSE(00010)-NSVC(00010) NS-STATUS.ind(bvci=00000): cause=NSVC failure, transfer=0, first=0, mtu=65523[0;m
Tue Sep 29 22:33:25 2026 [1;33mDLGLOBAL[0;m [1;33mNOTICE[0;m <0011> telnet_interface.c:88 Available via telnet 127.0.0.1 4240
[1;32mTue Sep 29 22:33:25 2026 [1;31mDL1IF[0;m[1;32m [1;31mERROR[0;m[1;32m <0001> pcuif_sock.c:210 Failed to connect to the BTS (/tmp/pcu_bts). Retrying...[0;m
Tue Sep 29 22:33:45 2026 [1;33mDLGLOBAL[0;m [1;33mNOTICE[0;m <0011> telnet_interface.c:88 Available via telnet 127.0.0.1 4240
[1;32mTue Sep 29 22:33:45 2026 [1;31mDL1IF[0;m[1;32m [1;31mERROR[0;m[1;32m <0001> pcuif_sock.c:210 Failed to connect to the BTS (/tmp/pcu_bts). Retrying...[0;m
[1;32mTue Sep 29 22:33:50 2026 [1;31mDL1IF[0;m[1;32m [1;31mERROR[0;m[1;32m <0001> pcuif_sock.c:210 Failed to connect to the BTS (/tmp/pcu_bts). Retrying...[0;m
[1;32mTue Sep 29 22:33:55 2026 [1;31mDL1IF[0;m[1;32m [1;31mERROR[0;m[1;32m <0001> pcuif_sock.c:210 Failed to connect to the BTS (/tmp/pcu_bts). Retrying...[0;m
[1;32mTue Sep 29 22:34:00 2026 [1;31mDL1IF[0;m[1;32m [1;31mERROR[0;m[1;32m <0001> pcuif_sock.c:210 Failed to connect to the BTS (/tmp/pcu_bts). Retrying...[0;m
[1;32mTue Sep 29 22:34:05 2026 [1;33mDL1IF[0;m[1;32m [1;33mNOTICE[0;m[1;32m <0001> pcuif_sock.c:220 osmo-bts PCU socket /tmp/pcu_bts has been connected[0;m
[1;32mTue Sep 29 22:34:05 2026 [1;33mDL1IF[0;m[1;32m [1;33mNOTICE[0;m[1;32m <0001> pcu_l1_if.cpp:1246 Received message for new BTS0[0;m
[38;5;57mTue Sep 29 22:34:05 2026 [1;33mDLNS[0;m[38;5;57m [1;33mNOTICE[0;m[38;5;57m <0024> gprs_ns2.c:575 NSE(00010) NS-STATUS.ind(bvci=00000): cause=NSE recovery, transfer=100, first=1, mtu=65523[0;m
[1;35mTue Sep 29 22:34:05 2026 [1;33mDPCU[0;m[1;35m [1;33mNOTICE[0;m[1;35m <000d> gprs_bssgp_pcu.c:681 NS-NSE 10 became available[0;m
[38;5;59mTue Sep 29 22:34:05 2026 [1;33mDLBSSGP[0;m[38;5;59m [1;33mNOTICE[0;m[38;5;59m <0025> gprs_bssgp.c:124 BSSGP (BVCI=0) Tx BVC-RESET CAUSE=O&M intervention[0;m
[38;5;57mTue Sep 29 22:34:05 2026 [1;33mDLNS[0;m[38;5;57m [1;33mNOTICE[0;m[38;5;57m <0024> gprs_ns2.c:571 NSE(00010)-NSVC(00010) NS-STATUS.ind(bvci=00000): cause=NSVC recovery, transfer=100, first=0, mtu=65523[0;m
[38;5;59mTue Sep 29 22:34:05 2026 [1;33mDLBSSGP[0;m[38;5;59m [1;33mNOTICE[0;m[38;5;59m <0025> gprs_bssgp_pcu.c:421 Rx BSSGP BVCI=0 (SIGN) BVC_RESET_ACK[0;m
[38;5;59mTue Sep 29 22:34:05 2026 [1;33mDLBSSGP[0;m[38;5;59m [1;33mNOTICE[0;m[38;5;59m <0025> gprs_bssgp.c:124 BSSGP (BVCI=12) Tx BVC-RESET CAUSE=O&M intervention[0;m
[38;5;59mTue Sep 29 22:34:05 2026 [1;33mDLBSSGP[0;m[38;5;59m [1;33mNOTICE[0;m[38;5;59m <0025> gprs_bssgp_pcu.c:421 Rx BSSGP BVCI=0 (SIGN) BVC_RESET_ACK[0;m
[38;5;59mTue Sep 29 22:34:05 2026 [1;33mDLBSSGP[0;m[38;5;59m [1;33mNOTICE[0;m[38;5;59m <0025> gprs_bssgp_bss.c:281 BSSGP (BVCI=12) Tx BVC-UNBLOCK[0;m
[38;5;59mTue Sep 29 22:34:05 2026 [1;33mDLBSSGP[0;m[38;5;59m [1;33mNOTICE[0;m[38;5;59m <0025> gprs_bssgp_pcu.c:435 Rx BSSGP BVCI=0 (SIGN) BVC_UNBLOCK_ACK[0;m
[1;32mTue Sep 29 22:37:54 2026 [1;31mDL1IF[0;m[1;32m [1;31mERROR[0;m[1;32m <0001> pcuif_sock.c:123 pcu_sock_read: recv() failed with rc=0 errno=9[0;m
[1;32mTue Sep 29 22:37:54 2026 [1;33mDL1IF[0;m[1;32m [1;33mNOTICE[0;m[1;32m <0001> pcuif_sock.c:78 PCU socket has LOST connection[0;m
[38;5;57mTue Sep 29 22:37:54 2026 [1;33mDLNS[0;m[38;5;57m [1;33mNOTICE[0;m[38;5;57m <0024> gprs_ns2.c:575 NSE(00010) NS-STATUS.ind(bvci=00000): cause=NSE failure, transfer=0, first=0, mtu=65523[0;m
[1;35mTue Sep 29 22:37:54 2026 [1;33mDPCU[0;m[1;35m [1;33mNOTICE[0;m[1;35m <000d> gprs_bssgp_pcu.c:690 NS-NSE 10 became unavailable[0;m
[38;5;57mTue Sep 29 22:37:54 2026 [1;33mDLNS[0;m[38;5;57m [1;33mNOTICE[0;m[38;5;57m <0024> gprs_ns2.c:571 NSE(00010)-NSVC(00010) NS-STATUS.ind(bvci=00000): cause=NSVC failure, transfer=0, first=0, mtu=65523[0;m
Tue Sep 29 22:37:56 2026 [1;33mDLGLOBAL[0;m [1;33mNOTICE[0;m <0011> telnet_interface.c:88 Available via telnet 127.0.0.1 4240
[1;32mTue Sep 29 22:37:56 2026 [1;31mDL1IF[0;m[1;32m [1;31mERROR[0;m[1;32m <0001> pcuif_sock.c:210 Failed to connect to the BTS (/tmp/pcu_bts). Retrying...[0;m
Tue Sep 29 22:38:17 2026 [1;33mDLGLOBAL[0;m [1;33mNOTICE[0;m <0011> telnet_interface.c:88 Available via telnet 127.0.0.1 4240
[1;32mTue Sep 29 22:38:17 2026 [1;31mDL1IF[0;m[1;32m [1;31mERROR[0;m[1;32m <0001> pcuif_sock.c:210 Failed to connect to the BTS (/tmp/pcu_bts). Retrying...[0;m
[1;32mTue Sep 29 22:38:22 2026 [1;31mDL1IF[0;m[1;32m [1;31mERROR[0;m[1;32m <0001> pcuif_sock.c:210 Failed to connect to the BTS (/tmp/pcu_bts). Retrying...[0;m
[1;32mTue Sep 29 22:38:27 2026 [1;31mDL1IF[0;m[1;32m [1;31mERROR[0;m[1;32m <0001> pcuif_sock.c:210 Failed to connect to the BTS (/tmp/pcu_bts). Retrying...[0;m
[1;32mTue Sep 29 22:38:32 2026 [1;31mDL1IF[0;m[1;32m [1;31mERROR[0;m[1;32m <0001> pcuif_sock.c:210 Failed to connect to the BTS (/tmp/pcu_bts). Retrying...[0;m
[1;32mTue Sep 29 22:38:37 2026 [1;33mDL1IF[0;m[1;32m [1;33mNOTICE[0;m[1;32m <0001> pcuif_sock.c:220 osmo-bts PCU socket /tmp/pcu_bts has been connected[0;m
[1;32mTue Sep 29 22:38:37 2026 [1;33mDL1IF[0;m[1;32m [1;33mNOTICE[0;m[1;32m <0001> pcu_l1_if.cpp:1246 Received message for new BTS0[0;m
[38;5;57mTue Sep 29 22:38:37 2026 [1;33mDLNS[0;m[38;5;57m [1;33mNOTICE[0;m[38;5;57m <0024> gprs_ns2.c:575 NSE(00010) NS-STATUS.ind(bvci=00000): cause=NSE recovery, transfer=100, first=1, mtu=65523[0;m
[1;35mTue Sep 29 22:38:37 2026 [1;33mDPCU[0;m[1;35m [1;33mNOTICE[0;m[1;35m <000d> gprs_bssgp_pcu.c:681 NS-NSE 10 became available[0;m
[38;5;59mTue Sep 29 22:38:37 2026 [1;33mDLBSSGP[0;m[38;5;59m [1;33mNOTICE[0;m[38;5;59m <0025> gprs_bssgp.c:124 BSSGP (BVCI=0) Tx BVC-RESET CAUSE=O&M intervention[0;m
[38;5;57mTue Sep 29 22:38:37 2026 [1;33mDLNS[0;m[38;5;57m [1;33mNOTICE[0;m[38;5;57m <0024> gprs_ns2.c:571 NSE(00010)-NSVC(00010) NS-STATUS.ind(bvci=00000): cause=NSVC recovery, transfer=100, first=0, mtu=65523[0;m
[38;5;59mTue Sep 29 22:38:37 2026 [1;33mDLBSSGP[0;m[38;5;59m [1;33mNOTICE[0;m[38;5;59m <0025> gprs_bssgp_pcu.c:421 Rx BSSGP BVCI=0 (SIGN) BVC_RESET_ACK[0;m
[38;5;59mTue Sep 29 22:38:37 2026 [1;33mDLBSSGP[0;m[38;5;59m [1;33mNOTICE[0;m[38;5;59m <0025> gprs_bssgp.c:124 BSSGP (BVCI=12) Tx BVC-RESET CAUSE=O&M intervention[0;m
[38;5;59mTue Sep 29 22:38:37 2026 [1;33mDLBSSGP[0;m[38;5;59m [1;33mNOTICE[0;m[38;5;59m <0025> gprs_bssgp_pcu.c:421 Rx BSSGP BVCI=0 (SIGN) BVC_RESET_ACK[0;m
[38;5;59mTue Sep 29 22:38:37 2026 [1;33mDLBSSGP[0;m[38;5;59m [1;33mNOTICE[0;m[38;5;59m <0025> gprs_bssgp_bss.c:281 BSSGP (BVCI=12) Tx BVC-UNBLOCK[0;m
[38;5;59mTue Sep 29 22:38:37 2026 [1;33mDLBSSGP[0;m[38;5;59m [1;33mNOTICE[0;m[38;5;59m <0025> gprs_bssgp_pcu.c:435 Rx BSSGP BVCI=0 (SIGN) BVC_UNBLOCK_ACK[0;m
[1;32mTue Sep 29 23:34:04 2026 [1;31mDL1IF[0;m[1;32m [1;31mERROR[0;m[1;32m <0001> pcuif_sock.c:123 pcu_sock_read: recv() failed with rc=0 errno=9[0;m
[1;32mTue Sep 29 23:34:04 2026 [1;33mDL1IF[0;m[1;32m [1;33mNOTICE[0;m[1;32m <0001> pcuif_sock.c:78 PCU socket has LOST connection[0;m
[38;5;57mTue Sep 29 23:34:04 2026 [1;33mDLNS[0;m[38;5;57m [1;33mNOTICE[0;m[38;5;57m <0024> gprs_ns2.c:575 NSE(00010) NS-STATUS.ind(bvci=00000): cause=NSE failure, transfer=0, first=0, mtu=65523[0;m
[1;35mTue Sep 29 23:34:04 2026 [1;33mDPCU[0;m[1;35m [1;33mNOTICE[0;m[1;35m <000d> gprs_bssgp_pcu.c:690 NS-NSE 10 became unavailable[0;m
[38;5;57mTue Sep 29 23:34:04 2026 [1;33mDLNS[0;m[38;5;57m [1;33mNOTICE[0;m[38;5;57m <0024> gprs_ns2.c:571 NSE(00010)-NSVC(00010) NS-STATUS.ind(bvci=00000): cause=NSVC failure, transfer=0, first=0, mtu=65523[0;m
Tue Sep 29 23:34:06 2026 [1;33mDLGLOBAL[0;m [1;33mNOTICE[0;m <0011> telnet_interface.c:88 Available via telnet 127.0.0.1 4240
[1;32mTue Sep 29 23:34:06 2026 [1;31mDL1IF[0;m[1;32m [1;31mERROR[0;m[1;32m <0001> pcuif_sock.c:210 Failed to connect to the BTS (/tmp/pcu_bts). Retrying...[0;m
Tue Sep 29 23:34:27 2026 [1;33mDLGLOBAL[0;m [1;33mNOTICE[0;m <0011> telnet_interface.c:88 Available via telnet 127.0.0.1 4240
[1;32mTue Sep 29 23:34:27 2026 [1;31mDL1IF[0;m[1;32m [1;31mERROR[0;m[1;32m <0001> pcuif_sock.c:210 Failed to connect to the BTS (/tmp/pcu_bts). Retrying...[0;m
[1;32mTue Sep 29 23:34:32 2026 [1;31mDL1IF[0;m[1;32m [1;31mERROR[0;m[1;32m <0001> pcuif_sock.c:210 Failed to connect to the BTS (/tmp/pcu_bts). Retrying...[0;m
[1;32mTue Sep 29 23:34:37 2026 [1;31mDL1IF[0;m[1;32m [1;31mERROR[0;m[1;32m <0001> pcuif_sock.c:210 Failed to connect to the BTS (/tmp/pcu_bts). Retrying...[0;m
[1;32mTue Sep 29 23:34:42 2026 [1;31mDL1IF[0;m[1;32m [1;31mERROR[0;m[1;32m <0001> pcuif_sock.c:210 Failed to connect to the BTS (/tmp/pcu_bts). Retrying...[0;m
[1;32mTue Sep 29 23:34:47 2026 [1;33mDL1IF[0;m[1;32m [1;33mNOTICE[0;m[1;32m <0001> pcuif_sock.c:220 osmo-bts PCU socket /tmp/pcu_bts has been connected[0;m
[1;32mTue Sep 29 23:34:47 2026 [1;33mDL1IF[0;m[1;32m [1;33mNOTICE[0;m[1;32m <0001> pcu_l1_if.cpp:1246 Received message for new BTS0[0;m
[38;5;57mTue Sep 29 23:34:47 2026 [1;33mDLNS[0;m[38;5;57m [1;33mNOTICE[0;m[38;5;57m <0024> gprs_ns2.c:575 NSE(00010) NS-STATUS.ind(bvci=00000): cause=NSE recovery, transfer=100, first=1, mtu=65523[0;m
[1;35mTue Sep 29 23:34:47 2026 [1;33mDPCU[0;m[1;35m [1;33mNOTICE[0;m[1;35m <000d> gprs_bssgp_pcu.c:681 NS-NSE 10 became available[0;m
[38;5;59mTue Sep 29 23:34:47 2026 [1;33mDLBSSGP[0;m[38;5;59m [1;33mNOTICE[0;m[38;5;59m <0025> gprs_bssgp.c:124 BSSGP (BVCI=0) Tx BVC-RESET CAUSE=O&M intervention[0;m
[38;5;57mTue Sep 29 23:34:47 2026 [1;33mDLNS[0;m[38;5;57m [1;33mNOTICE[0;m[38;5;57m <0024> gprs_ns2.c:571 NSE(00010)-NSVC(00010) NS-STATUS.ind(bvci=00000): cause=NSVC recovery, transfer=100, first=0, mtu=65523[0;m
[38;5;59mTue Sep 29 23:34:47 2026 [1;33mDLBSSGP[0;m[38;5;59m [1;33mNOTICE[0;m[38;5;59m <0025> gprs_bssgp_pcu.c:421 Rx BSSGP BVCI=0 (SIGN) BVC_RESET_ACK[0;m
[38;5;59mTue Sep 29 23:34:47 2026 [1;33mDLBSSGP[0;m[38;5;59m [1;33mNOTICE[0;m[38;5;59m <0025> gprs_bssgp.c:124 BSSGP (BVCI=12) Tx BVC-RESET CAUSE=O&M intervention[0;m
[38;5;59mTue Sep 29 23:34:47 2026 [1;33mDLBSSGP[0;m[38;5;59m [1;33mNOTICE[0;m[38;5;59m <0025> gprs_bssgp_pcu.c:421 Rx BSSGP BVCI=0 (SIGN) BVC_RESET_ACK[0;m
[38;5;59mTue Sep 29 23:34:47 2026 [1;33mDLBSSGP[0;m[38;5;59m [1;33mNOTICE[0;m[38;5;59m <0025> gprs_bssgp_bss.c:281 BSSGP (BVCI=12) Tx BVC-UNBLOCK[0;m
[38;5;59mTue Sep 29 23:34:47 2026 [1;33mDLBSSGP[0;m[38;5;59m [1;33mNOTICE[0;m[38;5;59m <0025> gprs_bssgp_pcu.c:435 Rx BSSGP BVCI=0 (SIGN) BVC_UNBLOCK_ACK[0;m
[1;32mTue Sep 29 23:39:08 2026 [1;31mDL1IF[0;m[1;32m [1;31mERROR[0;m[1;32m <0001> pcuif_sock.c:123 pcu_sock_read: recv() failed with rc=0 errno=9[0;m
[1;32mTue Sep 29 23:39:08 2026 [1;33mDL1IF[0;m[1;32m [1;33mNOTICE[0;m[1;32m <0001> pcuif_sock.c:78 PCU socket has LOST connection[0;m
[38;5;57mTue Sep 29 23:39:08 2026 [1;33mDLNS[0;m[38;5;57m [1;33mNOTICE[0;m[38;5;57m <0024> gprs_ns2.c:575 NSE(00010) NS-STATUS.ind(bvci=00000): cause=NSE failure, transfer=0, first=0, mtu=65523[0;m
[1;35mTue Sep 29 23:39:08 2026 [1;33mDPCU[0;m[1;35m [1;33mNOTICE[0;m[1;35m <000d> gprs_bssgp_pcu.c:690 NS-NSE 10 became unavailable[0;m
[38;5;57mTue Sep 29 23:39:08 2026 [1;33mDLNS[0;m[38;5;57m [1;33mNOTICE[0;m[38;5;57m <0024> gprs_ns2.c:571 NSE(00010)-NSVC(00010) NS-STATUS.ind(bvci=00000): cause=NSVC failure, transfer=0, first=0, mtu=65523[0;m
Tue Sep 29 23:39:10 2026 [1;33mDLGLOBAL[0;m [1;33mNOTICE[0;m <0011> telnet_interface.c:88 Available via telnet 127.0.0.1 4240
[1;32mTue Sep 29 23:39:10 2026 [1;31mDL1IF[0;m[1;32m [1;31mERROR[0;m[1;32m <0001> pcuif_sock.c:210 Failed to connect to the BTS (/tmp/pcu_bts). Retrying...[0;m
Tue Sep 29 23:39:32 2026 [1;33mDLGLOBAL[0;m [1;33mNOTICE[0;m <0011> telnet_interface.c:88 Available via telnet 127.0.0.1 4240
[1;32mTue Sep 29 23:39:32 2026 [1;31mDL1IF[0;m[1;32m [1;31mERROR[0;m[1;32m <0001> pcuif_sock.c:210 Failed to connect to the BTS (/tmp/pcu_bts). Retrying...[0;m
[1;32mTue Sep 29 23:39:37 2026 [1;31mDL1IF[0;m[1;32m [1;31mERROR[0;m[1;32m <0001> pcuif_sock.c:210 Failed to connect to the BTS (/tmp/pcu_bts). Retrying...[0;m
[1;32mTue Sep 29 23:39:42 2026 [1;31mDL1IF[0;m[1;32m [1;31mERROR[0;m[1;32m <0001> pcuif_sock.c:210 Failed to connect to the BTS (/tmp/pcu_bts). Retrying...[0;m
[1;32mTue Sep 29 23:39:47 2026 [1;31mDL1IF[0;m[1;32m [1;31mERROR[0;m[1;32m <0001> pcuif_sock.c:210 Failed to connect to the BTS (/tmp/pcu_bts). Retrying...[0;m
[1;32mTue Sep 29 23:39:52 2026 [1;31mDL1IF[0;m[1;32m [1;31mERROR[0;m[1;32m <0001> pcuif_sock.c:210 Failed to connect to the BTS (/tmp/pcu_bts). Retrying...[0;m
[1;32mTue Sep 29 23:39:57 2026 [1;31mDL1IF[0;m[1;32m [1;31mERROR[0;m[1;32m <0001> pcuif_sock.c:210 Failed to connect to the BTS (/tmp/pcu_bts). Retrying...[0;m
[1;32mTue Sep 29 23:40:02 2026 [1;31mDL1IF[0;m[1;32m [1;31mERROR[0;m[1;32m <0001> pcuif_sock.c:210 Failed to connect to the BTS (/tmp/pcu_bts). Retrying...[0;m
[1;32mTue Sep 29 23:40:07 2026 [1;31mDL1IF[0;m[1;32m [1;31mERROR[0;m[1;32m <0001> pcuif_sock.c:210 Failed to connect to the BTS (/tmp/pcu_bts). Retrying...[0;m
[1;32mTue Sep 29 23:40:12 2026 [1;31mDL1IF[0;m[1;32m [1;31mERROR[0;m[1;32m <0001> pcuif_sock.c:210 Failed to connect to the BTS (/tmp/pcu_bts). Retrying...[0;m
[1;32mTue Sep 29 23:40:17 2026 [1;31mDL1IF[0;m[1;32m [1;31mERROR[0;m[1;32m <0001> pcuif_sock.c:210 Failed to connect to the BTS (/tmp/pcu_bts). Retrying...[0;m
[1;32mTue Sep 29 23:40:22 2026 [1;31mDL1IF[0;m[1;32m [1;31mERROR[0;m[1;32m <0001> pcuif_sock.c:210 Failed to connect to the BTS (/tmp/pcu_bts). Retrying...[0;m
[1;32mTue Sep 29 23:40:27 2026 [1;31mDL1IF[0;m[1;32m [1;31mERROR[0;m[1;32m <0001> pcuif_sock.c:210 Failed to connect to the BTS (/tmp/pcu_bts). Retrying...[0;m
[1;32mTue Sep 29 23:40:32 2026 [1;31mDL1IF[0;m[1;32m [1;31mERROR[0;m[1;32m <0001> pcuif_sock.c:210 Failed to connect to the BTS (/tmp/pcu_bts). Retrying...[0;m
[1;32mTue Sep 29 23:40:37 2026 [1;31mDL1IF[0;m[1;32m [1;31mERROR[0;m[1;32m <0001> pcuif_sock.c:210 Failed to connect to the BTS (/tmp/pcu_bts). Retrying...[0;m
[1;32mTue Sep 29 23:40:42 2026 [1;31mDL1IF[0;m[1;32m [1;31mERROR[0;m[1;32m <0001> pcuif_sock.c:210 Failed to connect to the BTS (/tmp/pcu_bts). Retrying...[0;m
[1;32mTue Sep 29 23:40:47 2026 [1;31mDL1IF[0;m[1;32m [1;31mERROR[0;m[1;32m <0001> pcuif_sock.c:210 Failed to connect to the BTS (/tmp/pcu_bts). Retrying...[0;m
[1;32mTue Sep 29 23:40:52 2026 [1;31mDL1IF[0;m[1;32m [1;31mERROR[0;m[1;32m <0001> pcuif_sock.c:210 Failed to connect to the BTS (/tmp/pcu_bts). Retrying...[0;m
[1;32mTue Sep 29 23:40:57 2026 [1;31mDL1IF[0;m[1;32m [1;31mERROR[0;m[1;32m <0001> pcuif_sock.c:210 Failed to connect to the BTS (/tmp/pcu_bts). Retrying...[0;m
[1;32mTue Sep 29 23:41:02 2026 [1;31mDL1IF[0;m[1;32m [1;31mERROR[0;m[1;32m <0001> pcuif_sock.c:210 Failed to connect to the BTS (/tmp/pcu_bts). Retrying...[0;m
[1;32mTue Sep 29 23:41:07 2026 [1;31mDL1IF[0;m[1;32m [1;31mERROR[0;m[1;32m <0001> pcuif_sock.c:210 Failed to connect to the BTS (/tmp/pcu_bts). Retrying...[0;m
[1;32mTue Sep 29 23:41:12 2026 [1;31mDL1IF[0;m[1;32m [1;31mERROR[0;m[1;32m <0001> pcuif_sock.c:210 Failed to connect to the BTS (/tmp/pcu_bts). Retrying...[0;m
[1;32mTue Sep 29 23:41:17 2026 [1;31mDL1IF[0;m[1;32m [1;31mERROR[0;m[1;32m <0001> pcuif_sock.c:210 Failed to connect to the BTS (/tmp/pcu_bts). Retrying...[0;m
[1;32mTue Sep 29 23:41:22 2026 [1;31mDL1IF[0;m[1;32m [1;31mERROR[0;m[1;32m <0001> pcuif_sock.c:210 Failed to connect to the BTS (/tmp/pcu_bts). Retrying...[0;m
[1;32mTue Sep 29 23:41:27 2026 [1;31mDL1IF[0;m[1;32m [1;31mERROR[0;m[1;32m <0001> pcuif_sock.c:210 Failed to connect to the BTS (/tmp/pcu_bts). Retrying...[0;m
[1;32mTue Sep 29 23:41:32 2026 [1;31mDL1IF[0;m[1;32m [1;31mERROR[0;m[1;32m <0001> pcuif_sock.c:210 Failed to connect to the BTS (/tmp/pcu_bts). Retrying...[0;m
[1;32mTue Sep 29 23:41:37 2026 [1;31mDL1IF[0;m[1;32m [1;31mERROR[0;m[1;32m <0001> pcuif_sock.c:210 Failed to connect to the BTS (/tmp/pcu_bts). Retrying...[0;m
[1;32mTue Sep 29 23:41:42 2026 [1;31mDL1IF[0;m[1;32m [1;31mERROR[0;m[1;32m <0001> pcuif_sock.c:210 Failed to connect to the BTS (/tmp/pcu_bts). Retrying...[0;m
[1;32mTue Sep 29 23:41:47 2026 [1;31mDL1IF[0;m[1;32m [1;31mERROR[0;m[1;32m <0001> pcuif_sock.c:210 Failed to connect to the BTS (/tmp/pcu_bts). Retrying...[0;m
[1;32mTue Sep 29 23:41:52 2026 [1;31mDL1IF[0;m[1;32m [1;31mERROR[0;m[1;32m <0001> pcuif_sock.c:210 Failed to connect to the BTS (/tmp/pcu_bts). Retrying...[0;m
[1;32mTue Sep 29 23:41:57 2026 [1;31mDL1IF[0;m[1;32m [1;31mERROR[0;m[1;32m <0001> pcuif_sock.c:210 Failed to connect to the BTS (/tmp/pcu_bts). Retrying...[0;m
Tue Sep 29 23:42:19 2026 [1;33mDLGLOBAL[0;m [1;33mNOTICE[0;m <0011> telnet_interface.c:88 Available via telnet 127.0.0.1 4240
[1;32mTue Sep 29 23:42:19 2026 [1;31mDL1IF[0;m[1;32m [1;31mERROR[0;m[1;32m <0001> pcuif_sock.c:210 Failed to connect to the BTS (/tmp/pcu_bts). Retrying...[0;m
[1;32mTue Sep 29 23:42:24 2026 [1;31mDL1IF[0;m[1;32m [1;31mERROR[0;m[1;32m <0001> pcuif_sock.c:210 Failed to connect to the BTS (/tmp/pcu_bts). Retrying...[0;m
[1;32mTue Sep 29 23:42:29 2026 [1;31mDL1IF[0;m[1;32m [1;31mERROR[0;m[1;32m <0001> pcuif_sock.c:210 Failed to connect to the BTS (/tmp/pcu_bts). Retrying...[0;m
[1;32mTue Sep 29 23:42:34 2026 [1;31mDL1IF[0;m[1;32m [1;31mERROR[0;m[1;32m <0001> pcuif_sock.c:210 Failed to connect to the BTS (/tmp/pcu_bts). Retrying...[0;m
[1;32mTue Sep 29 23:42:39 2026 [1;33mDL1IF[0;m[1;32m [1;33mNOTICE[0;m[1;32m <0001> pcuif_sock.c:220 osmo-bts PCU socket /tmp/pcu_bts has been connected[0;m
[1;32mTue Sep 29 23:42:39 2026 [1;33mDL1IF[0;m[1;32m [1;33mNOTICE[0;m[1;32m <0001> pcu_l1_if.cpp:1246 Received message for new BTS0[0;m
[38;5;57mTue Sep 29 23:42:39 2026 [1;33mDLNS[0;m[38;5;57m [1;33mNOTICE[0;m[38;5;57m <0024> gprs_ns2.c:575 NSE(00010) NS-STATUS.ind(bvci=00000): cause=NSE recovery, transfer=100, first=1, mtu=65523[0;m
[1;35mTue Sep 29 23:42:39 2026 [1;33mDPCU[0;m[1;35m [1;33mNOTICE[0;m[1;35m <000d> gprs_bssgp_pcu.c:681 NS-NSE 10 became available[0;m
[38;5;59mTue Sep 29 23:42:39 2026 [1;33mDLBSSGP[0;m[38;5;59m [1;33mNOTICE[0;m[38;5;59m <0025> gprs_bssgp.c:124 BSSGP (BVCI=0) Tx BVC-RESET CAUSE=O&M intervention[0;m
[38;5;57mTue Sep 29 23:42:39 2026 [1;33mDLNS[0;m[38;5;57m [1;33mNOTICE[0;m[38;5;57m <0024> gprs_ns2.c:571 NSE(00010)-NSVC(00010) NS-STATUS.ind(bvci=00000): cause=NSVC recovery, transfer=100, first=0, mtu=65523[0;m
[38;5;59mTue Sep 29 23:42:39 2026 [1;33mDLBSSGP[0;m[38;5;59m [1;33mNOTICE[0;m[38;5;59m <0025> gprs_bssgp_pcu.c:421 Rx BSSGP BVCI=0 (SIGN) BVC_RESET_ACK[0;m
[38;5;59mTue Sep 29 23:42:39 2026 [1;33mDLBSSGP[0;m[38;5;59m [1;33mNOTICE[0;m[38;5;59m <0025> gprs_bssgp.c:124 BSSGP (BVCI=12) Tx BVC-RESET CAUSE=O&M intervention[0;m
[38;5;59mTue Sep 29 23:42:39 2026 [1;33mDLBSSGP[0;m[38;5;59m [1;33mNOTICE[0;m[38;5;59m <0025> gprs_bssgp_pcu.c:421 Rx BSSGP BVCI=0 (SIGN) BVC_RESET_ACK[0;m
[38;5;59mTue Sep 29 23:42:39 2026 [1;33mDLBSSGP[0;m[38;5;59m [1;33mNOTICE[0;m[38;5;59m <0025> gprs_bssgp_bss.c:281 BSSGP (BVCI=12) Tx BVC-UNBLOCK[0;m
[38;5;59mTue Sep 29 23:42:39 2026 [1;33mDLBSSGP[0;m[38;5;59m [1;33mNOTICE[0;m[38;5;59m <0025> gprs_bssgp_pcu.c:435 Rx BSSGP BVCI=0 (SIGN) BVC_UNBLOCK_ACK[0;m
[1;32mTue Sep 29 23:49:58 2026 [1;31mDL1IF[0;m[1;32m [1;31mERROR[0;m[1;32m <0001> pcuif_sock.c:123 pcu_sock_read: recv() failed with rc=0 errno=9[0;m
[1;32mTue Sep 29 23:49:58 2026 [1;33mDL1IF[0;m[1;32m [1;33mNOTICE[0;m[1;32m <0001> pcuif_sock.c:78 PCU socket has LOST connection[0;m
[38;5;57mTue Sep 29 23:49:58 2026 [1;33mDLNS[0;m[38;5;57m [1;33mNOTICE[0;m[38;5;57m <0024> gprs_ns2.c:575 NSE(00010) NS-STATUS.ind(bvci=00000): cause=NSE failure, transfer=0, first=0, mtu=65523[0;m
[1;35mTue Sep 29 23:49:58 2026 [1;33mDPCU[0;m[1;35m [1;33mNOTICE[0;m[1;35m <000d> gprs_bssgp_pcu.c:690 NS-NSE 10 became unavailable[0;m
[38;5;57mTue Sep 29 23:49:58 2026 [1;33mDLNS[0;m[38;5;57m [1;33mNOTICE[0;m[38;5;57m <0024> gprs_ns2.c:571 NSE(00010)-NSVC(00010) NS-STATUS.ind(bvci=00000): cause=NSVC failure, transfer=0, first=0, mtu=65523[0;m
Tue Sep 29 23:50:00 2026 [1;33mDLGLOBAL[0;m [1;33mNOTICE[0;m <0011> telnet_interface.c:88 Available via telnet 127.0.0.1 4240
[1;32mTue Sep 29 23:50:00 2026 [1;31mDL1IF[0;m[1;32m [1;31mERROR[0;m[1;32m <0001> pcuif_sock.c:210 Failed to connect to the BTS (/tmp/pcu_bts). Retrying...[0;m
Tue Sep 29 23:50:22 2026 [1;33mDLGLOBAL[0;m [1;33mNOTICE[0;m <0011> telnet_interface.c:88 Available via telnet 127.0.0.1 4240
[1;32mTue Sep 29 23:50:22 2026 [1;31mDL1IF[0;m[1;32m [1;31mERROR[0;m[1;32m <0001> pcuif_sock.c:210 Failed to connect to the BTS (/tmp/pcu_bts). Retrying...[0;m
[1;32mTue Sep 29 23:50:27 2026 [1;31mDL1IF[0;m[1;32m [1;31mERROR[0;m[1;32m <0001> pcuif_sock.c:210 Failed to connect to the BTS (/tmp/pcu_bts). Retrying...[0;m
[1;32mTue Sep 29 23:50:32 2026 [1;31mDL1IF[0;m[1;32m [1;31mERROR[0;m[1;32m <0001> pcuif_sock.c:210 Failed to connect to the BTS (/tmp/pcu_bts). Retrying...[0;m
[1;32mTue Sep 29 23:50:37 2026 [1;31mDL1IF[0;m[1;32m [1;31mERROR[0;m[1;32m <0001> pcuif_sock.c:210 Failed to connect to the BTS (/tmp/pcu_bts). Retrying...[0;m
[1;32mTue Sep 29 23:50:42 2026 [1;33mDL1IF[0;m[1;32m [1;33mNOTICE[0;m[1;32m <0001> pcuif_sock.c:220 osmo-bts PCU socket /tmp/pcu_bts has been connected[0;m
[1;32mTue Sep 29 23:50:42 2026 [1;33mDL1IF[0;m[1;32m [1;33mNOTICE[0;m[1;32m <0001> pcu_l1_if.cpp:1246 Received message for new BTS0[0;m
[38;5;57mTue Sep 29 23:50:42 2026 [1;33mDLNS[0;m[38;5;57m [1;33mNOTICE[0;m[38;5;57m <0024> gprs_ns2.c:575 NSE(00010) NS-STATUS.ind(bvci=00000): cause=NSE recovery, transfer=100, first=1, mtu=65523[0;m
[1;35mTue Sep 29 23:50:42 2026 [1;33mDPCU[0;m[1;35m [1;33mNOTICE[0;m[1;35m <000d> gprs_bssgp_pcu.c:681 NS-NSE 10 became available[0;m
[38;5;59mTue Sep 29 23:50:42 2026 [1;33mDLBSSGP[0;m[38;5;59m [1;33mNOTICE[0;m[38;5;59m <0025> gprs_bssgp.c:124 BSSGP (BVCI=0) Tx BVC-RESET CAUSE=O&M intervention[0;m
[38;5;57mTue Sep 29 23:50:42 2026 [1;33mDLNS[0;m[38;5;57m [1;33mNOTICE[0;m[38;5;57m <0024> gprs_ns2.c:571 NSE(00010)-NSVC(00010) NS-STATUS.ind(bvci=00000): cause=NSVC recovery, transfer=100, first=0, mtu=65523[0;m
[38;5;59mTue Sep 29 23:50:42 2026 [1;33mDLBSSGP[0;m[38;5;59m [1;33mNOTICE[0;m[38;5;59m <0025> gprs_bssgp_pcu.c:421 Rx BSSGP BVCI=0 (SIGN) BVC_RESET_ACK[0;m
[38;5;59mTue Sep 29 23:50:42 2026 [1;33mDLBSSGP[0;m[38;5;59m [1;33mNOTICE[0;m[38;5;59m <0025> gprs_bssgp.c:124 BSSGP (BVCI=12) Tx BVC-RESET CAUSE=O&M intervention[0;m
[38;5;59mTue Sep 29 23:50:42 2026 [1;33mDLBSSGP[0;m[38;5;59m [1;33mNOTICE[0;m[38;5;59m <0025> gprs_bssgp_pcu.c:421 Rx BSSGP BVCI=0 (SIGN) BVC_RESET_ACK[0;m
[38;5;59mTue Sep 29 23:50:42 2026 [1;33mDLBSSGP[0;m[38;5;59m [1;33mNOTICE[0;m[38;5;59m <0025> gprs_bssgp_bss.c:281 BSSGP (BVCI=12) Tx BVC-UNBLOCK[0;m
[38;5;59mTue Sep 29 23:50:42 2026 [1;33mDLBSSGP[0;m[38;5;59m [1;33mNOTICE[0;m[38;5;59m <0025> gprs_bssgp_pcu.c:435 Rx BSSGP BVCI=0 (SIGN) BVC_UNBLOCK_ACK[0;m
[1;32mWed Sep 30 00:07:30 2026 [1;31mDL1IF[0;m[1;32m [1;31mERROR[0;m[1;32m <0001> pcuif_sock.c:123 pcu_sock_read: recv() failed with rc=0 errno=9[0;m
[1;32mWed Sep 30 00:07:30 2026 [1;33mDL1IF[0;m[1;32m [1;33mNOTICE[0;m[1;32m <0001> pcuif_sock.c:78 PCU socket has LOST connection[0;m
[38;5;57mWed Sep 30 00:07:30 2026 [1;33mDLNS[0;m[38;5;57m [1;33mNOTICE[0;m[38;5;57m <0024> gprs_ns2.c:575 NSE(00010) NS-STATUS.ind(bvci=00000): cause=NSE failure, transfer=0, first=0, mtu=65523[0;m
[1;35mWed Sep 30 00:07:30 2026 [1;33mDPCU[0;m[1;35m [1;33mNOTICE[0;m[1;35m <000d> gprs_bssgp_pcu.c:690 NS-NSE 10 became unavailable[0;m
[38;5;57mWed Sep 30 00:07:30 2026 [1;33mDLNS[0;m[38;5;57m [1;33mNOTICE[0;m[38;5;57m <0024> gprs_ns2.c:571 NSE(00010)-NSVC(00010) NS-STATUS.ind(bvci=00000): cause=NSVC failure, transfer=0, first=0, mtu=65523[0;m
Wed Sep 30 00:07:32 2026 [1;33mDLGLOBAL[0;m [1;33mNOTICE[0;m <0011> telnet_interface.c:88 Available via telnet 127.0.0.1 4240
[1;32mWed Sep 30 00:07:32 2026 [1;31mDL1IF[0;m[1;32m [1;31mERROR[0;m[1;32m <0001> pcuif_sock.c:210 Failed to connect to the BTS (/tmp/pcu_bts). Retrying...[0;m
Wed Sep 30 00:07:53 2026 [1;33mDLGLOBAL[0;m [1;33mNOTICE[0;m <0011> telnet_interface.c:88 Available via telnet 127.0.0.1 4240
[1;32mWed Sep 30 00:07:53 2026 [1;31mDL1IF[0;m[1;32m [1;31mERROR[0;m[1;32m <0001> pcuif_sock.c:210 Failed to connect to the BTS (/tmp/pcu_bts). Retrying...[0;m
[1;32mWed Sep 30 00:07:58 2026 [1;31mDL1IF[0;m[1;32m [1;31mERROR[0;m[1;32m <0001> pcuif_sock.c:210 Failed to connect to the BTS (/tmp/pcu_bts). Retrying...[0;m
[1;32mWed Sep 30 00:08:03 2026 [1;31mDL1IF[0;m[1;32m [1;31mERROR[0;m[1;32m <0001> pcuif_sock.c:210 Failed to connect to the BTS (/tmp/pcu_bts). Retrying...[0;m
[1;32mWed Sep 30 00:08:08 2026 [1;31mDL1IF[0;m[1;32m [1;31mERROR[0;m[1;32m <0001> pcuif_sock.c:210 Failed to connect to the BTS (/tmp/pcu_bts). Retrying...[0;m
[1;32mWed Sep 30 00:08:13 2026 [1;33mDL1IF[0;m[1;32m [1;33mNOTICE[0;m[1;32m <0001> pcuif_sock.c:220 osmo-bts PCU socket /tmp/pcu_bts has been connected[0;m
[1;32mWed Sep 30 00:08:13 2026 [1;33mDL1IF[0;m[1;32m [1;33mNOTICE[0;m[1;32m <0001> pcu_l1_if.cpp:1246 Received message for new BTS0[0;m
[38;5;57mWed Sep 30 00:08:13 2026 [1;33mDLNS[0;m[38;5;57m [1;33mNOTICE[0;m[38;5;57m <0024> gprs_ns2.c:575 NSE(00010) NS-STATUS.ind(bvci=00000): cause=NSE recovery, transfer=100, first=1, mtu=65523[0;m
[1;35mWed Sep 30 00:08:13 2026 [1;33mDPCU[0;m[1;35m [1;33mNOTICE[0;m[1;35m <000d> gprs_bssgp_pcu.c:681 NS-NSE 10 became available[0;m
[38;5;59mWed Sep 30 00:08:13 2026 [1;33mDLBSSGP[0;m[38;5;59m [1;33mNOTICE[0;m[38;5;59m <0025> gprs_bssgp.c:124 BSSGP (BVCI=0) Tx BVC-RESET CAUSE=O&M intervention[0;m
[38;5;57mWed Sep 30 00:08:13 2026 [1;33mDLNS[0;m[38;5;57m [1;33mNOTICE[0;m[38;5;57m <0024> gprs_ns2.c:571 NSE(00010)-NSVC(00010) NS-STATUS.ind(bvci=00000): cause=NSVC recovery, transfer=100, first=0, mtu=65523[0;m
[38;5;59mWed Sep 30 00:08:13 2026 [1;33mDLBSSGP[0;m[38;5;59m [1;33mNOTICE[0;m[38;5;59m <0025> gprs_bssgp_pcu.c:421 Rx BSSGP BVCI=0 (SIGN) BVC_RESET_ACK[0;m
[38;5;59mWed Sep 30 00:08:13 2026 [1;33mDLBSSGP[0;m[38;5;59m [1;33mNOTICE[0;m[38;5;59m <0025> gprs_bssgp.c:124 BSSGP (BVCI=12) Tx BVC-RESET CAUSE=O&M intervention[0;m
[38;5;59mWed Sep 30 00:08:13 2026 [1;33mDLBSSGP[0;m[38;5;59m [1;33mNOTICE[0;m[38;5;59m <0025> gprs_bssgp_pcu.c:421 Rx BSSGP BVCI=0 (SIGN) BVC_RESET_ACK[0;m
[38;5;59mWed Sep 30 00:08:13 2026 [1;33mDLBSSGP[0;m[38;5;59m [1;33mNOTICE[0;m[38;5;59m <0025> gprs_bssgp_bss.c:281 BSSGP (BVCI=12) Tx BVC-UNBLOCK[0;m
[38;5;59mWed Sep 30 00:08:13 2026 [1;33mDLBSSGP[0;m[38;5;59m [1;33mNOTICE[0;m[38;5;59m <0025> gprs_bssgp_pcu.c:435 Rx BSSGP BVCI=0 (SIGN) BVC_UNBLOCK_ACK[0;m
[1;32mWed Sep 30 00:28:02 2026 [1;31mDL1IF[0;m[1;32m [1;31mERROR[0;m[1;32m <0001> pcuif_sock.c:123 pcu_sock_read: recv() failed with rc=0 errno=9[0;m
[1;32mWed Sep 30 00:28:02 2026 [1;33mDL1IF[0;m[1;32m [1;33mNOTICE[0;m[1;32m <0001> pcuif_sock.c:78 PCU socket has LOST connection[0;m
[38;5;57mWed Sep 30 00:28:02 2026 [1;33mDLNS[0;m[38;5;57m [1;33mNOTICE[0;m[38;5;57m <0024> gprs_ns2.c:575 NSE(00010) NS-STATUS.ind(bvci=00000): cause=NSE failure, transfer=0, first=0, mtu=65523[0;m
[1;35mWed Sep 30 00:28:02 2026 [1;33mDPCU[0;m[1;35m [1;33mNOTICE[0;m[1;35m <000d> gprs_bssgp_pcu.c:690 NS-NSE 10 became unavailable[0;m
[38;5;57mWed Sep 30 00:28:02 2026 [1;33mDLNS[0;m[38;5;57m [1;33mNOTICE[0;m[38;5;57m <0024> gprs_ns2.c:571 NSE(00010)-NSVC(00010) NS-STATUS.ind(bvci=00000): cause=NSVC failure, transfer=0, first=0, mtu=65523[0;m
Wed Sep 30 00:28:04 2026 [1;33mDLGLOBAL[0;m [1;33mNOTICE[0;m <0011> telnet_interface.c:88 Available via telnet 127.0.0.1 4240
[1;32mWed Sep 30 00:28:04 2026 [1;31mDL1IF[0;m[1;32m [1;31mERROR[0;m[1;32m <0001> pcuif_sock.c:210 Failed to connect to the BTS (/tmp/pcu_bts). Retrying...[0;m
Wed Sep 30 00:28:24 2026 [1;33mDLGLOBAL[0;m [1;33mNOTICE[0;m <0011> telnet_interface.c:88 Available via telnet 127.0.0.1 4240
[1;32mWed Sep 30 00:28:24 2026 [1;31mDL1IF[0;m[1;32m [1;31mERROR[0;m[1;32m <0001> pcuif_sock.c:210 Failed to connect to the BTS (/tmp/pcu_bts). Retrying...[0;m
[1;32mWed Sep 30 00:28:29 2026 [1;31mDL1IF[0;m[1;32m [1;31mERROR[0;m[1;32m <0001> pcuif_sock.c:210 Failed to connect to the BTS (/tmp/pcu_bts). Retrying...[0;m
[1;32mWed Sep 30 00:28:34 2026 [1;31mDL1IF[0;m[1;32m [1;31mERROR[0;m[1;32m <0001> pcuif_sock.c:210 Failed to connect to the BTS (/tmp/pcu_bts). Retrying...[0;m
[1;32mWed Sep 30 00:28:39 2026 [1;31mDL1IF[0;m[1;32m [1;31mERROR[0;m[1;32m <0001> pcuif_sock.c:210 Failed to connect to the BTS (/tmp/pcu_bts). Retrying...[0;m
[1;32mWed Sep 30 00:28:44 2026 [1;33mDL1IF[0;m[1;32m [1;33mNOTICE[0;m[1;32m <0001> pcuif_sock.c:220 osmo-bts PCU socket /tmp/pcu_bts has been connected[0;m
[1;32mWed Sep 30 00:28:44 2026 [1;33mDL1IF[0;m[1;32m [1;33mNOTICE[0;m[1;32m <0001> pcu_l1_if.cpp:1246 Received message for new BTS0[0;m
[38;5;57mWed Sep 30 00:28:44 2026 [1;33mDLNS[0;m[38;5;57m [1;33mNOTICE[0;m[38;5;57m <0024> gprs_ns2.c:575 NSE(00010) NS-STATUS.ind(bvci=00000): cause=NSE recovery, transfer=100, first=1, mtu=65523[0;m
[1;35mWed Sep 30 00:28:44 2026 [1;33mDPCU[0;m[1;35m [1;33mNOTICE[0;m[1;35m <000d> gprs_bssgp_pcu.c:681 NS-NSE 10 became available[0;m
[38;5;59mWed Sep 30 00:28:44 2026 [1;33mDLBSSGP[0;m[38;5;59m [1;33mNOTICE[0;m[38;5;59m <0025> gprs_bssgp.c:124 BSSGP (BVCI=0) Tx BVC-RESET CAUSE=O&M intervention[0;m
[38;5;57mWed Sep 30 00:28:44 2026 [1;33mDLNS[0;m[38;5;57m [1;33mNOTICE[0;m[38;5;57m <0024> gprs_ns2.c:571 NSE(00010)-NSVC(00010) NS-STATUS.ind(bvci=00000): cause=NSVC recovery, transfer=100, first=0, mtu=65523[0;m
[38;5;59mWed Sep 30 00:28:44 2026 [1;33mDLBSSGP[0;m[38;5;59m [1;33mNOTICE[0;m[38;5;59m <0025> gprs_bssgp_pcu.c:421 Rx BSSGP BVCI=0 (SIGN) BVC_RESET_ACK[0;m
[38;5;59mWed Sep 30 00:28:44 2026 [1;33mDLBSSGP[0;m[38;5;59m [1;33mNOTICE[0;m[38;5;59m <0025> gprs_bssgp.c:124 BSSGP (BVCI=12) Tx BVC-RESET CAUSE=O&M intervention[0;m
[38;5;59mWed Sep 30 00:28:44 2026 [1;33mDLBSSGP[0;m[38;5;59m [1;33mNOTICE[0;m[38;5;59m <0025> gprs_bssgp_pcu.c:421 Rx BSSGP BVCI=0 (SIGN) BVC_RESET_ACK[0;m
[38;5;59mWed Sep 30 00:28:44 2026 [1;33mDLBSSGP[0;m[38;5;59m [1;33mNOTICE[0;m[38;5;59m <0025> gprs_bssgp_bss.c:281 BSSGP (BVCI=12) Tx BVC-UNBLOCK[0;m
[38;5;59mWed Sep 30 00:28:44 2026 [1;33mDLBSSGP[0;m[38;5;59m [1;33mNOTICE[0;m[38;5;59m <0025> gprs_bssgp_pcu.c:435 Rx BSSGP BVCI=0 (SIGN) BVC_UNBLOCK_ACK[0;m
[1;32mWed Sep 30 00:35:18 2026 [1;31mDL1IF[0;m[1;32m [1;31mERROR[0;m[1;32m <0001> pcuif_sock.c:123 pcu_sock_read: recv() failed with rc=0 errno=9[0;m
[1;32mWed Sep 30 00:35:18 2026 [1;33mDL1IF[0;m[1;32m [1;33mNOTICE[0;m[1;32m <0001> pcuif_sock.c:78 PCU socket has LOST connection[0;m
[38;5;57mWed Sep 30 00:35:18 2026 [1;33mDLNS[0;m[38;5;57m [1;33mNOTICE[0;m[38;5;57m <0024> gprs_ns2.c:575 NSE(00010) NS-STATUS.ind(bvci=00000): cause=NSE failure, transfer=0, first=0, mtu=65523[0;m
[1;35mWed Sep 30 00:35:18 2026 [1;33mDPCU[0;m[1;35m [1;33mNOTICE[0;m[1;35m <000d> gprs_bssgp_pcu.c:690 NS-NSE 10 became unavailable[0;m
[38;5;57mWed Sep 30 00:35:18 2026 [1;33mDLNS[0;m[38;5;57m [1;33mNOTICE[0;m[38;5;57m <0024> gprs_ns2.c:571 NSE(00010)-NSVC(00010) NS-STATUS.ind(bvci=00000): cause=NSVC failure, transfer=0, first=0, mtu=65523[0;m
Wed Sep 30 00:35:20 2026 [1;33mDLGLOBAL[0;m [1;33mNOTICE[0;m <0011> telnet_interface.c:88 Available via telnet 127.0.0.1 4240
[1;32mWed Sep 30 00:35:20 2026 [1;31mDL1IF[0;m[1;32m [1;31mERROR[0;m[1;32m <0001> pcuif_sock.c:210 Failed to connect to the BTS (/tmp/pcu_bts). Retrying...[0;m
Wed Sep 30 00:36:22 2026 [1;33mDLGLOBAL[0;m [1;33mNOTICE[0;m <0011> telnet_interface.c:88 Available via telnet 127.0.0.1 4240
[1;32mWed Sep 30 00:36:22 2026 [1;31mDL1IF[0;m[1;32m [1;31mERROR[0;m[1;32m <0001> pcuif_sock.c:210 Failed to connect to the BTS (/tmp/pcu_bts). Retrying...[0;m
[1;32mWed Sep 30 00:36:27 2026 [1;31mDL1IF[0;m[1;32m [1;31mERROR[0;m[1;32m <0001> pcuif_sock.c:210 Failed to connect to the BTS (/tmp/pcu_bts). Retrying...[0;m
[1;32mWed Sep 30 00:36:32 2026 [1;31mDL1IF[0;m[1;32m [1;31mERROR[0;m[1;32m <0001> pcuif_sock.c:210 Failed to connect to the BTS (/tmp/pcu_bts). Retrying...[0;m
[1;32mWed Sep 30 00:36:37 2026 [1;31mDL1IF[0;m[1;32m [1;31mERROR[0;m[1;32m <0001> pcuif_sock.c:210 Failed to connect to the BTS (/tmp/pcu_bts). Retrying...[0;m
[1;32mWed Sep 30 00:36:42 2026 [1;33mDL1IF[0;m[1;32m [1;33mNOTICE[0;m[1;32m <0001> pcuif_sock.c:220 osmo-bts PCU socket /tmp/pcu_bts has been connected[0;m
[1;32mWed Sep 30 00:36:42 2026 [1;33mDL1IF[0;m[1;32m [1;33mNOTICE[0;m[1;32m <0001> pcu_l1_if.cpp:1246 Received message for new BTS0[0;m
[38;5;57mWed Sep 30 00:36:42 2026 [1;33mDLNS[0;m[38;5;57m [1;33mNOTICE[0;m[38;5;57m <0024> gprs_ns2.c:575 NSE(00010) NS-STATUS.ind(bvci=00000): cause=NSE recovery, transfer=100, first=1, mtu=65523[0;m
[1;35mWed Sep 30 00:36:42 2026 [1;33mDPCU[0;m[1;35m [1;33mNOTICE[0;m[1;35m <000d> gprs_bssgp_pcu.c:681 NS-NSE 10 became available[0;m
[38;5;59mWed Sep 30 00:36:42 2026 [1;33mDLBSSGP[0;m[38;5;59m [1;33mNOTICE[0;m[38;5;59m <0025> gprs_bssgp.c:124 BSSGP (BVCI=0) Tx BVC-RESET CAUSE=O&M intervention[0;m
[38;5;57mWed Sep 30 00:36:42 2026 [1;33mDLNS[0;m[38;5;57m [1;33mNOTICE[0;m[38;5;57m <0024> gprs_ns2.c:571 NSE(00010)-NSVC(00010) NS-STATUS.ind(bvci=00000): cause=NSVC recovery, transfer=100, first=0, mtu=65523[0;m
[38;5;59mWed Sep 30 00:36:42 2026 [1;33mDLBSSGP[0;m[38;5;59m [1;33mNOTICE[0;m[38;5;59m <0025> gprs_bssgp_pcu.c:421 Rx BSSGP BVCI=0 (SIGN) BVC_RESET_ACK[0;m
[38;5;59mWed Sep 30 00:36:42 2026 [1;33mDLBSSGP[0;m[38;5;59m [1;33mNOTICE[0;m[38;5;59m <0025> gprs_bssgp.c:124 BSSGP (BVCI=12) Tx BVC-RESET CAUSE=O&M intervention[0;m
[38;5;59mWed Sep 30 00:36:42 2026 [1;33mDLBSSGP[0;m[38;5;59m [1;33mNOTICE[0;m[38;5;59m <0025> gprs_bssgp_pcu.c:421 Rx BSSGP BVCI=0 (SIGN) BVC_RESET_ACK[0;m
[38;5;59mWed Sep 30 00:36:42 2026 [1;33mDLBSSGP[0;m[38;5;59m [1;33mNOTICE[0;m[38;5;59m <0025> gprs_bssgp_bss.c:281 BSSGP (BVCI=12) Tx BVC-UNBLOCK[0;m
[38;5;59mWed Sep 30 00:36:42 2026 [1;33mDLBSSGP[0;m[38;5;59m [1;33mNOTICE[0;m[38;5;59m <0025> gprs_bssgp_pcu.c:435 Rx BSSGP BVCI=0 (SIGN) BVC_UNBLOCK_ACK[0;m
[1;32mWed Sep 30 10:33:37 2026 [1;33mDL1IF[0;m[1;32m [1;33mNOTICE[0;m[1;32m <0001> pcuif_sock.c:78 PCU socket has closed connection[0;m
[38;5;57mWed Sep 30 10:33:37 2026 [1;33mDLNS[0;m[38;5;57m [1;33mNOTICE[0;m[38;5;57m <0024> gprs_ns2.c:575 NSE(00010) NS-STATUS.ind(bvci=00000): cause=NSE failure, transfer=0, first=0, mtu=65523[0;m
[1;35mWed Sep 30 10:33:37 2026 [1;33mDPCU[0;m[1;35m [1;33mNOTICE[0;m[1;35m <000d> gprs_bssgp_pcu.c:690 NS-NSE 10 became unavailable[0;m
[38;5;57mWed Sep 30 10:33:37 2026 [1;33mDLNS[0;m[38;5;57m [1;33mNOTICE[0;m[38;5;57m <0024> gprs_ns2.c:571 NSE(00010)-NSVC(00010) NS-STATUS.ind(bvci=00000): cause=NSVC failure, transfer=0, first=0, mtu=65523[0;m
Wed Sep 30 10:33:59 2026 [1;33mDLGLOBAL[0;m [1;33mNOTICE[0;m <0011> telnet_interface.c:88 Available via telnet 127.0.0.1 4240
[1;32mWed Sep 30 10:33:59 2026 [1;31mDL1IF[0;m[1;32m [1;31mERROR[0;m[1;32m <0001> pcuif_sock.c:210 Failed to connect to the BTS (/tmp/pcu_bts). Retrying...[0;m
[1;32mWed Sep 30 10:34:04 2026 [1;31mDL1IF[0;m[1;32m [1;31mERROR[0;m[1;32m <0001> pcuif_sock.c:210 Failed to connect to the BTS (/tmp/pcu_bts). Retrying...[0;m
[1;32mWed Sep 30 10:34:09 2026 [1;31mDL1IF[0;m[1;32m [1;31mERROR[0;m[1;32m <0001> pcuif_sock.c:210 Failed to connect to the BTS (/tmp/pcu_bts). Retrying...[0;m
[1;32mWed Sep 30 10:34:14 2026 [1;31mDL1IF[0;m[1;32m [1;31mERROR[0;m[1;32m <0001> pcuif_sock.c:210 Failed to connect to the BTS (/tmp/pcu_bts). Retrying...[0;m
[1;32mWed Sep 30 10:34:19 2026 [1;33mDL1IF[0;m[1;32m [1;33mNOTICE[0;m[1;32m <0001> pcuif_sock.c:220 osmo-bts PCU socket /tmp/pcu_bts has been connected[0;m
[1;32mWed Sep 30 10:34:19 2026 [1;33mDL1IF[0;m[1;32m [1;33mNOTICE[0;m[1;32m <0001> pcu_l1_if.cpp:1246 Received message for new BTS0[0;m
[38;5;57mWed Sep 30 10:34:19 2026 [1;33mDLNS[0;m[38;5;57m [1;33mNOTICE[0;m[38;5;57m <0024> gprs_ns2.c:575 NSE(00010) NS-STATUS.ind(bvci=00000): cause=NSE recovery, transfer=100, first=1, mtu=65523[0;m
[1;35mWed Sep 30 10:34:19 2026 [1;33mDPCU[0;m[1;35m [1;33mNOTICE[0;m[1;35m <000d> gprs_bssgp_pcu.c:681 NS-NSE 10 became available[0;m
[38;5;59mWed Sep 30 10:34:19 2026 [1;33mDLBSSGP[0;m[38;5;59m [1;33mNOTICE[0;m[38;5;59m <0025> gprs_bssgp.c:124 BSSGP (BVCI=0) Tx BVC-RESET CAUSE=O&M intervention[0;m
[38;5;57mWed Sep 30 10:34:19 2026 [1;33mDLNS[0;m[38;5;57m [1;33mNOTICE[0;m[38;5;57m <0024> gprs_ns2.c:571 NSE(00010)-NSVC(00010) NS-STATUS.ind(bvci=00000): cause=NSVC recovery, transfer=100, first=0, mtu=65523[0;m
[38;5;59mWed Sep 30 10:34:19 2026 [1;33mDLBSSGP[0;m[38;5;59m [1;33mNOTICE[0;m[38;5;59m <0025> gprs_bssgp_pcu.c:421 Rx BSSGP BVCI=0 (SIGN) BVC_RESET_ACK[0;m
[38;5;59mWed Sep 30 10:34:19 2026 [1;33mDLBSSGP[0;m[38;5;59m [1;33mNOTICE[0;m[38;5;59m <0025> gprs_bssgp.c:124 BSSGP (BVCI=12) Tx BVC-RESET CAUSE=O&M intervention[0;m
[38;5;59mWed Sep 30 10:34:19 2026 [1;33mDLBSSGP[0;m[38;5;59m [1;33mNOTICE[0;m[38;5;59m <0025> gprs_bssgp_pcu.c:421 Rx BSSGP BVCI=0 (SIGN) BVC_RESET_ACK[0;m
[38;5;59mWed Sep 30 10:34:19 2026 [1;33mDLBSSGP[0;m[38;5;59m [1;33mNOTICE[0;m[38;5;59m <0025> gprs_bssgp_bss.c:281 BSSGP (BVCI=12) Tx BVC-UNBLOCK[0;m
[38;5;59mWed Sep 30 10:34:19 2026 [1;33mDLBSSGP[0;m[38;5;59m [1;33mNOTICE[0;m[38;5;59m <0025> gprs_bssgp_pcu.c:435 Rx BSSGP BVCI=0 (SIGN) BVC_UNBLOCK_ACK[0;m
[1;32mWed Sep 30 10:45:58 2026 [1;31mDL1IF[0;m[1;32m [1;31mERROR[0;m[1;32m <0001> pcuif_sock.c:123 pcu_sock_read: recv() failed with rc=0 errno=9[0;m
[1;32mWed Sep 30 10:45:58 2026 [1;33mDL1IF[0;m[1;32m [1;33mNOTICE[0;m[1;32m <0001> pcuif_sock.c:78 PCU socket has LOST connection[0;m
[38;5;57mWed Sep 30 10:45:58 2026 [1;33mDLNS[0;m[38;5;57m [1;33mNOTICE[0;m[38;5;57m <0024> gprs_ns2.c:575 NSE(00010) NS-STATUS.ind(bvci=00000): cause=NSE failure, transfer=0, first=0, mtu=65523[0;m
[1;35mWed Sep 30 10:45:58 2026 [1;33mDPCU[0;m[1;35m [1;33mNOTICE[0;m[1;35m <000d> gprs_bssgp_pcu.c:690 NS-NSE 10 became unavailable[0;m
[38;5;57mWed Sep 30 10:45:58 2026 [1;33mDLNS[0;m[38;5;57m [1;33mNOTICE[0;m[38;5;57m <0024> gprs_ns2.c:571 NSE(00010)-NSVC(00010) NS-STATUS.ind(bvci=00000): cause=NSVC failure, transfer=0, first=0, mtu=65523[0;m
Wed Sep 30 10:46:00 2026 [1;33mDLGLOBAL[0;m [1;33mNOTICE[0;m <0011> telnet_interface.c:88 Available via telnet 127.0.0.1 4240
[1;32mWed Sep 30 10:46:00 2026 [1;31mDL1IF[0;m[1;32m [1;31mERROR[0;m[1;32m <0001> pcuif_sock.c:210 Failed to connect to the BTS (/tmp/pcu_bts). Retrying...[0;m
Wed Sep 30 10:46:21 2026 [1;33mDLGLOBAL[0;m [1;33mNOTICE[0;m <0011> telnet_interface.c:88 Available via telnet 127.0.0.1 4240
[1;32mWed Sep 30 10:46:21 2026 [1;31mDL1IF[0;m[1;32m [1;31mERROR[0;m[1;32m <0001> pcuif_sock.c:210 Failed to connect to the BTS (/tmp/pcu_bts). Retrying...[0;m
[1;32mWed Sep 30 10:46:26 2026 [1;31mDL1IF[0;m[1;32m [1;31mERROR[0;m[1;32m <0001> pcuif_sock.c:210 Failed to connect to the BTS (/tmp/pcu_bts). Retrying...[0;m
[1;32mWed Sep 30 10:46:31 2026 [1;31mDL1IF[0;m[1;32m [1;31mERROR[0;m[1;32m <0001> pcuif_sock.c:210 Failed to connect to the BTS (/tmp/pcu_bts). Retrying...[0;m
[1;32mWed Sep 30 10:46:36 2026 [1;31mDL1IF[0;m[1;32m [1;31mERROR[0;m[1;32m <0001> pcuif_sock.c:210 Failed to connect to the BTS (/tmp/pcu_bts). Retrying...[0;m
[1;32mWed Sep 30 10:46:41 2026 [1;33mDL1IF[0;m[1;32m [1;33mNOTICE[0;m[1;32m <0001> pcuif_sock.c:220 osmo-bts PCU socket /tmp/pcu_bts has been connected[0;m
[1;32mWed Sep 30 10:46:41 2026 [1;33mDL1IF[0;m[1;32m [1;33mNOTICE[0;m[1;32m <0001> pcu_l1_if.cpp:1246 Received message for new BTS0[0;m
[38;5;57mWed Sep 30 10:46:41 2026 [1;33mDLNS[0;m[38;5;57m [1;33mNOTICE[0;m[38;5;57m <0024> gprs_ns2.c:575 NSE(00010) NS-STATUS.ind(bvci=00000): cause=NSE recovery, transfer=100, first=1, mtu=65523[0;m
[1;35mWed Sep 30 10:46:41 2026 [1;33mDPCU[0;m[1;35m [1;33mNOTICE[0;m[1;35m <000d> gprs_bssgp_pcu.c:681 NS-NSE 10 became available[0;m
[38;5;59mWed Sep 30 10:46:41 2026 [1;33mDLBSSGP[0;m[38;5;59m [1;33mNOTICE[0;m[38;5;59m <0025> gprs_bssgp.c:124 BSSGP (BVCI=0) Tx BVC-RESET CAUSE=O&M intervention[0;m
[38;5;57mWed Sep 30 10:46:41 2026 [1;33mDLNS[0;m[38;5;57m [1;33mNOTICE[0;m[38;5;57m <0024> gprs_ns2.c:571 NSE(00010)-NSVC(00010) NS-STATUS.ind(bvci=00000): cause=NSVC recovery, transfer=100, first=0, mtu=65523[0;m
[38;5;59mWed Sep 30 10:46:41 2026 [1;33mDLBSSGP[0;m[38;5;59m [1;33mNOTICE[0;m[38;5;59m <0025> gprs_bssgp_pcu.c:421 Rx BSSGP BVCI=0 (SIGN) BVC_RESET_ACK[0;m
[38;5;59mWed Sep 30 10:46:41 2026 [1;33mDLBSSGP[0;m[38;5;59m [1;33mNOTICE[0;m[38;5;59m <0025> gprs_bssgp.c:124 BSSGP (BVCI=12) Tx BVC-RESET CAUSE=O&M intervention[0;m
[38;5;59mWed Sep 30 10:46:41 2026 [1;33mDLBSSGP[0;m[38;5;59m [1;33mNOTICE[0;m[38;5;59m <0025> gprs_bssgp_pcu.c:421 Rx BSSGP BVCI=0 (SIGN) BVC_RESET_ACK[0;m
[38;5;59mWed Sep 30 10:46:41 2026 [1;33mDLBSSGP[0;m[38;5;59m [1;33mNOTICE[0;m[38;5;59m <0025> gprs_bssgp_bss.c:281 BSSGP (BVCI=12) Tx BVC-UNBLOCK[0;m
[38;5;59mWed Sep 30 10:46:41 2026 [1;33mDLBSSGP[0;m[38;5;59m [1;33mNOTICE[0;m[38;5;59m <0025> gprs_bssgp_pcu.c:435 Rx BSSGP BVCI=0 (SIGN) BVC_UNBLOCK_ACK[0;m
[1;32mWed Sep 30 11:28:37 2026 [1;31mDL1IF[0;m[1;32m [1;31mERROR[0;m[1;32m <0001> pcuif_sock.c:123 pcu_sock_read: recv() failed with rc=0 errno=9[0;m
[1;32mWed Sep 30 11:28:37 2026 [1;33mDL1IF[0;m[1;32m [1;33mNOTICE[0;m[1;32m <0001> pcuif_sock.c:78 PCU socket has LOST connection[0;m
[38;5;57mWed Sep 30 11:28:37 2026 [1;33mDLNS[0;m[38;5;57m [1;33mNOTICE[0;m[38;5;57m <0024> gprs_ns2.c:575 NSE(00010) NS-STATUS.ind(bvci=00000): cause=NSE failure, transfer=0, first=0, mtu=65523[0;m
[1;35mWed Sep 30 11:28:37 2026 [1;33mDPCU[0;m[1;35m [1;33mNOTICE[0;m[1;35m <000d> gprs_bssgp_pcu.c:690 NS-NSE 10 became unavailable[0;m
[38;5;57mWed Sep 30 11:28:37 2026 [1;33mDLNS[0;m[38;5;57m [1;33mNOTICE[0;m[38;5;57m <0024> gprs_ns2.c:571 NSE(00010)-NSVC(00010) NS-STATUS.ind(bvci=00000): cause=NSVC failure, transfer=0, first=0, mtu=65523[0;m
Wed Sep 30 11:28:39 2026 [1;33mDLGLOBAL[0;m [1;33mNOTICE[0;m <0011> telnet_interface.c:88 Available via telnet 127.0.0.1 4240
[1;32mWed Sep 30 11:28:39 2026 [1;31mDL1IF[0;m[1;32m [1;31mERROR[0;m[1;32m <0001> pcuif_sock.c:210 Failed to connect to the BTS (/tmp/pcu_bts). Retrying...[0;m
Wed Sep 30 11:28:59 2026 [1;33mDLGLOBAL[0;m [1;33mNOTICE[0;m <0011> telnet_interface.c:88 Available via telnet 127.0.0.1 4240
[1;32mWed Sep 30 11:28:59 2026 [1;31mDL1IF[0;m[1;32m [1;31mERROR[0;m[1;32m <0001> pcuif_sock.c:210 Failed to connect to the BTS (/tmp/pcu_bts). Retrying...[0;m
[1;32mWed Sep 30 11:29:04 2026 [1;31mDL1IF[0;m[1;32m [1;31mERROR[0;m[1;32m <0001> pcuif_sock.c:210 Failed to connect to the BTS (/tmp/pcu_bts). Retrying...[0;m
[1;32mWed Sep 30 11:29:09 2026 [1;31mDL1IF[0;m[1;32m [1;31mERROR[0;m[1;32m <0001> pcuif_sock.c:210 Failed to connect to the BTS (/tmp/pcu_bts). Retrying...[0;m
[1;32mWed Sep 30 11:29:14 2026 [1;31mDL1IF[0;m[1;32m [1;31mERROR[0;m[1;32m <0001> pcuif_sock.c:210 Failed to connect to the BTS (/tmp/pcu_bts). Retrying...[0;m
[1;32mWed Sep 30 11:29:19 2026 [1;33mDL1IF[0;m[1;32m [1;33mNOTICE[0;m[1;32m <0001> pcuif_sock.c:220 osmo-bts PCU socket /tmp/pcu_bts has been connected[0;m
[1;32mWed Sep 30 11:29:19 2026 [1;33mDL1IF[0;m[1;32m [1;33mNOTICE[0;m[1;32m <0001> pcu_l1_if.cpp:1246 Received message for new BTS0[0;m
[38;5;57mWed Sep 30 11:29:19 2026 [1;33mDLNS[0;m[38;5;57m [1;33mNOTICE[0;m[38;5;57m <0024> gprs_ns2.c:575 NSE(00010) NS-STATUS.ind(bvci=00000): cause=NSE recovery, transfer=100, first=1, mtu=65523[0;m
[1;35mWed Sep 30 11:29:19 2026 [1;33mDPCU[0;m[1;35m [1;33mNOTICE[0;m[1;35m <000d> gprs_bssgp_pcu.c:681 NS-NSE 10 became available[0;m
[38;5;59mWed Sep 30 11:29:19 2026 [1;33mDLBSSGP[0;m[38;5;59m [1;33mNOTICE[0;m[38;5;59m <0025> gprs_bssgp.c:124 BSSGP (BVCI=0) Tx BVC-RESET CAUSE=O&M intervention[0;m
[38;5;57mWed Sep 30 11:29:19 2026 [1;33mDLNS[0;m[38;5;57m [1;33mNOTICE[0;m[38;5;57m <0024> gprs_ns2.c:571 NSE(00010)-NSVC(00010) NS-STATUS.ind(bvci=00000): cause=NSVC recovery, transfer=100, first=0, mtu=65523[0;m
[38;5;59mWed Sep 30 11:29:19 2026 [1;33mDLBSSGP[0;m[38;5;59m [1;33mNOTICE[0;m[38;5;59m <0025> gprs_bssgp_pcu.c:421 Rx BSSGP BVCI=0 (SIGN) BVC_RESET_ACK[0;m
[38;5;59mWed Sep 30 11:29:19 2026 [1;33mDLBSSGP[0;m[38;5;59m [1;33mNOTICE[0;m[38;5;59m <0025> gprs_bssgp.c:124 BSSGP (BVCI=12) Tx BVC-RESET CAUSE=O&M intervention[0;m
[38;5;59mWed Sep 30 11:29:19 2026 [1;33mDLBSSGP[0;m[38;5;59m [1;33mNOTICE[0;m[38;5;59m <0025> gprs_bssgp_pcu.c:421 Rx BSSGP BVCI=0 (SIGN) BVC_RESET_ACK[0;m
[38;5;59mWed Sep 30 11:29:19 2026 [1;33mDLBSSGP[0;m[38;5;59m [1;33mNOTICE[0;m[38;5;59m <0025> gprs_bssgp_bss.c:281 BSSGP (BVCI=12) Tx BVC-UNBLOCK[0;m
[38;5;59mWed Sep 30 11:29:19 2026 [1;33mDLBSSGP[0;m[38;5;59m [1;33mNOTICE[0;m[38;5;59m <0025> gprs_bssgp_pcu.c:435 Rx BSSGP BVCI=0 (SIGN) BVC_UNBLOCK_ACK[0;m
[1;32mWed Sep 30 11:37:20 2026 [1;31mDL1IF[0;m[1;32m [1;31mERROR[0;m[1;32m <0001> pcuif_sock.c:123 pcu_sock_read: recv() failed with rc=0 errno=9[0;m
[1;32mWed Sep 30 11:37:20 2026 [1;33mDL1IF[0;m[1;32m [1;33mNOTICE[0;m[1;32m <0001> pcuif_sock.c:78 PCU socket has LOST connection[0;m
[38;5;57mWed Sep 30 11:37:20 2026 [1;33mDLNS[0;m[38;5;57m [1;33mNOTICE[0;m[38;5;57m <0024> gprs_ns2.c:575 NSE(00010) NS-STATUS.ind(bvci=00000): cause=NSE failure, transfer=0, first=0, mtu=65523[0;m
[1;35mWed Sep 30 11:37:20 2026 [1;33mDPCU[0;m[1;35m [1;33mNOTICE[0;m[1;35m <000d> gprs_bssgp_pcu.c:690 NS-NSE 10 became unavailable[0;m
[38;5;57mWed Sep 30 11:37:20 2026 [1;33mDLNS[0;m[38;5;57m [1;33mNOTICE[0;m[38;5;57m <0024> gprs_ns2.c:571 NSE(00010)-NSVC(00010) NS-STATUS.ind(bvci=00000): cause=NSVC failure, transfer=0, first=0, mtu=65523[0;m
Wed Sep 30 11:37:22 2026 [1;33mDLGLOBAL[0;m [1;33mNOTICE[0;m <0011> telnet_interface.c:88 Available via telnet 127.0.0.1 4240
[1;32mWed Sep 30 11:37:22 2026 [1;31mDL1IF[0;m[1;32m [1;31mERROR[0;m[1;32m <0001> pcuif_sock.c:210 Failed to connect to the BTS (/tmp/pcu_bts). Retrying...[0;m
Wed Sep 30 11:37:43 2026 [1;33mDLGLOBAL[0;m [1;33mNOTICE[0;m <0011> telnet_interface.c:88 Available via telnet 127.0.0.1 4240
[1;32mWed Sep 30 11:37:43 2026 [1;31mDL1IF[0;m[1;32m [1;31mERROR[0;m[1;32m <0001> pcuif_sock.c:210 Failed to connect to the BTS (/tmp/pcu_bts). Retrying...[0;m
[1;32mWed Sep 30 11:37:48 2026 [1;31mDL1IF[0;m[1;32m [1;31mERROR[0;m[1;32m <0001> pcuif_sock.c:210 Failed to connect to the BTS (/tmp/pcu_bts). Retrying...[0;m
[1;32mWed Sep 30 11:37:53 2026 [1;31mDL1IF[0;m[1;32m [1;31mERROR[0;m[1;32m <0001> pcuif_sock.c:210 Failed to connect to the BTS (/tmp/pcu_bts). Retrying...[0;m
[1;32mWed Sep 30 11:37:58 2026 [1;31mDL1IF[0;m[1;32m [1;31mERROR[0;m[1;32m <0001> pcuif_sock.c:210 Failed to connect to the BTS (/tmp/pcu_bts). Retrying...[0;m
[1;32mWed Sep 30 11:38:03 2026 [1;33mDL1IF[0;m[1;32m [1;33mNOTICE[0;m[1;32m <0001> pcuif_sock.c:220 osmo-bts PCU socket /tmp/pcu_bts has been connected[0;m
[1;32mWed Sep 30 11:38:03 2026 [1;33mDL1IF[0;m[1;32m [1;33mNOTICE[0;m[1;32m <0001> pcu_l1_if.cpp:1246 Received message for new BTS0[0;m
[38;5;57mWed Sep 30 11:38:03 2026 [1;33mDLNS[0;m[38;5;57m [1;33mNOTICE[0;m[38;5;57m <0024> gprs_ns2.c:575 NSE(00010) NS-STATUS.ind(bvci=00000): cause=NSE recovery, transfer=100, first=1, mtu=65523[0;m
[1;35mWed Sep 30 11:38:03 2026 [1;33mDPCU[0;m[1;35m [1;33mNOTICE[0;m[1;35m <000d> gprs_bssgp_pcu.c:681 NS-NSE 10 became available[0;m
[38;5;59mWed Sep 30 11:38:03 2026 [1;33mDLBSSGP[0;m[38;5;59m [1;33mNOTICE[0;m[38;5;59m <0025> gprs_bssgp.c:124 BSSGP (BVCI=0) Tx BVC-RESET CAUSE=O&M intervention[0;m
[38;5;57mWed Sep 30 11:38:03 2026 [1;33mDLNS[0;m[38;5;57m [1;33mNOTICE[0;m[38;5;57m <0024> gprs_ns2.c:571 NSE(00010)-NSVC(00010) NS-STATUS.ind(bvci=00000): cause=NSVC recovery, transfer=100, first=0, mtu=65523[0;m
[38;5;59mWed Sep 30 11:38:03 2026 [1;33mDLBSSGP[0;m[38;5;59m [1;33mNOTICE[0;m[38;5;59m <0025> gprs_bssgp_pcu.c:421 Rx BSSGP BVCI=0 (SIGN) BVC_RESET_ACK[0;m
[38;5;59mWed Sep 30 11:38:03 2026 [1;33mDLBSSGP[0;m[38;5;59m [1;33mNOTICE[0;m[38;5;59m <0025> gprs_bssgp.c:124 BSSGP (BVCI=12) Tx BVC-RESET CAUSE=O&M intervention[0;m
[38;5;59mWed Sep 30 11:38:03 2026 [1;33mDLBSSGP[0;m[38;5;59m [1;33mNOTICE[0;m[38;5;59m <0025> gprs_bssgp_pcu.c:421 Rx BSSGP BVCI=0 (SIGN) BVC_RESET_ACK[0;m
[38;5;59mWed Sep 30 11:38:03 2026 [1;33mDLBSSGP[0;m[38;5;59m [1;33mNOTICE[0;m[38;5;59m <0025> gprs_bssgp_bss.c:281 BSSGP (BVCI=12) Tx BVC-UNBLOCK[0;m
[38;5;59mWed Sep 30 11:38:03 2026 [1;33mDLBSSGP[0;m[38;5;59m [1;33mNOTICE[0;m[38;5;59m <0025> gprs_bssgp_pcu.c:435 Rx BSSGP BVCI=0 (SIGN) BVC_UNBLOCK_ACK[0;m
[1;32mWed Sep 30 11:57:21 2026 [1;31mDL1IF[0;m[1;32m [1;31mERROR[0;m[1;32m <0001> pcuif_sock.c:123 pcu_sock_read: recv() failed with rc=0 errno=9[0;m
[1;32mWed Sep 30 11:57:21 2026 [1;33mDL1IF[0;m[1;32m [1;33mNOTICE[0;m[1;32m <0001> pcuif_sock.c:78 PCU socket has LOST connection[0;m
[38;5;57mWed Sep 30 11:57:21 2026 [1;33mDLNS[0;m[38;5;57m [1;33mNOTICE[0;m[38;5;57m <0024> gprs_ns2.c:575 NSE(00010) NS-STATUS.ind(bvci=00000): cause=NSE failure, transfer=0, first=0, mtu=65523[0;m
[1;35mWed Sep 30 11:57:21 2026 [1;33mDPCU[0;m[1;35m [1;33mNOTICE[0;m[1;35m <000d> gprs_bssgp_pcu.c:690 NS-NSE 10 became unavailable[0;m
[38;5;57mWed Sep 30 11:57:21 2026 [1;33mDLNS[0;m[38;5;57m [1;33mNOTICE[0;m[38;5;57m <0024> gprs_ns2.c:571 NSE(00010)-NSVC(00010) NS-STATUS.ind(bvci=00000): cause=NSVC failure, transfer=0, first=0, mtu=65523[0;m
Wed Sep 30 11:57:23 2026 [1;33mDLGLOBAL[0;m [1;33mNOTICE[0;m <0011> telnet_interface.c:88 Available via telnet 127.0.0.1 4240
[1;32mWed Sep 30 11:57:23 2026 [1;31mDL1IF[0;m[1;32m [1;31mERROR[0;m[1;32m <0001> pcuif_sock.c:210 Failed to connect to the BTS (/tmp/pcu_bts). Retrying...[0;m
Wed Sep 30 11:57:44 2026 [1;33mDLGLOBAL[0;m [1;33mNOTICE[0;m <0011> telnet_interface.c:88 Available via telnet 127.0.0.1 4240
[1;32mWed Sep 30 11:57:44 2026 [1;31mDL1IF[0;m[1;32m [1;31mERROR[0;m[1;32m <0001> pcuif_sock.c:210 Failed to connect to the BTS (/tmp/pcu_bts). Retrying...[0;m
[1;32mWed Sep 30 11:57:49 2026 [1;31mDL1IF[0;m[1;32m [1;31mERROR[0;m[1;32m <0001> pcuif_sock.c:210 Failed to connect to the BTS (/tmp/pcu_bts). Retrying...[0;m
[1;32mWed Sep 30 11:57:54 2026 [1;31mDL1IF[0;m[1;32m [1;31mERROR[0;m[1;32m <0001> pcuif_sock.c:210 Failed to connect to the BTS (/tmp/pcu_bts). Retrying...[0;m
[1;32mWed Sep 30 11:57:59 2026 [1;31mDL1IF[0;m[1;32m [1;31mERROR[0;m[1;32m <0001> pcuif_sock.c:210 Failed to connect to the BTS (/tmp/pcu_bts). Retrying...[0;m
[1;32mWed Sep 30 11:58:04 2026 [1;33mDL1IF[0;m[1;32m [1;33mNOTICE[0;m[1;32m <0001> pcuif_sock.c:220 osmo-bts PCU socket /tmp/pcu_bts has been connected[0;m
[1;32mWed Sep 30 11:58:04 2026 [1;33mDL1IF[0;m[1;32m [1;33mNOTICE[0;m[1;32m <0001> pcu_l1_if.cpp:1246 Received message for new BTS0[0;m
[38;5;57mWed Sep 30 11:58:04 2026 [1;33mDLNS[0;m[38;5;57m [1;33mNOTICE[0;m[38;5;57m <0024> gprs_ns2.c:575 NSE(00010) NS-STATUS.ind(bvci=00000): cause=NSE recovery, transfer=100, first=1, mtu=65523[0;m
[1;35mWed Sep 30 11:58:04 2026 [1;33mDPCU[0;m[1;35m [1;33mNOTICE[0;m[1;35m <000d> gprs_bssgp_pcu.c:681 NS-NSE 10 became available[0;m
[38;5;59mWed Sep 30 11:58:04 2026 [1;33mDLBSSGP[0;m[38;5;59m [1;33mNOTICE[0;m[38;5;59m <0025> gprs_bssgp.c:124 BSSGP (BVCI=0) Tx BVC-RESET CAUSE=O&M intervention[0;m
[38;5;57mWed Sep 30 11:58:04 2026 [1;33mDLNS[0;m[38;5;57m [1;33mNOTICE[0;m[38;5;57m <0024> gprs_ns2.c:571 NSE(00010)-NSVC(00010) NS-STATUS.ind(bvci=00000): cause=NSVC recovery, transfer=100, first=0, mtu=65523[0;m
[38;5;59mWed Sep 30 11:58:04 2026 [1;33mDLBSSGP[0;m[38;5;59m [1;33mNOTICE[0;m[38;5;59m <0025> gprs_bssgp_pcu.c:421 Rx BSSGP BVCI=0 (SIGN) BVC_RESET_ACK[0;m
[38;5;59mWed Sep 30 11:58:04 2026 [1;33mDLBSSGP[0;m[38;5;59m [1;33mNOTICE[0;m[38;5;59m <0025> gprs_bssgp.c:124 BSSGP (BVCI=12) Tx BVC-RESET CAUSE=O&M intervention[0;m
[38;5;59mWed Sep 30 11:58:04 2026 [1;33mDLBSSGP[0;m[38;5;59m [1;33mNOTICE[0;m[38;5;59m <0025> gprs_bssgp_pcu.c:421 Rx BSSGP BVCI=0 (SIGN) BVC_RESET_ACK[0;m
[38;5;59mWed Sep 30 11:58:04 2026 [1;33mDLBSSGP[0;m[38;5;59m [1;33mNOTICE[0;m[38;5;59m <0025> gprs_bssgp_bss.c:281 BSSGP (BVCI=12) Tx BVC-UNBLOCK[0;m
[38;5;59mWed Sep 30 11:58:04 2026 [1;33mDLBSSGP[0;m[38;5;59m [1;33mNOTICE[0;m[38;5;59m <0025> gprs_bssgp_pcu.c:435 Rx BSSGP BVCI=0 (SIGN) BVC_UNBLOCK_ACK[0;m
[1;32mWed Sep 30 12:21:18 2026 [1;31mDL1IF[0;m[1;32m [1;31mERROR[0;m[1;32m <0001> pcuif_sock.c:123 pcu_sock_read: recv() failed with rc=0 errno=9[0;m
[1;32mWed Sep 30 12:21:18 2026 [1;33mDL1IF[0;m[1;32m [1;33mNOTICE[0;m[1;32m <0001> pcuif_sock.c:78 PCU socket has LOST connection[0;m
[38;5;57mWed Sep 30 12:21:18 2026 [1;33mDLNS[0;m[38;5;57m [1;33mNOTICE[0;m[38;5;57m <0024> gprs_ns2.c:575 NSE(00010) NS-STATUS.ind(bvci=00000): cause=NSE failure, transfer=0, first=0, mtu=65523[0;m
[1;35mWed Sep 30 12:21:18 2026 [1;33mDPCU[0;m[1;35m [1;33mNOTICE[0;m[1;35m <000d> gprs_bssgp_pcu.c:690 NS-NSE 10 became unavailable[0;m
[38;5;57mWed Sep 30 12:21:18 2026 [1;33mDLNS[0;m[38;5;57m [1;33mNOTICE[0;m[38;5;57m <0024> gprs_ns2.c:571 NSE(00010)-NSVC(00010) NS-STATUS.ind(bvci=00000): cause=NSVC failure, transfer=0, first=0, mtu=65523[0;m
Wed Sep 30 12:21:20 2026 [1;33mDLGLOBAL[0;m [1;33mNOTICE[0;m <0011> telnet_interface.c:88 Available via telnet 127.0.0.1 4240
[1;32mWed Sep 30 12:21:20 2026 [1;31mDL1IF[0;m[1;32m [1;31mERROR[0;m[1;32m <0001> pcuif_sock.c:210 Failed to connect to the BTS (/tmp/pcu_bts). Retrying...[0;m
Wed Sep 30 12:21:41 2026 [1;33mDLGLOBAL[0;m [1;33mNOTICE[0;m <0011> telnet_interface.c:88 Available via telnet 127.0.0.1 4240
[1;32mWed Sep 30 12:21:41 2026 [1;31mDL1IF[0;m[1;32m [1;31mERROR[0;m[1;32m <0001> pcuif_sock.c:210 Failed to connect to the BTS (/tmp/pcu_bts). Retrying...[0;m
[1;32mWed Sep 30 12:21:46 2026 [1;31mDL1IF[0;m[1;32m [1;31mERROR[0;m[1;32m <0001> pcuif_sock.c:210 Failed to connect to the BTS (/tmp/pcu_bts). Retrying...[0;m
[1;32mWed Sep 30 12:21:51 2026 [1;31mDL1IF[0;m[1;32m [1;31mERROR[0;m[1;32m <0001> pcuif_sock.c:210 Failed to connect to the BTS (/tmp/pcu_bts). Retrying...[0;m
[1;32mWed Sep 30 12:21:56 2026 [1;31mDL1IF[0;m[1;32m [1;31mERROR[0;m[1;32m <0001> pcuif_sock.c:210 Failed to connect to the BTS (/tmp/pcu_bts). Retrying...[0;m
[1;32mWed Sep 30 12:22:01 2026 [1;33mDL1IF[0;m[1;32m [1;33mNOTICE[0;m[1;32m <0001> pcuif_sock.c:220 osmo-bts PCU socket /tmp/pcu_bts has been connected[0;m
[1;32mWed Sep 30 12:22:01 2026 [1;33mDL1IF[0;m[1;32m [1;33mNOTICE[0;m[1;32m <0001> pcu_l1_if.cpp:1246 Received message for new BTS0[0;m
[38;5;57mWed Sep 30 12:22:01 2026 [1;33mDLNS[0;m[38;5;57m [1;33mNOTICE[0;m[38;5;57m <0024> gprs_ns2.c:575 NSE(00010) NS-STATUS.ind(bvci=00000): cause=NSE recovery, transfer=100, first=1, mtu=65523[0;m
[1;35mWed Sep 30 12:22:01 2026 [1;33mDPCU[0;m[1;35m [1;33mNOTICE[0;m[1;35m <000d> gprs_bssgp_pcu.c:681 NS-NSE 10 became available[0;m
[38;5;59mWed Sep 30 12:22:01 2026 [1;33mDLBSSGP[0;m[38;5;59m [1;33mNOTICE[0;m[38;5;59m <0025> gprs_bssgp.c:124 BSSGP (BVCI=0) Tx BVC-RESET CAUSE=O&M intervention[0;m
[38;5;57mWed Sep 30 12:22:01 2026 [1;33mDLNS[0;m[38;5;57m [1;33mNOTICE[0;m[38;5;57m <0024> gprs_ns2.c:571 NSE(00010)-NSVC(00010) NS-STATUS.ind(bvci=00000): cause=NSVC recovery, transfer=100, first=0, mtu=65523[0;m
[38;5;59mWed Sep 30 12:22:01 2026 [1;33mDLBSSGP[0;m[38;5;59m [1;33mNOTICE[0;m[38;5;59m <0025> gprs_bssgp_pcu.c:421 Rx BSSGP BVCI=0 (SIGN) BVC_RESET_ACK[0;m
[38;5;59mWed Sep 30 12:22:01 2026 [1;33mDLBSSGP[0;m[38;5;59m [1;33mNOTICE[0;m[38;5;59m <0025> gprs_bssgp.c:124 BSSGP (BVCI=12) Tx BVC-RESET CAUSE=O&M intervention[0;m
[38;5;59mWed Sep 30 12:22:01 2026 [1;33mDLBSSGP[0;m[38;5;59m [1;33mNOTICE[0;m[38;5;59m <0025> gprs_bssgp_pcu.c:421 Rx BSSGP BVCI=0 (SIGN) BVC_RESET_ACK[0;m
[38;5;59mWed Sep 30 12:22:01 2026 [1;33mDLBSSGP[0;m[38;5;59m [1;33mNOTICE[0;m[38;5;59m <0025> gprs_bssgp_bss.c:281 BSSGP (BVCI=12) Tx BVC-UNBLOCK[0;m
[38;5;59mWed Sep 30 12:22:01 2026 [1;33mDLBSSGP[0;m[38;5;59m [1;33mNOTICE[0;m[38;5;59m <0025> gprs_bssgp_pcu.c:435 Rx BSSGP BVCI=0 (SIGN) BVC_UNBLOCK_ACK[0;m
[1;32mWed Sep 30 12:29:06 2026 [1;31mDL1IF[0;m[1;32m [1;31mERROR[0;m[1;32m <0001> pcuif_sock.c:123 pcu_sock_read: recv() failed with rc=0 errno=9[0;m
[1;32mWed Sep 30 12:29:06 2026 [1;33mDL1IF[0;m[1;32m [1;33mNOTICE[0;m[1;32m <0001> pcuif_sock.c:78 PCU socket has LOST connection[0;m
[38;5;57mWed Sep 30 12:29:06 2026 [1;33mDLNS[0;m[38;5;57m [1;33mNOTICE[0;m[38;5;57m <0024> gprs_ns2.c:575 NSE(00010) NS-STATUS.ind(bvci=00000): cause=NSE failure, transfer=0, first=0, mtu=65523[0;m
[1;35mWed Sep 30 12:29:06 2026 [1;33mDPCU[0;m[1;35m [1;33mNOTICE[0;m[1;35m <000d> gprs_bssgp_pcu.c:690 NS-NSE 10 became unavailable[0;m
[38;5;57mWed Sep 30 12:29:06 2026 [1;33mDLNS[0;m[38;5;57m [1;33mNOTICE[0;m[38;5;57m <0024> gprs_ns2.c:571 NSE(00010)-NSVC(00010) NS-STATUS.ind(bvci=00000): cause=NSVC failure, transfer=0, first=0, mtu=65523[0;m
Wed Sep 30 12:29:08 2026 [1;33mDLGLOBAL[0;m [1;33mNOTICE[0;m <0011> telnet_interface.c:88 Available via telnet 127.0.0.1 4240
[1;32mWed Sep 30 12:29:08 2026 [1;31mDL1IF[0;m[1;32m [1;31mERROR[0;m[1;32m <0001> pcuif_sock.c:210 Failed to connect to the BTS (/tmp/pcu_bts). Retrying...[0;m
Wed Sep 30 12:29:28 2026 [1;33mDLGLOBAL[0;m [1;33mNOTICE[0;m <0011> telnet_interface.c:88 Available via telnet 127.0.0.1 4240
[1;32mWed Sep 30 12:29:28 2026 [1;31mDL1IF[0;m[1;32m [1;31mERROR[0;m[1;32m <0001> pcuif_sock.c:210 Failed to connect to the BTS (/tmp/pcu_bts). Retrying...[0;m
[1;32mWed Sep 30 12:29:33 2026 [1;31mDL1IF[0;m[1;32m [1;31mERROR[0;m[1;32m <0001> pcuif_sock.c:210 Failed to connect to the BTS (/tmp/pcu_bts). Retrying...[0;m
[1;32mWed Sep 30 12:29:38 2026 [1;31mDL1IF[0;m[1;32m [1;31mERROR[0;m[1;32m <0001> pcuif_sock.c:210 Failed to connect to the BTS (/tmp/pcu_bts). Retrying...[0;m
[1;32mWed Sep 30 12:29:43 2026 [1;31mDL1IF[0;m[1;32m [1;31mERROR[0;m[1;32m <0001> pcuif_sock.c:210 Failed to connect to the BTS (/tmp/pcu_bts). Retrying...[0;m
[1;32mWed Sep 30 12:29:48 2026 [1;33mDL1IF[0;m[1;32m [1;33mNOTICE[0;m[1;32m <0001> pcuif_sock.c:220 osmo-bts PCU socket /tmp/pcu_bts has been connected[0;m
[1;32mWed Sep 30 12:29:48 2026 [1;33mDL1IF[0;m[1;32m [1;33mNOTICE[0;m[1;32m <0001> pcu_l1_if.cpp:1246 Received message for new BTS0[0;m
[38;5;57mWed Sep 30 12:29:48 2026 [1;33mDLNS[0;m[38;5;57m [1;33mNOTICE[0;m[38;5;57m <0024> gprs_ns2.c:575 NSE(00010) NS-STATUS.ind(bvci=00000): cause=NSE recovery, transfer=100, first=1, mtu=65523[0;m
[1;35mWed Sep 30 12:29:48 2026 [1;33mDPCU[0;m[1;35m [1;33mNOTICE[0;m[1;35m <000d> gprs_bssgp_pcu.c:681 NS-NSE 10 became available[0;m
[38;5;59mWed Sep 30 12:29:48 2026 [1;33mDLBSSGP[0;m[38;5;59m [1;33mNOTICE[0;m[38;5;59m <0025> gprs_bssgp.c:124 BSSGP (BVCI=0) Tx BVC-RESET CAUSE=O&M intervention[0;m
[38;5;57mWed Sep 30 12:29:48 2026 [1;33mDLNS[0;m[38;5;57m [1;33mNOTICE[0;m[38;5;57m <0024> gprs_ns2.c:571 NSE(00010)-NSVC(00010) NS-STATUS.ind(bvci=00000): cause=NSVC recovery, transfer=100, first=0, mtu=65523[0;m
[38;5;59mWed Sep 30 12:29:48 2026 [1;33mDLBSSGP[0;m[38;5;59m [1;33mNOTICE[0;m[38;5;59m <0025> gprs_bssgp_pcu.c:421 Rx BSSGP BVCI=0 (SIGN) BVC_RESET_ACK[0;m
[38;5;59mWed Sep 30 12:29:48 2026 [1;33mDLBSSGP[0;m[38;5;59m [1;33mNOTICE[0;m[38;5;59m <0025> gprs_bssgp.c:124 BSSGP (BVCI=12) Tx BVC-RESET CAUSE=O&M intervention[0;m
[38;5;59mWed Sep 30 12:29:48 2026 [1;33mDLBSSGP[0;m[38;5;59m [1;33mNOTICE[0;m[38;5;59m <0025> gprs_bssgp_pcu.c:421 Rx BSSGP BVCI=0 (SIGN) BVC_RESET_ACK[0;m
[38;5;59mWed Sep 30 12:29:48 2026 [1;33mDLBSSGP[0;m[38;5;59m [1;33mNOTICE[0;m[38;5;59m <0025> gprs_bssgp_bss.c:281 BSSGP (BVCI=12) Tx BVC-UNBLOCK[0;m
[38;5;59mWed Sep 30 12:29:48 2026 [1;33mDLBSSGP[0;m[38;5;59m [1;33mNOTICE[0;m[38;5;59m <0025> gprs_bssgp_pcu.c:435 Rx BSSGP BVCI=0 (SIGN) BVC_UNBLOCK_ACK[0;m
[1;32mWed Sep 30 12:56:31 2026 [1;31mDL1IF[0;m[1;32m [1;31mERROR[0;m[1;32m <0001> pcuif_sock.c:123 pcu_sock_read: recv() failed with rc=0 errno=9[0;m
[1;32mWed Sep 30 12:56:31 2026 [1;33mDL1IF[0;m[1;32m [1;33mNOTICE[0;m[1;32m <0001> pcuif_sock.c:78 PCU socket has LOST connection[0;m
[38;5;57mWed Sep 30 12:56:31 2026 [1;33mDLNS[0;m[38;5;57m [1;33mNOTICE[0;m[38;5;57m <0024> gprs_ns2.c:575 NSE(00010) NS-STATUS.ind(bvci=00000): cause=NSE failure, transfer=0, first=0, mtu=65523[0;m
[1;35mWed Sep 30 12:56:31 2026 [1;33mDPCU[0;m[1;35m [1;33mNOTICE[0;m[1;35m <000d> gprs_bssgp_pcu.c:690 NS-NSE 10 became unavailable[0;m
[38;5;57mWed Sep 30 12:56:31 2026 [1;33mDLNS[0;m[38;5;57m [1;33mNOTICE[0;m[38;5;57m <0024> gprs_ns2.c:571 NSE(00010)-NSVC(00010) NS-STATUS.ind(bvci=00000): cause=NSVC failure, transfer=0, first=0, mtu=65523[0;m
Wed Sep 30 12:56:33 2026 [1;33mDLGLOBAL[0;m [1;33mNOTICE[0;m <0011> telnet_interface.c:88 Available via telnet 127.0.0.1 4240
[1;32mWed Sep 30 12:56:33 2026 [1;31mDL1IF[0;m[1;32m [1;31mERROR[0;m[1;32m <0001> pcuif_sock.c:210 Failed to connect to the BTS (/tmp/pcu_bts). Retrying...[0;m
Wed Sep 30 12:56:54 2026 [1;33mDLGLOBAL[0;m [1;33mNOTICE[0;m <0011> telnet_interface.c:88 Available via telnet 127.0.0.1 4240
[1;32mWed Sep 30 12:56:54 2026 [1;31mDL1IF[0;m[1;32m [1;31mERROR[0;m[1;32m <0001> pcuif_sock.c:210 Failed to connect to the BTS (/tmp/pcu_bts). Retrying...[0;m
[1;32mWed Sep 30 12:56:59 2026 [1;31mDL1IF[0;m[1;32m [1;31mERROR[0;m[1;32m <0001> pcuif_sock.c:210 Failed to connect to the BTS (/tmp/pcu_bts). Retrying...[0;m
[1;32mWed Sep 30 12:57:04 2026 [1;31mDL1IF[0;m[1;32m [1;31mERROR[0;m[1;32m <0001> pcuif_sock.c:210 Failed to connect to the BTS (/tmp/pcu_bts). Retrying...[0;m
[1;32mWed Sep 30 12:57:09 2026 [1;31mDL1IF[0;m[1;32m [1;31mERROR[0;m[1;32m <0001> pcuif_sock.c:210 Failed to connect to the BTS (/tmp/pcu_bts). Retrying...[0;m
[1;32mWed Sep 30 12:57:14 2026 [1;33mDL1IF[0;m[1;32m [1;33mNOTICE[0;m[1;32m <0001> pcuif_sock.c:220 osmo-bts PCU socket /tmp/pcu_bts has been connected[0;m
[1;32mWed Sep 30 12:57:14 2026 [1;33mDL1IF[0;m[1;32m [1;33mNOTICE[0;m[1;32m <0001> pcu_l1_if.cpp:1246 Received message for new BTS0[0;m
[38;5;57mWed Sep 30 12:57:14 2026 [1;33mDLNS[0;m[38;5;57m [1;33mNOTICE[0;m[38;5;57m <0024> gprs_ns2.c:575 NSE(00010) NS-STATUS.ind(bvci=00000): cause=NSE recovery, transfer=100, first=1, mtu=65523[0;m
[1;35mWed Sep 30 12:57:14 2026 [1;33mDPCU[0;m[1;35m [1;33mNOTICE[0;m[1;35m <000d> gprs_bssgp_pcu.c:681 NS-NSE 10 became available[0;m
[38;5;59mWed Sep 30 12:57:14 2026 [1;33mDLBSSGP[0;m[38;5;59m [1;33mNOTICE[0;m[38;5;59m <0025> gprs_bssgp.c:124 BSSGP (BVCI=0) Tx BVC-RESET CAUSE=O&M intervention[0;m
[38;5;57mWed Sep 30 12:57:14 2026 [1;33mDLNS[0;m[38;5;57m [1;33mNOTICE[0;m[38;5;57m <0024> gprs_ns2.c:571 NSE(00010)-NSVC(00010) NS-STATUS.ind(bvci=00000): cause=NSVC recovery, transfer=100, first=0, mtu=65523[0;m
[38;5;59mWed Sep 30 12:57:14 2026 [1;33mDLBSSGP[0;m[38;5;59m [1;33mNOTICE[0;m[38;5;59m <0025> gprs_bssgp_pcu.c:421 Rx BSSGP BVCI=0 (SIGN) BVC_RESET_ACK[0;m
[38;5;59mWed Sep 30 12:57:14 2026 [1;33mDLBSSGP[0;m[38;5;59m [1;33mNOTICE[0;m[38;5;59m <0025> gprs_bssgp.c:124 BSSGP (BVCI=12) Tx BVC-RESET CAUSE=O&M intervention[0;m
[38;5;59mWed Sep 30 12:57:14 2026 [1;33mDLBSSGP[0;m[38;5;59m [1;33mNOTICE[0;m[38;5;59m <0025> gprs_bssgp_pcu.c:421 Rx BSSGP BVCI=0 (SIGN) BVC_RESET_ACK[0;m
[38;5;59mWed Sep 30 12:57:14 2026 [1;33mDLBSSGP[0;m[38;5;59m [1;33mNOTICE[0;m[38;5;59m <0025> gprs_bssgp_bss.c:281 BSSGP (BVCI=12) Tx BVC-UNBLOCK[0;m
[38;5;59mWed Sep 30 12:57:14 2026 [1;33mDLBSSGP[0;m[38;5;59m [1;33mNOTICE[0;m[38;5;59m <0025> gprs_bssgp_pcu.c:435 Rx BSSGP BVCI=0 (SIGN) BVC_UNBLOCK_ACK[0;m
