12:57:18 [pont] pont TRX : ports 5700/5701/5702, ARFCN 514, BSIC 7, avance UL 3 trames
12:57:18 [pont] pont DSP : bursts vers le BSP udp/6702, bascule TCH suivie par le firmware (montant.c), retard UL max 26 trames, retention Kc oui
12:57:18 [pont] TS0 CCCH+SDCCH4  plan CCCH+SDCCH4, 4 sous-voies
12:57:18 [pont] TS1 SDCCH8       plan SDCCH8, 8 sous-voies
12:57:18 [pont] TS2 TCH/F        
12:57:18 [pont] TS3 TCH/F        
12:57:18 [pont] TS4 TCH/F        
12:57:18 [pont] TS5 TCH/F        
12:57:18 [pont] TS6 TCH/F        
12:57:18 [pont] TS7 TCH/F        
12:57:18 [pont] QEMU : pas de GSMTAP 4730/4731 (couche 1 gr-gsm desactivee) ; tap GSMTAP udp/4729
12:57:19 [pont] enregistrement descendant -> /root/record.cfile (buffer roulant de 4096 Mo)
12:57:19 [pont] enregistrement montant -> /root/record_ul.cfile (buffer roulant de 4096 Mo)
12:57:20 [pont] BTS 127.0.0.1 : horloge armee vers le port 5800
12:57:20 [pont] CTRL POWEROFF
12:57:20 [pont] CTRL RFMUTE 1
12:57:20 [pont] CTRL RFMUTE 0
12:57:20 [pont] CTRL SETFORMAT 2
12:57:20 [pont] CTRL RXTUNE 1710600
12:57:20 [pont] CTRL TXTUNE 1805600
12:57:20 [pont] CTRL SETTSC 7
12:57:20 [pont] CTRL SETFORMAT 0
12:57:20 [pont] CTRL NOMTXPOWER
12:57:20 [pont] CTRL POWERON
12:57:20 [pont] CTRL SETRXGAIN 40
12:57:20 [pont] CTRL SETSLOT 0 5
12:57:20 [pont] CTRL SETSLOT 1 7
12:57:20 [pont] CTRL SETSLOT 2 1
12:57:20 [pont] CTRL SETSLOT 3 1
12:57:20 [pont] CTRL SETSLOT 4 1
12:57:20 [pont] CTRL SETSLOT 5 1
12:57:20 [pont] CTRL SETSLOT 6 1
12:57:20 [pont] CTRL SETSLOT 7 1
12:57:20 [pont] horloge asservie au DSP (/dev/shm/calypso_horloge, avance visee 12 trames)
12:57:20 [pont] horloge : avance BTS mesuree -10 trames (creux sur 3 s), avance visee 26 pour une marge DL >= 16
12:57:20 [pont] horloge : avance BTS mesuree -24 trames (creux sur 3 s), avance visee 40 pour une marge DL >= 16
12:57:23 [pont] horloge : avance BTS mesuree -11 trames (creux sur 3 s), avance visee 27 pour une marge DL >= 16
12:57:23 [pont] STATS fn=1122 | DL bursts=292 blocs=72 crc=0 dummy=1038 hors_voie=65 | UL bursts=9 tard=0 rach=1 | TCH dl=0 facch=0 sacch=0 crc=0 ul=0 bursts=0 perdus=0 | FACCH ul=0 SACCH ul=2 | A5 dl=0 ul=0 | IQ dl=1088tr/5973bu ul=1088tr/9bu fifo_drop=1080/1080
12:57:23 [pont] canal dedie : SDCCH8 SS=0 TS=1 (DL fn%51=0, UL fn%51=15)
12:57:23 [pont] blocs par TS/base51 (ok/echec) : TS0/2:16/0 TS0/6:17/0 TS0/12:17/0 TS0/16:17/0 TS1/0:3/0 TS1/32:2/0
12:57:24 [pont] horloge : avance BTS mesuree -2 trames (creux sur 3 s), avance visee 18 pour une marge DL >= 16
12:57:24 [pont] horloge : avance BTS mesuree +1 trames (creux sur 3 s), avance visee 15 pour une marge DL >= 16
12:57:26 [pont] chiffrement descendant confirme par la BTS (fn=1664)
12:57:27 [pont] horloge : avance BTS mesuree -3 trames (creux sur 3 s), avance visee 19 pour une marge DL >= 16
12:57:27 [pont] horloge : avance BTS mesuree -7 trames (creux sur 3 s), avance visee 23 pour une marge DL >= 16
12:57:27 [pont] horloge : avance BTS mesuree -10 trames (creux sur 3 s), avance visee 26 pour une marge DL >= 16
12:57:27 [pont] horloge : avance BTS mesuree -14 trames (creux sur 3 s), avance visee 30 pour une marge DL >= 16
12:57:27 [pont] horloge : avance BTS mesuree -17 trames (creux sur 3 s), avance visee 33 pour une marge DL >= 16
12:57:27 [pont] horloge : avance BTS mesuree -21 trames (creux sur 3 s), avance visee 37 pour une marge DL >= 16
12:57:27 [pont] horloge : avance BTS mesuree -24 trames (creux sur 3 s), avance visee 40 pour une marge DL >= 16
12:57:27 [pont] CHANNEL RELEASE : en attente de la liberation du canal par le mobile
12:57:28 [pont] STATS fn=2206 | DL bursts=752 blocs=188 crc=0 dummy=1054 hors_voie=569 | UL bursts=93 tard=19 rach=1 | TCH dl=0 facch=0 sacch=0 crc=0 ul=0 bursts=0 perdus=0 | FACCH ul=0 SACCH ul=12 | A5 dl=52 ul=52 | IQ dl=2172tr/13907bu ul=2172tr/85bu fifo_drop=2157/2157
12:57:28 [pont] canal dedie : SDCCH8 SS=0 TS=1 (DL fn%51=0, UL fn%51=15)
12:57:28 [pont] blocs par TS/base51 (ok/echec) : TS0/2:38/0 TS0/6:39/0 TS0/12:39/0 TS0/16:38/0 TS1/0:25/0 TS1/32:9/0
12:57:29 [pont] canal libere par le mobile : Kc garde jusqu'a la prochaine IMMEDIATE ASSIGNMENT (la BTS chiffre encore)
12:57:30 [pont] horloge : marge DL reelle (recu - reclame par le DSP) min +2 moy +35.9 sur 6151 mesures, avance visee 40
12:57:30 [pont] horloge : avance BTS mesuree -17 trames (creux sur 3 s), avance visee 33 pour une marge DL >= 16
12:57:30 [pont] horloge : avance BTS mesuree -8 trames (creux sur 3 s), avance visee 24 pour une marge DL >= 16
12:57:31 [pont] horloge : avance BTS mesuree -1 trames (creux sur 3 s), avance visee 17 pour une marge DL >= 16
12:57:33 [pont] STATS fn=3265 | DL bursts=1085 blocs=271 crc=0 dummy=2422 hors_voie=617 | UL bursts=93 tard=19 rach=1 | TCH dl=0 facch=0 sacch=0 crc=0 ul=0 bursts=0 perdus=0 | FACCH ul=0 SACCH ul=12 | A5 dl=60 ul=52 | IQ dl=3231tr/22347bu ul=3231tr/85bu fifo_drop=3211/3211
12:57:33 [pont] blocs par TS/base51 (ok/echec) : TS0/2:58/0 TS0/6:59/0 TS0/12:59/0 TS0/16:59/0 TS1/0:27/0 TS1/32:9/0
12:57:35 [pont] horloge : avance BTS mesuree -5 trames (creux sur 3 s), avance visee 21 pour une marge DL >= 16
12:57:38 [pont] horloge : avance BTS mesuree -2 trames (creux sur 3 s), avance visee 18 pour une marge DL >= 16
12:57:38 [pont] STATS fn=4352 | DL bursts=1436 blocs=359 crc=0 dummy=3951 hors_voie=617 | UL bursts=93 tard=19 rach=1 | TCH dl=0 facch=0 sacch=0 crc=0 ul=0 bursts=0 perdus=0 | FACCH ul=0 SACCH ul=12 | A5 dl=60 ul=52 | IQ dl=4317tr/30971bu ul=4317tr/85bu fifo_drop=4288/4288
12:57:38 [pont] blocs par TS/base51 (ok/echec) : TS0/2:80/0 TS0/6:81/0 TS0/12:81/0 TS0/16:81/0 TS1/0:27/0 TS1/32:9/0
12:57:39 [pont] horloge : avance BTS mesuree +1 trames (creux sur 3 s), avance visee 15 pour une marge DL >= 16
12:57:40 [pont] horloge : marge DL reelle (recu - reclame par le DSP) min +10 moy +27.2 sur 5833 mesures, avance visee 15
12:57:43 [pont] STATS fn=5431 | DL bursts=1772 blocs=443 crc=0 dummy=5477 hors_voie=617 | UL bursts=93 tard=19 rach=1 | TCH dl=0 facch=0 sacch=0 crc=0 ul=0 bursts=0 perdus=0 | FACCH ul=0 SACCH ul=12 | A5 dl=60 ul=52 | IQ dl=5397tr/39579bu ul=5397tr/85bu fifo_drop=5359/5361
12:57:43 [pont] blocs par TS/base51 (ok/echec) : TS0/2:101/0 TS0/6:102/0 TS0/12:102/0 TS0/16:102/0 TS1/0:27/0 TS1/32:9/0
12:57:47 [pont] horloge : avance BTS mesuree -2 trames (creux sur 3 s), avance visee 18 pour une marge DL >= 16
12:57:48 [pont] STATS fn=6518 | DL bursts=2108 blocs=527 crc=0 dummy=7017 hors_voie=617 | UL bursts=93 tard=19 rach=1 | TCH dl=0 facch=0 sacch=0 crc=0 ul=0 bursts=0 perdus=0 | FACCH ul=0 SACCH ul=12 | A5 dl=60 ul=52 | IQ dl=6484tr/48275bu ul=6484tr/85bu fifo_drop=6441/6435
12:57:48 [pont] blocs par TS/base51 (ok/echec) : TS0/2:122/0 TS0/6:123/0 TS0/12:123/0 TS0/16:123/0 TS1/0:27/0 TS1/32:9/0
12:57:50 [pont] horloge : marge DL reelle (recu - reclame par le DSP) min +15 moy +22.8 sur 5919 mesures, avance visee 17
12:57:51 [pont] horloge : avance BTS mesuree +1 trames (creux sur 3 s), avance visee 15 pour une marge DL >= 16
12:57:53 [pont] STATS fn=7599 | DL bursts=2444 blocs=611 crc=0 dummy=8541 hors_voie=617 | UL bursts=93 tard=19 rach=1 | TCH dl=0 facch=0 sacch=0 crc=0 ul=0 bursts=0 perdus=0 | FACCH ul=0 SACCH ul=12 | A5 dl=60 ul=52 | IQ dl=7564tr/56915bu ul=7564tr/85bu fifo_drop=7514/7510
12:57:53 [pont] blocs par TS/base51 (ok/echec) : TS0/2:143/0 TS0/6:144/0 TS0/12:144/0 TS0/16:144/0 TS1/0:27/0 TS1/32:9/0
12:57:58 [pont] STATS fn=8682 | DL bursts=2791 blocs=697 crc=0 dummy=10066 hors_voie=617 | UL bursts=93 tard=19 rach=1 | TCH dl=0 facch=0 sacch=0 crc=0 ul=0 bursts=0 perdus=0 | FACCH ul=0 SACCH ul=12 | A5 dl=60 ul=52 | IQ dl=8647tr/65579bu ul=8647tr/85bu fifo_drop=8592/8584
12:57:58 [pont] blocs par TS/base51 (ok/echec) : TS0/2:165/0 TS0/6:166/0 TS0/12:165/0 TS0/16:165/0 TS1/0:27/0 TS1/32:9/0
12:58:00 [pont] horloge : avance BTS mesuree -2 trames (creux sur 3 s), avance visee 18 pour une marge DL >= 16
12:58:00 [pont] horloge : marge DL reelle (recu - reclame par le DSP) min +15 moy +22.6 sur 5829 mesures, avance visee 18
12:58:03 [pont] STATS fn=9768 | DL bursts=3132 blocs=783 crc=0 dummy=11602 hors_voie=617 | UL bursts=93 tard=19 rach=1 | TCH dl=0 facch=0 sacch=0 crc=0 ul=0 bursts=0 perdus=0 | FACCH ul=0 SACCH ul=12 | A5 dl=60 ul=52 | IQ dl=9734tr/74275bu ul=9734tr/85bu fifo_drop=9668/9661
12:58:03 [pont] blocs par TS/base51 (ok/echec) : TS0/2:186/0 TS0/6:187/0 TS0/12:187/0 TS0/16:187/0 TS1/0:27/0 TS1/32:9/0
12:58:04 [pont] horloge : avance BTS mesuree +1 trames (creux sur 3 s), avance visee 15 pour une marge DL >= 16
12:58:08 [pont] STATS fn=10850 | DL bursts=3468 blocs=867 crc=0 dummy=13132 hors_voie=617 | UL bursts=93 tard=19 rach=1 | TCH dl=0 facch=0 sacch=0 crc=0 ul=0 bursts=0 perdus=0 | FACCH ul=0 SACCH ul=12 | A5 dl=60 ul=52 | IQ dl=10816tr/82907bu ul=10816tr/85bu fifo_drop=10739/10738
12:58:08 [pont] blocs par TS/base51 (ok/echec) : TS0/2:207/0 TS0/6:208/0 TS0/12:208/0 TS0/16:208/0 TS1/0:27/0 TS1/32:9/0
12:58:10 [pont] horloge : marge DL reelle (recu - reclame par le DSP) min +15 moy +24.0 sur 5806 mesures, avance visee 15
12:58:13 [pont] STATS fn=11934 | DL bursts=3805 blocs=951 crc=0 dummy=14662 hors_voie=617 | UL bursts=93 tard=19 rach=1 | TCH dl=0 facch=0 sacch=0 crc=0 ul=0 bursts=0 perdus=0 | FACCH ul=0 SACCH ul=12 | A5 dl=60 ul=52 | IQ dl=11899tr/91575bu ul=11899tr/85bu fifo_drop=11815/11814
12:58:13 [pont] blocs par TS/base51 (ok/echec) : TS0/2:228/0 TS0/6:229/0 TS0/12:229/0 TS0/16:229/0 TS1/0:27/0 TS1/32:9/0
12:58:18 [pont] STATS fn=13015 | DL bursts=4149 blocs=1037 crc=0 dummy=16184 hors_voie=617 | UL bursts=93 tard=19 rach=1 | TCH dl=0 facch=0 sacch=0 crc=0 ul=0 bursts=0 perdus=0 | FACCH ul=0 SACCH ul=12 | A5 dl=60 ul=52 | IQ dl=12981tr/100227bu ul=12981tr/85bu fifo_drop=12888/12887
12:58:18 [pont] blocs par TS/base51 (ok/echec) : TS0/2:250/0 TS0/6:251/0 TS0/12:250/0 TS0/16:250/0 TS1/0:27/0 TS1/32:9/0
12:58:20 [pont] horloge : marge DL reelle (recu - reclame par le DSP) min +15 moy +22.6 sur 5833 mesures, avance visee 15
12:58:23 [pont] STATS fn=14099 | DL bursts=4492 blocs=1123 crc=0 dummy=17711 hors_voie=617 | UL bursts=93 tard=19 rach=1 | TCH dl=0 facch=0 sacch=0 crc=0 ul=0 bursts=0 perdus=0 | FACCH ul=0 SACCH ul=12 | A5 dl=60 ul=52 | IQ dl=14064tr/108891bu ul=14064tr/85bu fifo_drop=13962/13963
12:58:23 [pont] blocs par TS/base51 (ok/echec) : TS0/2:271/0 TS0/6:272/0 TS0/12:272/0 TS0/16:272/0 TS1/0:27/0 TS1/32:9/0
12:58:28 [pont] STATS fn=15182 | DL bursts=4828 blocs=1207 crc=0 dummy=19247 hors_voie=617 | UL bursts=93 tard=19 rach=1 | TCH dl=0 facch=0 sacch=0 crc=0 ul=0 bursts=0 perdus=0 | FACCH ul=0 SACCH ul=12 | A5 dl=60 ul=52 | IQ dl=15147tr/117555bu ul=15147tr/85bu fifo_drop=15036/15039
12:58:28 [pont] blocs par TS/base51 (ok/echec) : TS0/2:292/0 TS0/6:293/0 TS0/12:293/0 TS0/16:293/0 TS1/0:27/0 TS1/32:9/0
12:58:30 [pont] horloge : marge DL reelle (recu - reclame par le DSP) min +16 moy +22.1 sur 5868 mesures, avance visee 15
12:58:33 [pont] STATS fn=16266 | DL bursts=5164 blocs=1291 crc=0 dummy=20779 hors_voie=617 | UL bursts=93 tard=19 rach=1 | TCH dl=0 facch=0 sacch=0 crc=0 ul=0 bursts=0 perdus=0 | FACCH ul=0 SACCH ul=12 | A5 dl=60 ul=52 | IQ dl=16232tr/126235bu ul=16232tr/85bu fifo_drop=16112/16115
12:58:33 [pont] blocs par TS/base51 (ok/echec) : TS0/2:313/0 TS0/6:314/0 TS0/12:314/0 TS0/16:314/0 TS1/0:27/0 TS1/32:9/0
12:58:38 [pont] STATS fn=17349 | DL bursts=5508 blocs=1377 crc=0 dummy=22302 hors_voie=617 | UL bursts=93 tard=19 rach=1 | TCH dl=0 facch=0 sacch=0 crc=0 ul=0 bursts=0 perdus=0 | FACCH ul=0 SACCH ul=12 | A5 dl=60 ul=52 | IQ dl=17314tr/134891bu ul=17314tr/85bu fifo_drop=17189/17190
12:58:38 [pont] blocs par TS/base51 (ok/echec) : TS0/2:335/0 TS0/6:336/0 TS0/12:335/0 TS0/16:335/0 TS1/0:27/0 TS1/32:9/0
12:58:40 [pont] horloge : marge DL reelle (recu - reclame par le DSP) min +15 moy +22.3 sur 5819 mesures, avance visee 15
12:58:43 [pont] STATS fn=18434 | DL bursts=5852 blocs=1463 crc=0 dummy=23833 hors_voie=617 | UL bursts=93 tard=19 rach=1 | TCH dl=0 facch=0 sacch=0 crc=0 ul=0 bursts=0 perdus=0 | FACCH ul=0 SACCH ul=12 | A5 dl=60 ul=52 | IQ dl=18399tr/143571bu ul=18399tr/85bu fifo_drop=18265/18270
12:58:43 [pont] blocs par TS/base51 (ok/echec) : TS0/2:356/0 TS0/6:357/0 TS0/12:357/0 TS0/16:357/0 TS1/0:27/0 TS1/32:9/0
12:58:46 [pont] horloge : avance BTS mesuree -2 trames (creux sur 3 s), avance visee 18 pour une marge DL >= 16
12:58:46 [pont] horloge : avance BTS mesuree -6 trames (creux sur 3 s), avance visee 22 pour une marge DL >= 16
12:58:46 [pont] horloge : avance BTS mesuree -10 trames (creux sur 3 s), avance visee 26 pour une marge DL >= 16
12:58:46 [pont] horloge : avance BTS mesuree -14 trames (creux sur 3 s), avance visee 30 pour une marge DL >= 16
12:58:46 [pont] horloge : avance BTS mesuree -18 trames (creux sur 3 s), avance visee 34 pour une marge DL >= 16
12:58:46 [pont] horloge : avance BTS mesuree -25 trames (creux sur 3 s), avance visee 40 pour une marge DL >= 16
12:58:48 [pont] STATS fn=19541 | DL bursts=6196 blocs=1549 crc=0 dummy=25397 hors_voie=617 | UL bursts=93 tard=19 rach=1 | TCH dl=0 facch=0 sacch=0 crc=0 ul=0 bursts=0 perdus=0 | FACCH ul=0 SACCH ul=12 | A5 dl=60 ul=52 | IQ dl=19506tr/151527bu ul=19506tr/85bu fifo_drop=19365/19369
12:58:48 [pont] blocs par TS/base51 (ok/echec) : TS0/2:378/0 TS0/6:379/0 TS0/12:378/0 TS0/16:378/0 TS1/0:27/0 TS1/32:9/0
12:58:49 [pont] horloge : avance BTS mesuree -20 trames (creux sur 3 s), avance visee 36 pour une marge DL >= 16
12:58:49 [pont] horloge : avance BTS mesuree -8 trames (creux sur 3 s), avance visee 24 pour une marge DL >= 16
12:58:50 [pont] horloge : avance BTS mesuree -2 trames (creux sur 3 s), avance visee 18 pour une marge DL >= 16
12:58:50 [pont] horloge : marge DL reelle (recu - reclame par le DSP) min +9 moy +30.6 sur 5885 mesures, avance visee 16
12:58:51 [pont] horloge : avance BTS mesuree +1 trames (creux sur 3 s), avance visee 15 pour une marge DL >= 16
12:58:53 [pont] STATS fn=20599 | DL bursts=6524 blocs=1631 crc=0 dummy=26897 hors_voie=617 | UL bursts=93 tard=19 rach=1 | TCH dl=0 facch=0 sacch=0 crc=0 ul=0 bursts=0 perdus=0 | FACCH ul=0 SACCH ul=12 | A5 dl=60 ul=52 | IQ dl=20565tr/159975bu ul=20565tr/85bu fifo_drop=20413/20419
12:58:53 [pont] blocs par TS/base51 (ok/echec) : TS0/2:398/0 TS0/6:399/0 TS0/12:399/0 TS0/16:399/0 TS1/0:27/0 TS1/32:9/0
12:58:58 [pont] horloge : avance BTS mesuree +10 trames (creux sur 3 s), avance visee 10 pour une marge DL >= 16
12:58:58 [pont] STATS fn=21260 | DL bursts=6746 blocs=1686 crc=0 dummy=27853 hors_voie=617 | UL bursts=93 tard=19 rach=1 | TCH dl=0 facch=0 sacch=0 crc=0 ul=0 bursts=0 perdus=0 | FACCH ul=0 SACCH ul=12 | A5 dl=60 ul=52 | IQ dl=21226tr/165263bu ul=21226tr/85bu fifo_drop=21067/21071
12:58:58 [pont] blocs par TS/base51 (ok/echec) : TS0/2:412/0 TS0/6:413/0 TS0/12:413/0 TS0/16:412/0 TS1/0:27/0 TS1/32:9/0
12:59:00 [pont] horloge : marge DL reelle (recu - reclame par le DSP) min +16 moy +94.2 sur 5389 mesures, avance visee 10
12:59:00 [pont] horloge : avance BTS mesuree +3 trames (creux sur 3 s), avance visee 13 pour une marge DL >= 16
12:59:01 [pont] horloge : avance BTS mesuree +0 trames (creux sur 3 s), avance visee 16 pour une marge DL >= 16
12:59:01 [pont] horloge : avance BTS mesuree -3 trames (creux sur 3 s), avance visee 19 pour une marge DL >= 16
12:59:01 [pont] horloge : avance BTS mesuree -6 trames (creux sur 3 s), avance visee 22 pour une marge DL >= 16
12:59:01 [pont] horloge : avance BTS mesuree -9 trames (creux sur 3 s), avance visee 25 pour une marge DL >= 16
12:59:01 [pont] horloge : avance BTS mesuree -13 trames (creux sur 3 s), avance visee 29 pour une marge DL >= 16
12:59:01 [pont] horloge : avance BTS mesuree -16 trames (creux sur 3 s), avance visee 32 pour une marge DL >= 16
12:59:01 [pont] horloge : avance BTS mesuree -19 trames (creux sur 3 s), avance visee 35 pour une marge DL >= 16
12:59:01 [pont] horloge : avance BTS mesuree -22 trames (creux sur 3 s), avance visee 38 pour une marge DL >= 16
12:59:03 [pont] STATS fn=22234 | DL bursts=7036 blocs=1759 crc=0 dummy=29204 hors_voie=617 | UL bursts=93 tard=19 rach=1 | TCH dl=0 facch=0 sacch=0 crc=0 ul=0 bursts=0 perdus=0 | FACCH ul=0 SACCH ul=12 | A5 dl=60 ul=52 | IQ dl=22200tr/172367bu ul=22200tr/85bu fifo_drop=22030/22034
12:59:03 [pont] blocs par TS/base51 (ok/echec) : TS0/2:430/0 TS0/6:431/0 TS0/12:431/0 TS0/16:431/0 TS1/0:27/0 TS1/32:9/0
12:59:04 [pont] horloge : avance BTS mesuree -9 trames (creux sur 3 s), avance visee 25 pour une marge DL >= 16
12:59:04 [pont] horloge : avance BTS mesuree -3 trames (creux sur 3 s), avance visee 19 pour une marge DL >= 16
12:59:05 [pont] horloge : avance BTS mesuree +0 trames (creux sur 3 s), avance visee 16 pour une marge DL >= 16
12:59:08 [pont] STATS fn=23294 | DL bursts=7372 blocs=1843 crc=0 dummy=30700 hors_voie=617 | UL bursts=93 tard=19 rach=1 | TCH dl=0 facch=0 sacch=0 crc=0 ul=0 bursts=0 perdus=0 | FACCH ul=0 SACCH ul=12 | A5 dl=60 ul=52 | IQ dl=23260tr/180847bu ul=23260tr/85bu fifo_drop=23085/23087
12:59:08 [pont] blocs par TS/base51 (ok/echec) : TS0/2:451/0 TS0/6:452/0 TS0/12:452/0 TS0/16:452/0 TS1/0:27/0 TS1/32:9/0
12:59:10 [pont] horloge : marge DL reelle (recu - reclame par le DSP) min +12 moy +30.3 sur 5921 mesures, avance visee 16
12:59:13 [pont] STATS fn=24379 | DL bursts=7710 blocs=1927 crc=0 dummy=32231 hors_voie=617 | UL bursts=93 tard=19 rach=1 | TCH dl=0 facch=0 sacch=0 crc=0 ul=0 bursts=0 perdus=0 | FACCH ul=0 SACCH ul=12 | A5 dl=60 ul=52 | IQ dl=24345tr/189503bu ul=24345tr/85bu fifo_drop=24160/24163
12:59:13 [pont] blocs par TS/base51 (ok/echec) : TS0/2:472/0 TS0/6:473/0 TS0/12:473/0 TS0/16:473/0 TS1/0:27/0 TS1/32:9/0
12:59:18 [pont] STATS fn=25463 | DL bursts=8057 blocs=2014 crc=0 dummy=33756 hors_voie=617 | UL bursts=93 tard=19 rach=1 | TCH dl=0 facch=0 sacch=0 crc=0 ul=0 bursts=0 perdus=0 | FACCH ul=0 SACCH ul=12 | A5 dl=60 ul=52 | IQ dl=25429tr/198175bu ul=25429tr/85bu fifo_drop=25237/25242
12:59:18 [pont] blocs par TS/base51 (ok/echec) : TS0/2:494/0 TS0/6:495/0 TS0/12:495/0 TS0/16:494/0 TS1/0:27/0 TS1/32:9/0
12:59:20 [pont] horloge : marge DL reelle (recu - reclame par le DSP) min +15 moy +23.5 sur 5841 mesures, avance visee 16
12:59:23 [pont] STATS fn=26545 | DL bursts=8396 blocs=2099 crc=0 dummy=35283 hors_voie=617 | UL bursts=93 tard=19 rach=1 | TCH dl=0 facch=0 sacch=0 crc=0 ul=0 bursts=0 perdus=0 | FACCH ul=0 SACCH ul=12 | A5 dl=60 ul=52 | IQ dl=26510tr/206823bu ul=26510tr/85bu fifo_drop=26311/26316
12:59:23 [pont] blocs par TS/base51 (ok/echec) : TS0/2:515/0 TS0/6:516/0 TS0/12:516/0 TS0/16:516/0 TS1/0:27/0 TS1/32:9/0
12:59:28 [pont] STATS fn=27629 | DL bursts=8732 blocs=2183 crc=0 dummy=36819 hors_voie=617 | UL bursts=93 tard=19 rach=1 | TCH dl=0 facch=0 sacch=0 crc=0 ul=0 bursts=0 perdus=0 | FACCH ul=0 SACCH ul=12 | A5 dl=60 ul=52 | IQ dl=27594tr/215495bu ul=27594tr/85bu fifo_drop=27384/27391
12:59:28 [pont] blocs par TS/base51 (ok/echec) : TS0/2:536/0 TS0/6:537/0 TS0/12:537/0 TS0/16:537/0 TS1/0:27/0 TS1/32:9/0
12:59:30 [pont] horloge : marge DL reelle (recu - reclame par le DSP) min +15 moy +22.3 sur 5826 mesures, avance visee 16
12:59:33 [pont] STATS fn=28711 | DL bursts=9068 blocs=2267 crc=0 dummy=38347 hors_voie=617 | UL bursts=93 tard=19 rach=1 | TCH dl=0 facch=0 sacch=0 crc=0 ul=0 bursts=0 perdus=0 | FACCH ul=0 SACCH ul=12 | A5 dl=60 ul=52 | IQ dl=28676tr/224151bu ul=28676tr/85bu fifo_drop=28457/28466
12:59:33 [pont] blocs par TS/base51 (ok/echec) : TS0/2:557/0 TS0/6:558/0 TS0/12:558/0 TS0/16:558/0 TS1/0:27/0 TS1/32:9/0
12:59:36 [pont] Kc lache (IMMEDIATE ASSIGNMENT) : le lien repart en clair
12:59:38 [pont] chiffrement descendant confirme par la BTS (fn=29612)
12:59:38 [pont] STATS fn=29798 | DL bursts=9480 blocs=2369 crc=1 dummy=39203 hors_voie=833 | UL bursts=130 tard=19 rach=2 | TCH dl=0 facch=0 sacch=0 crc=0 ul=0 bursts=0 perdus=0 | FACCH ul=0 SACCH ul=17 | A5 dl=88 ul=80 | IQ dl=29763tr/232815bu ul=29763tr/122bu fifo_drop=29537/29548
12:59:38 [pont] canal dedie : SDCCH8 SS=0 TS=1 (DL fn%51=0, UL fn%51=15)
12:59:38 [pont] blocs par TS/base51 (ok/echec) : TS0/2:579/0 TS0/6:580/0 TS0/12:580/0 TS0/16:579/0 TS1/0:37/1 TS1/32:14/0
12:59:40 [pont] horloge : marge DL reelle (recu - reclame par le DSP) min +14 moy +23.0 sur 5994 mesures, avance visee 16
12:59:41 [pont] CHANNEL RELEASE : en attente de la liberation du canal par le mobile
12:59:42 [pont] canal libere par le mobile : Kc garde jusqu'a la prochaine IMMEDIATE ASSIGNMENT (la BTS chiffre encore)
12:59:43 [pont] STATS fn=30880 | DL bursts=9908 blocs=2476 crc=1 dummy=39612 hors_voie=1210 | UL bursts=190 tard=19 rach=2 | TCH dl=0 facch=0 sacch=0 crc=0 ul=0 bursts=0 perdus=0 | FACCH ul=0 SACCH ul=24 | A5 dl=176 ul=140 | IQ dl=30846tr/241479bu ul=30846tr/182bu fifo_drop=30610/30624
12:59:43 [pont] blocs par TS/base51 (ok/echec) : TS0/2:600/0 TS0/6:601/0 TS0/12:601/0 TS0/16:601/0 TS1/0:54/1 TS1/32:19/0
12:59:48 [pont] STATS fn=31964 | DL bursts=10244 blocs=2560 crc=1 dummy=41148 hors_voie=1210 | UL bursts=190 tard=19 rach=2 | TCH dl=0 facch=0 sacch=0 crc=0 ul=0 bursts=0 perdus=0 | FACCH ul=0 SACCH ul=24 | A5 dl=176 ul=140 | IQ dl=31930tr/250151bu ul=31930tr/182bu fifo_drop=31685/31703
12:59:48 [pont] blocs par TS/base51 (ok/echec) : TS0/2:621/0 TS0/6:622/0 TS0/12:622/0 TS0/16:622/0 TS1/0:54/1 TS1/32:19/0
12:59:50 [pont] horloge : marge DL reelle (recu - reclame par le DSP) min +15 moy +23.5 sur 5870 mesures, avance visee 18
12:59:53 [pont] STATS fn=33045 | DL bursts=10580 blocs=2644 crc=1 dummy=42675 hors_voie=1210 | UL bursts=190 tard=19 rach=2 | TCH dl=0 facch=0 sacch=0 crc=0 ul=0 bursts=0 perdus=0 | FACCH ul=0 SACCH ul=24 | A5 dl=176 ul=140 | IQ dl=33011tr/258799bu ul=33011tr/182bu fifo_drop=32755/32775
12:59:53 [pont] blocs par TS/base51 (ok/echec) : TS0/2:642/0 TS0/6:643/0 TS0/12:643/0 TS0/16:643/0 TS1/0:54/1 TS1/32:19/0
12:59:55 [pont] Kc lache (IMMEDIATE ASSIGNMENT) : le lien repart en clair
12:59:56 [pont] chiffrement descendant confirme par la BTS (fn=33660)
12:59:58 [pont] STATS fn=34128 | DL bursts=11024 blocs=2754 crc=2 dummy=43139 hors_voie=1562 | UL bursts=247 tard=19 rach=3 | TCH dl=0 facch=0 sacch=0 crc=0 ul=0 bursts=0 perdus=0 | FACCH ul=0 SACCH ul=31 | A5 dl=240 ul=188 | IQ dl=34094tr/267431bu ul=34094tr/239bu fifo_drop=33831/33851
12:59:58 [pont] canal dedie : SDCCH8 SS=0 TS=1 (DL fn%51=0, UL fn%51=15)
12:59:58 [pont] blocs par TS/base51 (ok/echec) : TS0/2:664/0 TS0/6:665/0 TS0/12:664/0 TS0/16:664/0 TS1/0:70/2 TS1/32:27/0
12:59:59 [pont] CHANNEL RELEASE : en attente de la liberation du canal par le mobile
13:00:00 [pont] horloge : marge DL reelle (recu - reclame par le DSP) min +14 moy +23.0 sur 6085 mesures, avance visee 15
13:00:00 [pont] canal libere par le mobile : Kc garde jusqu'a la prochaine IMMEDIATE ASSIGNMENT (la BTS chiffre encore)
13:00:03 [pont] STATS fn=35212 | DL bursts=11412 blocs=2851 crc=2 dummy=44050 hors_voie=1770 | UL bursts=279 tard=19 rach=3 | TCH dl=0 facch=0 sacch=0 crc=0 ul=0 bursts=0 perdus=0 | FACCH ul=0 SACCH ul=35 | A5 dl=284 ul=220 | IQ dl=35177tr/276095bu ul=35177tr/271bu fifo_drop=34909/34927
13:00:03 [pont] blocs par TS/base51 (ok/echec) : TS0/2:685/0 TS0/6:686/0 TS0/12:686/0 TS0/16:686/0 TS1/0:80/2 TS1/32:28/0
13:00:08 [pont] STATS fn=36295 | DL bursts=11748 blocs=2935 crc=2 dummy=45586 hors_voie=1770 | UL bursts=280 tard=19 rach=4 | TCH dl=0 facch=0 sacch=0 crc=0 ul=0 bursts=0 perdus=0 | FACCH ul=0 SACCH ul=35 | A5 dl=284 ul=220 | IQ dl=36260tr/284759bu ul=36260tr/271bu fifo_drop=35985/36002
13:00:08 [pont] blocs par TS/base51 (ok/echec) : TS0/2:706/0 TS0/6:707/0 TS0/12:707/0 TS0/16:707/0 TS1/0:80/2 TS1/32:28/0
13:00:09 [pont] Kc lache (IMMEDIATE ASSIGNMENT) : le lien repart en clair
13:00:10 [pont] horloge : marge DL reelle (recu - reclame par le DSP) min +15 moy +22.3 sur 5928 mesures, avance visee 15
13:00:10 [pont] chiffrement descendant confirme par la BTS (fn=36650)
13:00:13 [pont] CHANNEL RELEASE : en attente de la liberation du canal par le mobile
13:00:13 [pont] STATS fn=37380 | DL bursts=12180 blocs=3042 crc=3 dummy=45707 hors_voie=2250 | UL bursts=360 tard=19 rach=4 | TCH dl=0 facch=0 sacch=0 crc=0 ul=0 bursts=0 perdus=0 | FACCH ul=0 SACCH ul=45 | A5 dl=344 ul=292 | IQ dl=37346tr/293447bu ul=37346tr/348bu fifo_drop=37064/37081
13:00:13 [pont] canal dedie : SDCCH8 SS=0 TS=1 (DL fn%51=0, UL fn%51=15)
13:00:13 [pont] blocs par TS/base51 (ok/echec) : TS0/2:727/0 TS0/6:728/0 TS0/12:728/0 TS0/16:728/0 TS1/0:98/3 TS1/32:33/0
13:00:15 [pont] canal libere par le mobile : Kc garde jusqu'a la prochaine IMMEDIATE ASSIGNMENT (la BTS chiffre encore)
13:00:18 [pont] STATS fn=38462 | DL bursts=12524 blocs=3128 crc=3 dummy=46771 hors_voie=2414 | UL bursts=372 tard=19 rach=4 | TCH dl=0 facch=0 sacch=0 crc=0 ul=0 bursts=0 perdus=0 | FACCH ul=0 SACCH ul=47 | A5 dl=344 ul=304 | IQ dl=38427tr/302095bu ul=38427tr/364bu fifo_drop=38136/38151
13:00:18 [pont] blocs par TS/base51 (ok/echec) : TS0/2:749/0 TS0/6:750/0 TS0/12:749/0 TS0/16:749/0 TS1/0:98/3 TS1/32:33/0
13:00:20 [pont] horloge : marge DL reelle (recu - reclame par le DSP) min +15 moy +22.7 sur 6030 mesures, avance visee 15
13:00:23 [pont] Kc lache (IMMEDIATE ASSIGNMENT) : le lien repart en clair
13:00:23 [pont] STATS fn=39545 | DL bursts=12872 blocs=3214 crc=4 dummy=48293 hors_voie=2414 | UL bursts=373 tard=19 rach=5 | TCH dl=0 facch=0 sacch=0 crc=0 ul=0 bursts=0 perdus=0 | FACCH ul=0 SACCH ul=47 | A5 dl=348 ul=304 | IQ dl=39510tr/310759bu ul=39510tr/365bu fifo_drop=39208/39229
13:00:23 [pont] blocs par TS/base51 (ok/echec) : TS0/2:770/0 TS0/6:771/0 TS0/12:771/0 TS0/16:771/0 TS1/0:98/4 TS1/32:33/0
13:00:24 [pont] horloge : avance BTS mesuree -3 trames (creux sur 3 s), avance visee 19 pour une marge DL >= 16
13:00:26 [pont] chiffrement descendant confirme par la BTS (fn=40086)
13:00:27 [pont] horloge : avance BTS mesuree +0 trames (creux sur 3 s), avance visee 16 pour une marge DL >= 16
13:00:28 [pont] STATS fn=40629 | DL bursts=13320 blocs=3326 crc=4 dummy=48381 hors_voie=2903 | UL bursts=449 tard=19 rach=5 | TCH dl=0 facch=0 sacch=0 crc=0 ul=0 bursts=0 perdus=0 | FACCH ul=0 SACCH ul=57 | A5 dl=400 ul=356 | IQ dl=40594tr/319437bu ul=40594tr/441bu fifo_drop=40282/40306
13:00:28 [pont] canal dedie : SDCCH8 SS=0 TS=1 (DL fn%51=0, UL fn%51=15)
13:00:28 [pont] blocs par TS/base51 (ok/echec) : TS0/2:791/0 TS0/6:792/0 TS0/12:792/0 TS0/16:792/0 TS1/0:119/4 TS1/32:40/0
13:00:29 [pont] CHANNEL RELEASE : en attente de la liberation du canal par le mobile
13:00:30 [pont] horloge : marge DL reelle (recu - reclame par le DSP) min +15 moy +23.5 sur 6164 mesures, avance visee 15
13:00:31 [pont] canal libere par le mobile : Kc garde jusqu'a la prochaine IMMEDIATE ASSIGNMENT (la BTS chiffre encore)
13:00:33 [pont] horloge : avance BTS mesuree -9 trames (creux sur 3 s), avance visee 25 pour une marge DL >= 16
13:00:33 [pont] horloge : avance BTS mesuree -17 trames (creux sur 3 s), avance visee 33 pour une marge DL >= 16
13:00:33 [pont] horloge : avance BTS mesuree -25 trames (creux sur 3 s), avance visee 40 pour une marge DL >= 16
13:00:33 [pont] STATS fn=41730 | DL bursts=13664 blocs=3412 crc=4 dummy=49315 hors_voie=3123 | UL bursts=481 tard=20 rach=5 | TCH dl=0 facch=0 sacch=0 crc=0 ul=0 bursts=0 perdus=0 | FACCH ul=0 SACCH ul=61 | A5 dl=404 ul=388 | IQ dl=41696tr/327599bu ul=41696tr/473bu fifo_drop=41375/41397
13:00:33 [pont] blocs par TS/base51 (ok/echec) : TS0/2:813/0 TS0/6:813/0 TS0/12:813/0 TS0/16:813/0 TS1/0:120/4 TS1/32:40/0
13:00:36 [pont] horloge : avance BTS mesuree -14 trames (creux sur 3 s), avance visee 30 pour une marge DL >= 16
13:00:36 [pont] horloge : avance BTS mesuree -5 trames (creux sur 3 s), avance visee 21 pour une marge DL >= 16
13:00:37 [pont] horloge : avance BTS mesuree -1 trames (creux sur 3 s), avance visee 17 pour une marge DL >= 16
13:00:38 [pont] STATS fn=42795 | DL bursts=14002 blocs=3496 crc=4 dummy=50829 hors_voie=3123 | UL bursts=481 tard=20 rach=5 | TCH dl=0 facch=0 sacch=0 crc=0 ul=0 bursts=0 perdus=0 | FACCH ul=0 SACCH ul=61 | A5 dl=404 ul=388 | IQ dl=42761tr/335986bu ul=42761tr/473bu fifo_drop=42431/42451
13:00:38 [pont] blocs par TS/base51 (ok/echec) : TS0/2:834/0 TS0/6:834/0 TS0/12:834/0 TS0/16:834/0 TS1/0:120/4 TS1/32:40/0
13:00:40 [pont] horloge : marge DL reelle (recu - reclame par le DSP) min +8 moy +30.9 sur 5840 mesures, avance visee 15
13:00:43 [pont] Kc lache (IMMEDIATE ASSIGNMENT) : le lien repart en clair
13:00:43 [pont] STATS fn=43879 | DL bursts=14348 blocs=3583 crc=4 dummy=52355 hors_voie=3123 | UL bursts=482 tard=20 rach=6 | TCH dl=0 facch=0 sacch=0 crc=0 ul=0 bursts=0 perdus=0 | FACCH ul=0 SACCH ul=61 | A5 dl=404 ul=388 | IQ dl=43845tr/344658bu ul=43845tr/474bu fifo_drop=43505/43528
13:00:43 [pont] blocs par TS/base51 (ok/echec) : TS0/2:855/0 TS0/6:856/0 TS0/12:856/0 TS0/16:856/0 TS1/0:120/4 TS1/32:40/0
13:00:45 [pont] chiffrement descendant confirme par la BTS (fn=44198)
13:00:46 [pont] ASSIGNMENT COMMAND : TCH TN=2 TSC=7 ARFCN=514 annonce au DSP, bascule du BSP a la premiere tache TCH du firmware
13:00:46 [pont] FACCH montante ECARTEE (pas une adresse SAPI 0) : e4 f4 74 f0 27 7c e4 f4 00 fe 00 02 00 fe 00 fe 00 fe 00 02 00 02 00
13:00:46 [pont] le mobile est sur le TCH TN=2 (FACCH montante) : montant TCH ouvert
13:00:46 [pont] FACCH montante non-I : 01 3f 01 2b 2b 2b 2b 2b 2b 2b 2b 2b 2b 2b 2b 2b 2b 2b 2b 2b 2b 2b 2b
13:00:46 [pont] canal dedie : TCH/F TS=2 SS=0 annonce par le firmware (SDCCH SS=0 TS=1 garde pour un retour)
13:00:46 [pont] FACCH montante non-I : 03 21 01 2b 2b 2b 2b 2b 2b 2b 2b 2b 2b 2b 2b 2b 2b 2b 2b 2b 2b 2b 2b
13:00:47 [pont] FACCH montante non-I : 03 39 01 2b 2b 2b 2b 2b 2b 2b 2b 2b 2b 2b 2b 2b 2b 2b 2b 2b 2b 2b 2b
13:00:47 [pont] horloge : avance BTS mesuree -7 trames (creux sur 3 s), avance visee 23 pour une marge DL >= 16
13:00:47 [pont] FACCH montante non-I : 03 41 01 2b 2b 2b 2b 2b 2b 2b 2b 2b 2b 2b 2b 2b 2b 2b 2b 2b 2b 2b 2b
13:00:47 [pont] FACCH montante non-I : 03 59 01 2b 2b 2b 2b 2b 2b 2b 2b 2b 2b 2b 2b 2b 2b 2b 2b 2b 2b 2b 2b
13:00:48 [pont] STATS fn=44970 | DL bursts=14788 blocs=3687 crc=10 dummy=52455 hors_voie=3619 | UL bursts=1042 tard=22 rach=6 | TCH dl=93 facch=8 sacch=4 crc=37 ul=84 bursts=507 perdus=0 | FACCH ul=7 SACCH ul=71 | A5 dl=1045 ul=940 | IQ dl=44935tr/353338bu ul=44935tr/1028bu fifo_drop=44586/44613
13:00:48 [pont] canal dedie : SDCCH8 SS=0 TS=1 (DL fn%51=0, UL fn%51=15)
13:00:48 [pont] blocs par TS/base51 (ok/echec) : TS0/2:876/0 TS0/6:877/0 TS0/12:877/0 TS0/16:877/0 TS1/0:134/10 TS1/32:46/0
13:00:50 [pont] horloge : marge DL reelle (recu - reclame par le DSP) min +8 moy +25.0 sur 8527 mesures, avance visee 22
13:00:50 [pont] horloge : avance BTS mesuree -3 trames (creux sur 3 s), avance visee 19 pour une marge DL >= 16
13:00:50 [pont] horloge : avance BTS mesuree +0 trames (creux sur 3 s), avance visee 16 pour une marge DL >= 16
13:00:53 [pont] horloge : avance BTS mesuree -3 trames (creux sur 3 s), avance visee 19 pour une marge DL >= 16
13:00:53 [pont] STATS fn=46046 | DL bursts=15124 blocs=3771 crc=10 dummy=52625 hors_voie=4126 | UL bursts=2076 tard=23 rach=6 | TCH dl=340 facch=8 sacch=14 crc=38 ul=334 bursts=1500 perdus=0 | FACCH ul=7 SACCH ul=82 | A5 dl=2141 ul=1974 | IQ dl=46012tr/361954bu ul=46012tr/2064bu fifo_drop=45654/45683
13:00:53 [pont] canal dedie : SDCCH8 SS=0 TS=1 (DL fn%51=0, UL fn%51=15)
13:00:53 [pont] blocs par TS/base51 (ok/echec) : TS0/2:897/0 TS0/6:898/0 TS0/12:898/0 TS0/16:898/0 TS1/0:134/10 TS1/32:46/0
13:00:55 [pont] FACCH montante non-I : 03 61 01 2b 2b 2b 2b 2b 2b 2b 2b 2b 2b 2b 2b 2b 2b 2b 2b 2b 2b 2b 2b
13:00:55 [pont] FACCH montante non-I : 03 79 01 2b 2b 2b 2b 2b 2b 2b 2b 2b 2b 2b 2b 2b 2b 2b 2b 2b 2b 2b 2b
13:00:56 [pont] CHANNEL RELEASE (FACCH) : TCH TN=2 maintenu jusqu'a la liberation par le mobile
13:00:56 [pont] FACCH montante non-I : 03 81 01 2b 2b 2b 2b 2b 2b 2b 2b 2b 2b 2b 2b 2b 2b 2b 2b 2b 2b 2b 2b
13:00:56 [pont] FACCH montante non-I : 01 53 01 2b 2b 2b 2b 2b 2b 2b 2b 2b 2b 2b 2b 2b 2b 2b 2b 2b 2b 2b 2b
13:00:56 [pont] TCH TN=2 ferme (canal libere par le mobile)
13:00:56 [pont] canal libere par le mobile : Kc garde jusqu'a la prochaine IMMEDIATE ASSIGNMENT (la BTS chiffre encore)
13:00:57 [pont] horloge : avance BTS mesuree +0 trames (creux sur 3 s), avance visee 16 pour une marge DL >= 16
13:00:58 [pont] STATS fn=47129 | DL bursts=15466 blocs=3856 crc=10 dummy=53337 hors_voie=4434 | UL bursts=2707 tard=25 rach=6 | TCH dl=429 facch=16 sacch=18 crc=93 ul=422 bursts=2105 perdus=0 | FACCH ul=13 SACCH ul=87 | A5 dl=2805 ul=2605 | IQ dl=47095tr/370618bu ul=47095tr/2699bu fifo_drop=46727/46759
13:00:58 [pont] blocs par TS/base51 (ok/echec) : TS0/2:919/0 TS0/6:919/0 TS0/12:919/0 TS0/16:919/0 TS1/0:134/10 TS1/32:46/0
13:01:00 [pont] horloge : marge DL reelle (recu - reclame par le DSP) min +15 moy +24.1 sur 10008 mesures, avance visee 15
13:01:03 [pont] Kc lache (IMMEDIATE ASSIGNMENT) : le lien repart en clair
13:01:03 [pont] STATS fn=48213 | DL bursts=15836 blocs=3948 crc=11 dummy=54696 hors_voie=4482 | UL bursts=2716 tard=25 rach=7 | TCH dl=429 facch=16 sacch=18 crc=93 ul=422 bursts=2105 perdus=0 | FACCH ul=13 SACCH ul=89 | A5 dl=2809 ul=2605 | IQ dl=48179tr/379290bu ul=48178tr/2708bu fifo_drop=47799/47835
13:01:03 [pont] canal dedie : SDCCH8 SS=0 TS=1 (DL fn%51=0, UL fn%51=15)
13:01:03 [pont] blocs par TS/base51 (ok/echec) : TS0/2:940/0 TS0/6:941/0 TS0/12:941/0 TS0/16:941/0 TS1/0:137/11 TS1/32:48/0
13:01:04 [pont] chiffrement descendant confirme par la BTS (fn=48380)
13:01:05 [pont] ASSIGNMENT COMMAND : TCH TN=2 TSC=7 ARFCN=514 annonce au DSP, bascule du BSP a la premiere tache TCH du firmware
13:01:05 [pont] canal dedie : TCH/F TS=2 SS=0 annonce par le firmware (SDCCH SS=0 TS=1 garde pour un retour)
13:01:05 [pont] le mobile est sur le TCH TN=2 (FACCH montante) : montant TCH ouvert
13:01:05 [pont] FACCH montante non-I : 01 3f 01 2b 2b 2b 2b 2b 2b 2b 2b 2b 2b 2b 2b 2b 2b 2b 2b 2b 2b 2b 2b
13:01:06 [pont] FACCH montante non-I : 03 21 01 2b 2b 2b 2b 2b 2b 2b 2b 2b 2b 2b 2b 2b 2b 2b 2b 2b 2b 2b 2b
13:01:06 [pont] FACCH montante non-I : 03 39 01 2b 2b 2b 2b 2b 2b 2b 2b 2b 2b 2b 2b 2b 2b 2b 2b 2b 2b 2b 2b
13:01:06 [pont] FACCH montante non-I : 03 41 01 2b 2b 2b 2b 2b 2b 2b 2b 2b 2b 2b 2b 2b 2b 2b 2b 2b 2b 2b 2b
13:01:06 [pont] FACCH montante non-I : 03 59 01 2b 2b 2b 2b 2b 2b 2b 2b 2b 2b 2b 2b 2b 2b 2b 2b 2b 2b 2b 2b
13:01:08 [pont] STATS fn=49296 | DL bursts=16256 blocs=4046 crc=18 dummy=54766 hors_voie=4995 | UL bursts=3399 tard=25 rach=7 | TCH dl=550 facch=26 sacch=24 crc=132 ul=529 bursts=2737 perdus=0 | FACCH ul=20 SACCH ul=99 | A5 dl=3589 ul=3288 | IQ dl=49262tr/387954bu ul=49262tr/3387bu fifo_drop=48871/48910
13:01:08 [pont] canal dedie : SDCCH8 SS=0 TS=1 (DL fn%51=0, UL fn%51=15)
13:01:08 [pont] blocs par TS/base51 (ok/echec) : TS0/2:961/0 TS0/6:962/0 TS0/12:962/0 TS0/16:962/0 TS1/0:147/18 TS1/32:52/0
13:01:10 [pont] horloge : marge DL reelle (recu - reclame par le DSP) min +15 moy +22.5 sur 8842 mesures, avance visee 16
13:01:13 [pont] STATS fn=50376 | DL bursts=16592 blocs=4130 crc=18 dummy=54934 hors_voie=5508 | UL bursts=4438 tard=25 rach=7 | TCH dl=800 facch=26 sacch=35 crc=132 ul=779 bursts=3734 perdus=0 | FACCH ul=20 SACCH ul=109 | A5 dl=4697 ul=4327 | IQ dl=50342tr/396594bu ul=50342tr/4425bu fifo_drop=49946/49981
13:01:13 [pont] canal dedie : SDCCH8 SS=0 TS=1 (DL fn%51=0, UL fn%51=15)
13:01:13 [pont] blocs par TS/base51 (ok/echec) : TS0/2:982/0 TS0/6:983/0 TS0/12:983/0 TS0/16:983/0 TS1/0:147/18 TS1/32:52/0
13:01:14 [pont] horloge : avance BTS mesuree -3 trames (creux sur 3 s), avance visee 19 pour une marge DL >= 16
13:01:14 [pont] horloge : avance BTS mesuree -6 trames (creux sur 3 s), avance visee 22 pour une marge DL >= 16
13:01:14 [pont] horloge : avance BTS mesuree -11 trames (creux sur 3 s), avance visee 27 pour une marge DL >= 16
13:01:14 [pont] horloge : avance BTS mesuree -15 trames (creux sur 3 s), avance visee 31 pour une marge DL >= 16
13:01:14 [pont] horloge : avance BTS mesuree -25 trames (creux sur 3 s), avance visee 40 pour une marge DL >= 16
13:01:17 [pont] horloge : avance BTS mesuree -10 trames (creux sur 3 s), avance visee 26 pour une marge DL >= 16
13:01:18 [pont] horloge : avance BTS mesuree -2 trames (creux sur 3 s), avance visee 18 pour une marge DL >= 16
13:01:18 [pont] STATS fn=51465 | DL bursts=16936 blocs=4216 crc=18 dummy=55108 hors_voie=6018 | UL bursts=5485 tard=27 rach=7 | TCH dl=1046 facch=26 sacch=45 crc=137 ul=1029 bursts=4739 perdus=2 | FACCH ul=20 SACCH ul=120 | A5 dl=5809 ul=5374 | IQ dl=51430tr/404451bu ul=51430tr/5471bu fifo_drop=51027/51058
13:01:18 [pont] canal dedie : SDCCH8 SS=0 TS=1 (DL fn%51=0, UL fn%51=15)
13:01:18 [pont] blocs par TS/base51 (ok/echec) : TS0/2:1004/0 TS0/6:1005/0 TS0/12:1004/0 TS0/16:1004/0 TS1/0:147/18 TS1/32:52/0
13:01:20 [pont] horloge : marge DL reelle (recu - reclame par le DSP) min +6 moy +30.8 sur 12201 mesures, avance visee 16
13:01:23 [pont] STATS fn=52547 | DL bursts=17279 blocs=4301 crc=18 dummy=55274 hors_voie=6522 | UL bursts=6525 tard=28 rach=7 | TCH dl=1295 facch=26 sacch=56 crc=137 ul=1279 bursts=5738 perdus=3 | FACCH ul=20 SACCH ul=130 | A5 dl=6913 ul=6414 | IQ dl=52512tr/413107bu ul=52512tr/6512bu fifo_drop=52100/52135
13:01:23 [pont] canal dedie : SDCCH8 SS=0 TS=1 (DL fn%51=0, UL fn%51=15)
13:01:23 [pont] blocs par TS/base51 (ok/echec) : TS0/2:1025/0 TS0/6:1026/0 TS0/12:1026/0 TS0/16:1025/0 TS1/0:147/18 TS1/32:52/0
13:01:24 [pont] horloge : avance BTS mesuree -5 trames (creux sur 3 s), avance visee 21 pour une marge DL >= 16
13:01:24 [pont] horloge : avance BTS mesuree -8 trames (creux sur 3 s), avance visee 24 pour une marge DL >= 16
13:01:24 [pont] horloge : avance BTS mesuree -11 trames (creux sur 3 s), avance visee 27 pour une marge DL >= 16
13:01:24 [pont] horloge : avance BTS mesuree -14 trames (creux sur 3 s), avance visee 30 pour une marge DL >= 16
13:01:24 [pont] horloge : avance BTS mesuree -17 trames (creux sur 3 s), avance visee 33 pour une marge DL >= 16
13:01:24 [pont] horloge : avance BTS mesuree -21 trames (creux sur 3 s), avance visee 37 pour une marge DL >= 16
13:01:24 [pont] horloge : avance BTS mesuree -25 trames (creux sur 3 s), avance visee 40 pour une marge DL >= 16
13:01:27 [pont] horloge : avance BTS mesuree -21 trames (creux sur 3 s), avance visee 37 pour une marge DL >= 16
13:01:28 [pont] horloge : avance BTS mesuree -11 trames (creux sur 3 s), avance visee 27 pour une marge DL >= 16
13:01:28 [pont] horloge : avance BTS mesuree -4 trames (creux sur 3 s), avance visee 20 pour une marge DL >= 16
13:01:28 [pont] horloge : avance BTS mesuree +0 trames (creux sur 3 s), avance visee 16 pour une marge DL >= 16
13:01:28 [pont] STATS fn=53636 | DL bursts=17616 blocs=4386 crc=18 dummy=55444 hors_voie=7042 | UL bursts=7572 tard=30 rach=7 | TCH dl=1541 facch=26 sacch=66 crc=143 ul=1529 bursts=6743 perdus=5 | FACCH ul=20 SACCH ul=141 | A5 dl=8025 ul=7461 | IQ dl=53602tr/421061bu ul=53602tr/7559bu fifo_drop=53185/53216
13:01:28 [pont] canal dedie : SDCCH8 SS=0 TS=1 (DL fn%51=0, UL fn%51=15)
13:01:28 [pont] blocs par TS/base51 (ok/echec) : TS0/2:1046/0 TS0/6:1047/0 TS0/12:1047/0 TS0/16:1047/0 TS1/0:147/18 TS1/32:52/0
13:01:30 [pont] horloge : marge DL reelle (recu - reclame par le DSP) min +12 moy +31.0 sur 12182 mesures, avance visee 15
13:01:30 [pont] horloge : avance BTS mesuree -3 trames (creux sur 3 s), avance visee 19 pour une marge DL >= 16
13:01:30 [pont] horloge : avance BTS mesuree -6 trames (creux sur 3 s), avance visee 22 pour une marge DL >= 16
13:01:33 [pont] STATS fn=54720 | DL bursts=17952 blocs=4470 crc=18 dummy=55613 hors_voie=7554 | UL bursts=8615 tard=32 rach=7 | TCH dl=1791 facch=26 sacch=77 crc=143 ul=1779 bursts=7744 perdus=8 | FACCH ul=20 SACCH ul=151 | A5 dl=9137 ul=8504 | IQ dl=54686tr/429733bu ul=54686tr/8601bu fifo_drop=54264/54289
13:01:33 [pont] canal dedie : SDCCH8 SS=0 TS=1 (DL fn%51=0, UL fn%51=15)
13:01:33 [pont] blocs par TS/base51 (ok/echec) : TS0/2:1067/0 TS0/6:1068/0 TS0/12:1068/0 TS0/16:1068/0 TS1/0:147/18 TS1/32:52/0
13:01:34 [pont] horloge : avance BTS mesuree -3 trames (creux sur 3 s), avance visee 19 pour une marge DL >= 16
13:01:36 [pont] horloge : avance BTS mesuree +0 trames (creux sur 3 s), avance visee 16 pour une marge DL >= 16
13:01:38 [pont] STATS fn=55732 | DL bursts=18272 blocs=4550 crc=18 dummy=55772 hors_voie=8030 | UL bursts=9588 tard=35 rach=7 | TCH dl=2025 facch=26 sacch=86 crc=143 ul=2013 bursts=8678 perdus=18 | FACCH ul=20 SACCH ul=161 | A5 dl=10169 ul=9477 | IQ dl=55698tr/437829bu ul=55698tr/9572bu fifo_drop=55265/55296
13:01:38 [pont] canal dedie : SDCCH8 SS=0 TS=1 (DL fn%51=0, UL fn%51=15)
13:01:38 [pont] blocs par TS/base51 (ok/echec) : TS0/2:1087/0 TS0/6:1088/0 TS0/12:1088/0 TS0/16:1088/0 TS1/0:147/18 TS1/32:52/0
13:01:40 [pont] horloge : marge DL reelle (recu - reclame par le DSP) min +14 moy +28.8 sur 11981 mesures, avance visee 15
13:01:41 [pont] horloge : avance BTS mesuree -3 trames (creux sur 3 s), avance visee 19 pour une marge DL >= 16
13:01:43 [pont] STATS fn=56816 | DL bursts=18611 blocs=4634 crc=18 dummy=55942 hors_voie=8538 | UL bursts=10630 tard=39 rach=7 | TCH dl=2275 facch=26 sacch=97 crc=143 ul=2263 bursts=9679 perdus=19 | FACCH ul=20 SACCH ul=171 | A5 dl=11277 ul=10519 | IQ dl=56782tr/446501bu ul=56782tr/10613bu fifo_drop=56338/56373
13:01:43 [pont] canal dedie : SDCCH8 SS=0 TS=1 (DL fn%51=0, UL fn%51=15)
13:01:43 [pont] blocs par TS/base51 (ok/echec) : TS0/2:1108/0 TS0/6:1109/0 TS0/12:1109/0 TS0/16:1109/0 TS1/0:147/18 TS1/32:52/0
13:01:48 [pont] horloge : avance BTS mesuree +0 trames (creux sur 3 s), avance visee 16 pour une marge DL >= 16
13:01:48 [pont] STATS fn=57896 | DL bursts=18954 blocs=4720 crc=18 dummy=56111 hors_voie=9042 | UL bursts=11669 tard=40 rach=7 | TCH dl=2524 facch=26 sacch=107 crc=143 ul=2513 bursts=10676 perdus=19 | FACCH ul=20 SACCH ul=182 | A5 dl=12377 ul=11558 | IQ dl=57862tr/455117bu ul=57862tr/11652bu fifo_drop=57413/57448
13:01:48 [pont] canal dedie : SDCCH8 SS=0 TS=1 (DL fn%51=0, UL fn%51=15)
13:01:48 [pont] blocs par TS/base51 (ok/echec) : TS0/2:1130/0 TS0/6:1131/0 TS0/12:1130/0 TS0/16:1130/0 TS1/0:147/18 TS1/32:52/0
13:01:50 [pont] horloge : marge DL reelle (recu - reclame par le DSP) min +15 moy +24.6 sur 12207 mesures, avance visee 16
13:01:52 [pont] FACCH montante non-I : 03 61 01 2b 2b 2b 2b 2b 2b 2b 2b 2b 2b 2b 2b 2b 2b 2b 2b 2b 2b 2b 2b
13:01:52 [pont] FACCH montante non-I : 03 79 01 2b 2b 2b 2b 2b 2b 2b 2b 2b 2b 2b 2b 2b 2b 2b 2b 2b 2b 2b 2b
13:01:52 [pont] CHANNEL RELEASE (FACCH) : TCH TN=2 maintenu jusqu'a la liberation par le mobile
13:01:52 [pont] FACCH montante non-I : 03 81 01 2b 2b 2b 2b 2b 2b 2b 2b 2b 2b 2b 2b 2b 2b 2b 2b 2b 2b 2b 2b
13:01:52 [pont] FACCH montante non-I : 01 53 01 2b 2b 2b 2b 2b 2b 2b 2b 2b 2b 2b 2b 2b 2b 2b 2b 2b 2b 2b 2b
13:01:53 [pont] TCH TN=2 ferme (canal libere par le mobile)
13:01:53 [pont] canal libere par le mobile : Kc garde jusqu'a la prochaine IMMEDIATE ASSIGNMENT (la BTS chiffre encore)
13:01:53 [pont] STATS fn=58980 | DL bursts=19296 blocs=4806 crc=18 dummy=56467 hors_voie=9485 | UL bursts=12574 tard=42 rach=7 | TCH dl=2681 facch=34 sacch=114 crc=195 ul=2671 bursts=11543 perdus=19 | FACCH ul=26 SACCH ul=189 | A5 dl=13329 ul=12463 | IQ dl=58946tr/463757bu ul=58946tr/12562bu fifo_drop=58492/58525
13:01:53 [pont] blocs par TS/base51 (ok/echec) : TS0/2:1151/0 TS0/6:1152/0 TS0/12:1152/0 TS0/16:1152/0 TS1/0:147/18 TS1/32:52/0
13:01:57 [pont] Kc lache (IMMEDIATE ASSIGNMENT) : le lien repart en clair
13:01:58 [pont] STATS fn=60063 | DL bursts=19660 blocs=4896 crc=19 dummy=57763 hors_voie=9564 | UL bursts=12583 tard=42 rach=8 | TCH dl=2681 facch=34 sacch=114 crc=195 ul=2671 bursts=11543 perdus=19 | FACCH ul=26 SACCH ul=191 | A5 dl=13333 ul=12463 | IQ dl=60028tr/472418bu ul=60028tr/12571bu fifo_drop=59564/59597
13:01:58 [pont] canal dedie : SDCCH8 SS=0 TS=1 (DL fn%51=0, UL fn%51=15)
13:01:58 [pont] blocs par TS/base51 (ok/echec) : TS0/2:1172/0 TS0/6:1173/0 TS0/12:1173/0 TS0/16:1173/0 TS1/0:151/19 TS1/32:54/0
13:01:59 [pont] chiffrement descendant confirme par la BTS (fn=60180)
13:02:00 [pont] horloge : marge DL reelle (recu - reclame par le DSP) min +16 moy +22.5 sur 7847 mesures, avance visee 15
13:02:02 [pont] CHANNEL RELEASE : en attente de la liberation du canal par le mobile
13:02:03 [pont] canal libere par le mobile : Kc garde jusqu'a la prochaine IMMEDIATE ASSIGNMENT (la BTS chiffre encore)
13:02:03 [pont] STATS fn=61147 | DL bursts=20108 blocs=5008 crc=19 dummy=57805 hors_voie=10063 | UL bursts=12667 tard=42 rach=8 | TCH dl=2681 facch=34 sacch=114 crc=195 ul=2671 bursts=11543 perdus=19 | FACCH ul=26 SACCH ul=200 | A5 dl=13433 ul=12547 | IQ dl=61112tr/481085bu ul=61112tr/12655bu fifo_drop=60642/60676
13:02:03 [pont] blocs par TS/base51 (ok/echec) : TS0/2:1193/0 TS0/6:1194/0 TS0/12:1194/0 TS0/16:1194/0 TS1/0:172/19 TS1/32:61/0
13:02:04 [pont] Kc lache (IMMEDIATE ASSIGNMENT) : le lien repart en clair
13:02:07 [pont] chiffrement descendant confirme par la BTS (fn=61914)
13:02:08 [pont] ASSIGNMENT COMMAND : TCH TN=2 TSC=7 ARFCN=514 annonce au DSP, bascule du BSP a la premiere tache TCH du firmware
13:02:08 [pont] le mobile est sur le TCH TN=2 (FACCH montante) : montant TCH ouvert
13:02:08 [pont] FACCH montante non-I : 01 3f 01 2b 2b 2b 2b 2b 2b 2b 2b 2b 2b 2b 2b 2b 2b 2b 2b 2b 2b 2b 2b
13:02:08 [pont] canal dedie : TCH/F TS=2 SS=0 annonce par le firmware (SDCCH SS=0 TS=1 garde pour un retour)
13:02:08 [pont] FACCH montante non-I : 03 21 01 2b 2b 2b 2b 2b 2b 2b 2b 2b 2b 2b 2b 2b 2b 2b 2b 2b 2b 2b 2b
13:02:08 [pont] STATS fn=62229 | DL bursts=20564 blocs=5119 crc=22 dummy=58195 hors_voie=10439 | UL bursts=12815 tard=42 rach=9 | TCH dl=2681 facch=37 sacch=115 crc=228 ul=2671 bursts=11637 perdus=19 | FACCH ul=29 SACCH ul=208 | A5 dl=13629 ul=12670 | IQ dl=62194tr/489741bu ul=62194tr/12797bu fifo_drop=61714/61749
13:02:08 [pont] canal dedie : SDCCH8 SS=0 TS=1 (DL fn%51=0, UL fn%51=15)
13:02:08 [pont] blocs par TS/base51 (ok/echec) : TS0/2:1215/0 TS0/6:1216/0 TS0/12:1215/0 TS0/16:1215/0 TS1/0:190/21 TS1/32:68/1
13:02:09 [pont] FACCH montante non-I : 03 39 01 2b 2b 2b 2b 2b 2b 2b 2b 2b 2b 2b 2b 2b 2b 2b 2b 2b 2b 2b 2b
13:02:09 [pont] FACCH montante non-I : 03 41 01 2b 2b 2b 2b 2b 2b 2b 2b 2b 2b 2b 2b 2b 2b 2b 2b 2b 2b 2b 2b
13:02:09 [pont] FACCH montante non-I : 03 59 01 2b 2b 2b 2b 2b 2b 2b 2b 2b 2b 2b 2b 2b 2b 2b 2b 2b 2b 2b 2b
13:02:10 [pont] horloge : marge DL reelle (recu - reclame par le DSP) min +15 moy +22.3 sur 7321 mesures, avance visee 16
13:02:13 [pont] STATS fn=63312 | DL bursts=20936 blocs=5209 crc=25 dummy=58337 hors_voie=10945 | UL bursts=13856 tard=42 rach=9 | TCH dl=2681 facch=42 sacch=125 crc=473 ul=2671 bursts=12637 perdus=19 | FACCH ul=32 SACCH ul=219 | A5 dl=14737 ul=13711 | IQ dl=63278tr/498413bu ul=63278tr/13839bu fifo_drop=62793/62824
13:02:13 [pont] canal dedie : SDCCH8 SS=0 TS=1 (DL fn%51=0, UL fn%51=15)
13:02:13 [pont] blocs par TS/base51 (ok/echec) : TS0/2:1236/0 TS0/6:1237/0 TS0/12:1237/0 TS0/16:1237/0 TS1/0:194/24 TS1/32:68/1
13:02:14 [pont] FACCH montante non-I : 03 61 01 2b 2b 2b 2b 2b 2b 2b 2b 2b 2b 2b 2b 2b 2b 2b 2b 2b 2b 2b 2b
13:02:15 [pont] FACCH montante non-I : 03 79 01 2b 2b 2b 2b 2b 2b 2b 2b 2b 2b 2b 2b 2b 2b 2b 2b 2b 2b 2b 2b
13:02:18 [pont] STATS fn=64398 | DL bursts=21272 blocs=5293 crc=25 dummy=58506 hors_voie=11462 | UL bursts=14900 tard=42 rach=9 | TCH dl=2882 facch=46 sacch=136 crc=519 ul=2872 bursts=13639 perdus=19 | FACCH ul=35 SACCH ul=229 | A5 dl=15853 ul=14755 | IQ dl=64364tr/507077bu ul=64364tr/14884bu fifo_drop=63872/63905
13:02:18 [pont] canal dedie : SDCCH8 SS=0 TS=1 (DL fn%51=0, UL fn%51=15)
13:02:18 [pont] blocs par TS/base51 (ok/echec) : TS0/2:1257/0 TS0/6:1258/0 TS0/12:1258/0 TS0/16:1258/0 TS1/0:194/24 TS1/32:68/1
13:02:20 [pont] horloge : marge DL reelle (recu - reclame par le DSP) min +15 moy +22.8 sur 12206 mesures, avance visee 17
13:02:23 [pont] FACCH montante non-I : 03 81 01 2b 2b 2b 2b 2b 2b 2b 2b 2b 2b 2b 2b 2b 2b 2b 2b 2b 2b 2b 2b
13:02:23 [pont] FACCH montante non-I : 03 99 01 2b 2b 2b 2b 2b 2b 2b 2b 2b 2b 2b 2b 2b 2b 2b 2b 2b 2b 2b 2b
13:02:23 [pont] CHANNEL RELEASE (FACCH) : TCH TN=2 maintenu jusqu'a la liberation par le mobile
13:02:23 [pont] FACCH montante non-I : 03 a1 01 2b 2b 2b 2b 2b 2b 2b 2b 2b 2b 2b 2b 2b 2b 2b 2b 2b 2b 2b 2b
13:02:23 [pont] FACCH montante non-I : 01 53 01 2b 2b 2b 2b 2b 2b 2b 2b 2b 2b 2b 2b 2b 2b 2b 2b 2b 2b 2b 2b
13:02:23 [pont] STATS fn=65480 | DL bursts=21608 blocs=5377 crc=25 dummy=58679 hors_voie=11974 | UL bursts=15941 tard=42 rach=9 | TCH dl=3088 facch=54 sacch=144 crc=554 ul=3080 bursts=14638 perdus=19 | FACCH ul=41 SACCH ul=239 | A5 dl=16945 ul=15796 | IQ dl=65445tr/515725bu ul=65445tr/15923bu fifo_drop=64944/64981
13:02:23 [pont] canal dedie : SDCCH8 SS=0 TS=1 (DL fn%51=0, UL fn%51=15)
13:02:23 [pont] blocs par TS/base51 (ok/echec) : TS0/2:1278/0 TS0/6:1279/0 TS0/12:1279/0 TS0/16:1279/0 TS1/0:194/24 TS1/32:68/1
13:02:24 [pont] TCH TN=2 ferme (canal libere par le mobile)
13:02:24 [pont] canal libere par le mobile : Kc garde jusqu'a la prochaine IMMEDIATE ASSIGNMENT (la BTS chiffre encore)
13:02:28 [pont] STATS fn=66562 | DL bursts=21952 blocs=5463 crc=25 dummy=60088 hors_voie=12016 | UL bursts=16037 tard=42 rach=9 | TCH dl=3088 facch=54 sacch=144 crc=576 ul=3080 bursts=14728 perdus=19 | FACCH ul=41 SACCH ul=239 | A5 dl=17037 ul=15892 | IQ dl=66528tr/524389bu ul=66528tr/16025bu fifo_drop=66020/66057
13:02:28 [pont] blocs par TS/base51 (ok/echec) : TS0/2:1300/0 TS0/6:1301/0 TS0/12:1300/0 TS0/16:1300/0 TS1/0:194/24 TS1/32:68/1
13:02:30 [pont] horloge : marge DL reelle (recu - reclame par le DSP) min +16 moy +22.8 sur 8409 mesures, avance visee 15
13:02:33 [pont] STATS fn=67645 | DL bursts=22296 blocs=5549 crc=25 dummy=61611 hors_voie=12016 | UL bursts=16037 tard=42 rach=9 | TCH dl=3088 facch=54 sacch=144 crc=576 ul=3080 bursts=14728 perdus=19 | FACCH ul=41 SACCH ul=239 | A5 dl=17037 ul=15892 | IQ dl=67611tr/533053bu ul=67611tr/16025bu fifo_drop=67094/67135
13:02:33 [pont] blocs par TS/base51 (ok/echec) : TS0/2:1321/0 TS0/6:1322/0 TS0/12:1322/0 TS0/16:1322/0 TS1/0:194/24 TS1/32:68/1
13:02:33 [pont] horloge : avance BTS mesuree -3 trames (creux sur 3 s), avance visee 19 pour une marge DL >= 16
13:02:37 [pont] horloge : avance BTS mesuree +0 trames (creux sur 3 s), avance visee 16 pour une marge DL >= 16
13:02:38 [pont] STATS fn=68730 | DL bursts=22632 blocs=5633 crc=25 dummy=63148 hors_voie=12016 | UL bursts=16037 tard=42 rach=9 | TCH dl=3088 facch=54 sacch=144 crc=576 ul=3080 bursts=14728 perdus=19 | FACCH ul=41 SACCH ul=239 | A5 dl=17037 ul=15892 | IQ dl=68695tr/541725bu ul=68695tr/16025bu fifo_drop=68164/68214
13:02:38 [pont] blocs par TS/base51 (ok/echec) : TS0/2:1342/0 TS0/6:1343/0 TS0/12:1343/0 TS0/16:1343/0 TS1/0:194/24 TS1/32:68/1
13:02:40 [pont] horloge : marge DL reelle (recu - reclame par le DSP) min +15 moy +23.8 sur 5773 mesures, avance visee 15
13:02:43 [pont] STATS fn=69814 | DL bursts=22968 blocs=5717 crc=25 dummy=64684 hors_voie=12016 | UL bursts=16037 tard=42 rach=9 | TCH dl=3088 facch=54 sacch=144 crc=576 ul=3080 bursts=14728 perdus=19 | FACCH ul=41 SACCH ul=239 | A5 dl=17037 ul=15892 | IQ dl=69779tr/550397bu ul=69779tr/16025bu fifo_drop=69238/69289
13:02:43 [pont] blocs par TS/base51 (ok/echec) : TS0/2:1363/0 TS0/6:1364/0 TS0/12:1364/0 TS0/16:1364/0 TS1/0:194/24 TS1/32:68/1
13:02:48 [pont] STATS fn=70896 | DL bursts=23310 blocs=5802 crc=25 dummy=66206 hors_voie=12016 | UL bursts=16037 tard=42 rach=9 | TCH dl=3088 facch=54 sacch=144 crc=576 ul=3080 bursts=14728 perdus=19 | FACCH ul=41 SACCH ul=239 | A5 dl=17037 ul=15892 | IQ dl=70861tr/559059bu ul=70861tr/16025bu fifo_drop=70311/70364
13:02:48 [pont] blocs par TS/base51 (ok/echec) : TS0/2:1385/0 TS0/6:1385/0 TS0/12:1385/0 TS0/16:1385/0 TS1/0:194/24 TS1/32:68/1
13:02:50 [pont] horloge : marge DL reelle (recu - reclame par le DSP) min +15 moy +22.3 sur 5847 mesures, avance visee 17
13:02:53 [pont] STATS fn=71980 | DL bursts=23656 blocs=5889 crc=25 dummy=67731 hors_voie=12016 | UL bursts=16037 tard=42 rach=9 | TCH dl=3088 facch=54 sacch=144 crc=576 ul=3080 bursts=14728 perdus=19 | FACCH ul=41 SACCH ul=239 | A5 dl=17037 ul=15892 | IQ dl=71945tr/567725bu ul=71945tr/16025bu fifo_drop=71388/71441
13:02:53 [pont] blocs par TS/base51 (ok/echec) : TS0/2:1406/0 TS0/6:1407/0 TS0/12:1407/0 TS0/16:1407/0 TS1/0:194/24 TS1/32:68/1
13:02:58 [pont] STATS fn=73064 | DL bursts=23992 blocs=5973 crc=25 dummy=69268 hors_voie=12016 | UL bursts=16037 tard=42 rach=9 | TCH dl=3088 facch=54 sacch=144 crc=576 ul=3080 bursts=14728 perdus=19 | FACCH ul=41 SACCH ul=239 | A5 dl=17037 ul=15892 | IQ dl=73030tr/576405bu ul=73030tr/16025bu fifo_drop=72461/72521
13:02:58 [pont] blocs par TS/base51 (ok/echec) : TS0/2:1427/0 TS0/6:1428/0 TS0/12:1428/0 TS0/16:1428/0 TS1/0:194/24 TS1/32:68/1
13:03:00 [pont] horloge : marge DL reelle (recu - reclame par le DSP) min +15 moy +23.0 sur 5818 mesures, avance visee 17
13:03:03 [pont] STATS fn=74146 | DL bursts=24328 blocs=6057 crc=25 dummy=70800 hors_voie=12016 | UL bursts=16037 tard=42 rach=9 | TCH dl=3088 facch=54 sacch=144 crc=576 ul=3080 bursts=14728 perdus=19 | FACCH ul=41 SACCH ul=239 | A5 dl=17037 ul=15892 | IQ dl=74112tr/585061bu ul=74112tr/16025bu fifo_drop=73530/73596
13:03:03 [pont] blocs par TS/base51 (ok/echec) : TS0/2:1448/0 TS0/6:1449/0 TS0/12:1449/0 TS0/16:1449/0 TS1/0:194/24 TS1/32:68/1
13:03:08 [pont] STATS fn=75230 | DL bursts=24671 blocs=6142 crc=25 dummy=72327 hors_voie=12016 | UL bursts=16037 tard=42 rach=9 | TCH dl=3088 facch=54 sacch=144 crc=576 ul=3080 bursts=14728 perdus=19 | FACCH ul=41 SACCH ul=239 | A5 dl=17037 ul=15892 | IQ dl=75196tr/593733bu ul=75196tr/16025bu fifo_drop=74609/74671
13:03:08 [pont] blocs par TS/base51 (ok/echec) : TS0/2:1470/0 TS0/6:1470/0 TS0/12:1470/0 TS0/16:1470/0 TS1/0:194/24 TS1/32:68/1
13:03:10 [pont] horloge : marge DL reelle (recu - reclame par le DSP) min +15 moy +22.3 sur 5820 mesures, avance visee 16
13:03:13 [pont] STATS fn=76313 | DL bursts=25015 blocs=6228 crc=25 dummy=73849 hors_voie=12016 | UL bursts=16037 tard=42 rach=9 | TCH dl=3088 facch=54 sacch=144 crc=576 ul=3080 bursts=14728 perdus=19 | FACCH ul=41 SACCH ul=239 | A5 dl=17037 ul=15892 | IQ dl=76279tr/602397bu ul=76279tr/16025bu fifo_drop=75685/75744
13:03:13 [pont] blocs par TS/base51 (ok/echec) : TS0/2:1491/0 TS0/6:1492/0 TS0/12:1492/0 TS0/16:1491/0 TS1/0:194/24 TS1/32:68/1
13:03:17 [pont] horloge : avance BTS mesuree +12 trames (creux sur 3 s), avance visee 10 pour une marge DL >= 16
13:03:18 [pont] STATS fn=77174 | DL bursts=25288 blocs=6297 crc=25 dummy=75122 hors_voie=12016 | UL bursts=16037 tard=42 rach=9 | TCH dl=3088 facch=54 sacch=144 crc=576 ul=3080 bursts=14728 perdus=19 | FACCH ul=41 SACCH ul=239 | A5 dl=17037 ul=15892 | IQ dl=77139tr/609277bu ul=77139tr/16025bu fifo_drop=76533/76597
13:03:18 [pont] blocs par TS/base51 (ok/echec) : TS0/2:1508/0 TS0/6:1509/0 TS0/12:1509/0 TS0/16:1509/0 TS1/0:194/24 TS1/32:68/1
13:03:20 [pont] horloge : marge DL reelle (recu - reclame par le DSP) min +16 moy +191.6 sur 5458 mesures, avance visee 10
