[38;5;43mSun Oct  4 14:04:28 2026 [1;33mDLSS7[0;m[38;5;43m [1;33mNOTICE[0;m[38;5;43m 0: ASP(asp-to-stp) Applying Adm State change: ENABLED -> ENABLED (ss7_asp_vty.c:673)[0;m
Sun Oct  4 14:04:28 2026 [1;33mDLGLOBAL[0;m [1;33mNOTICE[0;m Available via telnet 127.0.0.1 4242 (telnet_interface.c:88)
[38;5;23mSun Oct  4 14:04:28 2026 [1;33mDLINP[0;m[38;5;23m [1;33mNOTICE[0;m[38;5;23m E1L(0) enabling ipaccess BSC mode on 0.0.0.0 with OML 3002 and RSL 3003 TCP ports (ipaccess.c:1028)[0;m
[38;5;33mSun Oct  4 14:04:28 2026 [1;33mDLCTRL[0;m[38;5;33m [1;33mNOTICE[0;m[38;5;33m CTRL at 127.0.0.1 4249 (control_if.c:1026)[0;m
[38;5;51mSun Oct  4 14:04:28 2026 [1;33mDLMGCP[0;m[38;5;51m [1;33mNOTICE[0;m[38;5;51m MGW(mgw) MGCP client: using endpoint domain '@mgw' (mgcp_client.c:945)[0;m
[1;36mSun Oct  4 14:04:28 2026 [1;33mDNM[0;m[1;36m [1;33mNOTICE[0;m[1;36m MGW pool with 1 pool members configured, (ignoring MGW configuration in VTY node 'msc'). (osmo_bsc_main.c:869)[0;m
Sun Oct  4 14:04:28 2026 [1;33mDMSC[0;m [1;33mNOTICE[0;m Initializing SCCP connection for A/m3ua on cs7 instance 0 (osmo_bsc_sigtran.c:817)
[38;5;45mSun Oct  4 14:04:28 2026 [1;33mDLSCCP[0;m[38;5;45m [1;33mNOTICE[0;m[38;5;45m A-0-m3ua: Using SS7 instance 0, pc:1.1.3 (sccp_instance.c:655)[0;m
[38;5;45mSun Oct  4 14:04:28 2026 [1;33mDLSCCP[0;m[38;5;45m [1;33mNOTICE[0;m[38;5;45m A-0-m3ua: Using AS instance as-bsc (sccp_instance.c:673)[0;m
[38;5;45mSun Oct  4 14:04:28 2026 [1;33mDLSCCP[0;m[38;5;45m [1;33mNOTICE[0;m[38;5;45m A-0-m3ua: Creating default route (sccp_instance.c:679)[0;m
[38;5;45mSun Oct  4 14:04:28 2026 [1;33mDLSCCP[0;m[38;5;45m [1;33mNOTICE[0;m[38;5;45m A-0-m3ua: Using ASP instance asp-to-stp (sccp_instance.c:784)[0;m
[38;5;43mSun Oct  4 14:04:28 2026 [1;33mDLSS7[0;m[38;5;43m [1;33mNOTICE[0;m[38;5;43m 0: Creating SCCP instance (ss7_instance.c:214)[0;m
Sun Oct  4 14:04:28 2026 [1;33mDMSC[0;m [1;33mNOTICE[0;m (msc=0) A-0-m3ua: local (BSC) SCCP address: RI=SSN_PC,PC=1.1.3,SSN=BSSAP (osmo_bsc_sigtran.c:870)
Sun Oct  4 14:04:28 2026 [1;33mDMSC[0;m [1;33mNOTICE[0;m (msc=0) A-0-m3ua: remote (MSC) SCCP address: RI=SSN_PC,PC=1.1.1,SSN=BSSAP (osmo_bsc_sigtran.c:872)
Sun Oct  4 14:04:28 2026 [1;33mDMSC[0;m [1;33mNOTICE[0;m (msc=0) A-0-m3ua: binding SCCP user (osmo_bsc_sigtran.c:877)
[38;5;45mSun Oct  4 14:04:28 2026 [1;31mDLSCCP[0;m[38;5;45m [1;31mERROR[0;m[38;5;45m 0: SCCP(rctx=0) MTP-TRANSFER.req from SCCP for OPC=2059=1.1.3,DPC=2057=1.1.1,SLS=15: no route! (sccp_scrc.c:177)[0;m
[38;5;45mSun Oct  4 14:04:28 2026 [1;33mDLSCCP[0;m[38;5;45m [1;33mNOTICE[0;m[38;5;45m 0: SCCP(rctx=0) SCRC Routing Failure (MTP failure) for CL message CL:CLDT (sccp_sclc.c:359)[0;m
Sun Oct  4 14:04:28 2026 [1;33mDMSC[0;m [1;33mNOTICE[0;m (msc=0) (calling_addr=RI=2,PC=2057,SSN=254) N-NOTICE.ind cause=5='MTP failure' importance=0 (osmo_bsc_sigtran.c:168)
[38;5;49mSun Oct  4 14:04:30 2026 [1;33mDLM3UA[0;m[38;5;49m [1;33mNOTICE[0;m[38;5;49m 0: ASP(asp-to-stp) Received NOTIFY Type State Change:AS Inactive () (m3ua.c:707)[0;m
[38;5;43mSun Oct  4 14:04:30 2026 [1;33mDLSS7[0;m[38;5;43m [1;33mNOTICE[0;m[38;5;43m 0: RT(dpc=2057=1.1.1,mask=0x3fff=7.255.7,prio=5,via=as-bsc,st=available) changed to status 'available' (ss7_route.c:409)[0;m
Sun Oct  4 14:04:30 2026 [1;33mDMSC[0;m [1;33mNOTICE[0;m (msc=0) now available: N-PCSTATE ind: pc=2057=1.1.1 sp_status=ACCESSIBLE remote_sccp_status=AVAILABLE (osmo_bsc_sigtran.c:319)
[38;5;43mSun Oct  4 14:04:30 2026 [1;33mDLSS7[0;m[38;5;43m [1;33mNOTICE[0;m[38;5;43m xua_default_lm(asp-to-stp)[0x5c9e0c2200a0]{ACTIVE}: Ignoring primitive M-ASP_ACTIVE.confirm (xua_default_lm_fsm.c:406)[0;m
[38;5;49mSun Oct  4 14:04:30 2026 [1;33mDLM3UA[0;m[38;5;49m [1;33mNOTICE[0;m[38;5;49m 0: ASP(asp-to-stp) Received NOTIFY Type State Change:AS Active () (m3ua.c:707)[0;m
[38;5;49mSun Oct  4 14:04:30 2026 [1;33mDLM3UA[0;m[38;5;49m [1;33mNOTICE[0;m[38;5;49m 0: ASP(asp-to-stp) Rx DUNA(RFC4666 4.5.1) for 1.1.2/0 (xua_snm.c:501)[0;m
[38;5;43mSun Oct  4 14:04:30 2026 [1;33mDLSS7[0;m[38;5;43m [1;33mNOTICE[0;m[38;5;43m 0: RT(dpc=2058=1.1.2,mask=0x3fff=7.255.7,prio=5,via=as-bsc,st=available) changed to status 'unavailable' (ss7_route.c:409)[0;m
Sun Oct  4 14:04:30 2026 [1;33mDMSC[0;m [1;33mNOTICE[0;m (msc=0) RESET ACK from MSC: RI=SSN_PC,PC=1.1.1,SSN=BSSAP (osmo_bsc_bssap.c:84)
Sun Oct  4 14:04:30 2026 [1;33mDRESET[0;m [1;33mNOTICE[0;m bssmap_reset(msc-0)[0x5c9e0c29d6a0]{CONNECTED}: link up (bssmap_reset.c:83)
Sun Oct  4 14:04:30 2026 [1;33mDMSC[0;m [1;33mNOTICE[0;m (msc=0) BSSMAP association is up (a_reset.c:45)
[1;36mSun Oct  4 14:04:38 2026 [1;33mDNM[0;m[1;36m [1;33mNOTICE[0;m[1;36m OC=BTS(01) INST=(00,ff,ff): Get Attributes Response: feature 'GPRS' is supported (abis_nm.c:599)[0;m
[1;36mSun Oct  4 14:04:38 2026 [1;33mDNM[0;m[1;36m [1;33mNOTICE[0;m[1;36m OC=BTS(01) INST=(00,ff,ff): Get Attributes Response: feature 'EGPRS' is supported (abis_nm.c:599)[0;m
[1;36mSun Oct  4 14:04:38 2026 [1;33mDNM[0;m[1;36m [1;33mNOTICE[0;m[1;36m OC=BTS(01) INST=(00,ff,ff): Get Attributes Response: feature 'HOPPING' is supported (abis_nm.c:599)[0;m
[1;36mSun Oct  4 14:04:38 2026 [1;33mDNM[0;m[1;36m [1;33mNOTICE[0;m[1;36m OC=BTS(01) INST=(00,ff,ff): Get Attributes Response: feature 'MULTI_TSC' is supported (abis_nm.c:599)[0;m
[1;36mSun Oct  4 14:04:38 2026 [1;33mDNM[0;m[1;36m [1;33mNOTICE[0;m[1;36m OC=BTS(01) INST=(00,ff,ff): Get Attributes Response: feature 'OML_ALERTS' is supported (abis_nm.c:599)[0;m
[1;36mSun Oct  4 14:04:38 2026 [1;33mDNM[0;m[1;36m [1;33mNOTICE[0;m[1;36m OC=BTS(01) INST=(00,ff,ff): Get Attributes Response: feature 'CBCH' is supported (abis_nm.c:599)[0;m
[1;36mSun Oct  4 14:04:38 2026 [1;33mDNM[0;m[1;36m [1;33mNOTICE[0;m[1;36m OC=BTS(01) INST=(00,ff,ff): Get Attributes Response: feature 'SPEECH_F_V1' is supported (abis_nm.c:599)[0;m
[1;36mSun Oct  4 14:04:38 2026 [1;33mDNM[0;m[1;36m [1;33mNOTICE[0;m[1;36m OC=BTS(01) INST=(00,ff,ff): Get Attributes Response: feature 'SPEECH_H_V1' is supported (abis_nm.c:599)[0;m
[1;36mSun Oct  4 14:04:38 2026 [1;33mDNM[0;m[1;36m [1;33mNOTICE[0;m[1;36m OC=BTS(01) INST=(00,ff,ff): Get Attributes Response: feature 'SPEECH_F_EFR' is supported (abis_nm.c:599)[0;m
[1;36mSun Oct  4 14:04:38 2026 [1;33mDNM[0;m[1;36m [1;33mNOTICE[0;m[1;36m OC=BTS(01) INST=(00,ff,ff): Get Attributes Response: feature 'SPEECH_F_AMR' is supported (abis_nm.c:599)[0;m
[1;36mSun Oct  4 14:04:38 2026 [1;33mDNM[0;m[1;36m [1;33mNOTICE[0;m[1;36m OC=BTS(01) INST=(00,ff,ff): Get Attributes Response: feature 'SPEECH_H_AMR' is supported (abis_nm.c:599)[0;m
[1;36mSun Oct  4 14:04:38 2026 [1;33mDNM[0;m[1;36m [1;33mNOTICE[0;m[1;36m OC=BTS(01) INST=(00,ff,ff): Get Attributes Response: feature 'ETWS_PN' is supported (abis_nm.c:599)[0;m
[1;36mSun Oct  4 14:04:38 2026 [1;33mDNM[0;m[1;36m [1;33mNOTICE[0;m[1;36m OC=BTS(01) INST=(00,ff,ff): Get Attributes Response: feature 'PAGING_COORDINATION' is supported (abis_nm.c:599)[0;m
[1;36mSun Oct  4 14:04:38 2026 [1;33mDNM[0;m[1;36m [1;33mNOTICE[0;m[1;36m OC=BTS(01) INST=(00,ff,ff): Get Attributes Response: feature 'IPV6_NSVC' is supported (abis_nm.c:599)[0;m
[1;36mSun Oct  4 14:04:38 2026 [1;33mDNM[0;m[1;36m [1;33mNOTICE[0;m[1;36m OC=BTS(01) INST=(00,ff,ff): Get Attributes Response: feature 'ACCH_REP' is supported (abis_nm.c:599)[0;m
[1;36mSun Oct  4 14:04:38 2026 [1;33mDNM[0;m[1;36m [1;33mNOTICE[0;m[1;36m OC=BTS(01) INST=(00,ff,ff): Get Attributes Response: feature 'CCN' is supported (abis_nm.c:599)[0;m
[1;36mSun Oct  4 14:04:38 2026 [1;33mDNM[0;m[1;36m [1;33mNOTICE[0;m[1;36m OC=BTS(01) INST=(00,ff,ff): Get Attributes Response: feature 'VAMOS' is supported (abis_nm.c:599)[0;m
[1;36mSun Oct  4 14:04:38 2026 [1;33mDNM[0;m[1;36m [1;33mNOTICE[0;m[1;36m OC=BTS(01) INST=(00,ff,ff): Get Attributes Response: feature 'ABIS_OSMO_PCU' is supported (abis_nm.c:599)[0;m
[1;36mSun Oct  4 14:04:38 2026 [1;33mDNM[0;m[1;36m [1;33mNOTICE[0;m[1;36m OC=BTS(01) INST=(00,ff,ff): Get Attributes Response: feature 'BCCH_PWR_RED' is supported (abis_nm.c:599)[0;m
[1;36mSun Oct  4 14:04:38 2026 [1;33mDNM[0;m[1;36m [1;33mNOTICE[0;m[1;36m OC=BTS(01) INST=(00,ff,ff): Get Attributes Response: feature 'DYN_TS_SDCCH8' is supported (abis_nm.c:599)[0;m
[1;36mSun Oct  4 14:04:38 2026 [1;33mDNM[0;m[1;36m [1;33mNOTICE[0;m[1;36m OC=BTS(01) INST=(00,ff,ff): Get Attributes Response: feature 'ACCH_TEMP_OVP' is supported (abis_nm.c:599)[0;m
[1;36mSun Oct  4 14:04:38 2026 [1;33mDNM[0;m[1;36m [1;33mNOTICE[0;m[1;36m OC=BTS(01) INST=(00,ff,ff): Get Attributes Response: feature 'VBS' is supported (abis_nm.c:599)[0;m
[1;36mSun Oct  4 14:04:38 2026 [1;33mDNM[0;m[1;36m [1;33mNOTICE[0;m[1;36m OC=BTS(01) INST=(00,ff,ff): Get Attributes Response: feature 'VGCS' is supported (abis_nm.c:599)[0;m
[1;36mSun Oct  4 14:04:38 2026 [1;33mDNM[0;m[1;36m [1;33mNOTICE[0;m[1;36m OC=BTS(01) INST=(00,ff,ff): Get Attributes Response: feature 'TWTS001' is supported (abis_nm.c:599)[0;m
[1;36mSun Oct  4 14:04:38 2026 [1;33mDNM[0;m[1;36m [1;33mNOTICE[0;m[1;36m OC=BTS(01) INST=(00,ff,ff): Get Attributes Response: feature 'TWTS002' is supported (abis_nm.c:599)[0;m
[1;36mSun Oct  4 14:04:38 2026 [1;33mDNM[0;m[1;36m [1;33mNOTICE[0;m[1;36m OC=BTS(01) INST=(00,ff,ff): ARI reported sw[0/2]: osmobts is 1.10.0-dirty (abis_nm.c:652)[0;m
[1;36mSun Oct  4 14:04:38 2026 [1;33mDNM[0;m[1;36m [1;33mNOTICE[0;m[1;36m OC=BTS(01) INST=(00,ff,ff): Reported variant: osmo-bts-trx (abis_nm.c:534)[0;m
[1;36mSun Oct  4 14:04:38 2026 [1;31mDNM[0;m[1;36m [1;31mERROR[0;m[1;36m OC=RADIO-CARRIER(02) INST=(00,00,ff): Attribute SW Configuration is unreported (abis_nm.c:557)[0;m
[1;36mSun Oct  4 14:04:38 2026 [1;31mDNM[0;m[1;36m [1;31mERROR[0;m[1;36m OC=BASEBAND-TRANSCEIVER(04) INST=(00,00,ff): Attribute Manufacturer Dependent State is unreported (abis_nm.c:557)[0;m
[1;36mSun Oct  4 14:04:38 2026 [1;33mDNM[0;m[1;36m [1;33mNOTICE[0;m[1;36m OC=BASEBAND-TRANSCEIVER(04) INST=(00,00,ff): ARI reported sw[0/1]: TRX_PHY_VERSION is Unknown (abis_nm.c:652)[0;m
[1;35mSun Oct  4 14:04:38 2026 [1;33mDRSL[0;m[1;35m [1;33mNOTICE[0;m[1;35m (bts=1,trx=0) bootstrapping RSL on ARFCN 614 using MCC-MNC 001-01 LAC=1 CID=6012 BSIC=8 (osmo_bsc_main.c:320)[0;m
[1;36mSun Oct  4 14:04:47 2026 [1;31mDNM[0;m[1;36m [1;31mERROR[0;m[1;36m OC=GPRS-CELL(f1) INST=(00,00,ff): Attribute SW Configuration is unreported (abis_nm.c:557)[0;m
[1;36mSun Oct  4 14:04:47 2026 [1;33mDNM[0;m[1;36m [1;33mNOTICE[0;m[1;36m OC=BTS(01) INST=(00,ff,ff): Get Attributes Response: feature 'GPRS' is supported (abis_nm.c:599)[0;m
[1;36mSun Oct  4 14:04:47 2026 [1;33mDNM[0;m[1;36m [1;33mNOTICE[0;m[1;36m OC=BTS(01) INST=(00,ff,ff): Get Attributes Response: feature 'EGPRS' is supported (abis_nm.c:599)[0;m
[1;36mSun Oct  4 14:04:47 2026 [1;33mDNM[0;m[1;36m [1;33mNOTICE[0;m[1;36m OC=BTS(01) INST=(00,ff,ff): Get Attributes Response: feature 'HOPPING' is supported (abis_nm.c:599)[0;m
[1;36mSun Oct  4 14:04:47 2026 [1;33mDNM[0;m[1;36m [1;33mNOTICE[0;m[1;36m OC=BTS(01) INST=(00,ff,ff): Get Attributes Response: feature 'MULTI_TSC' is supported (abis_nm.c:599)[0;m
[1;36mSun Oct  4 14:04:47 2026 [1;33mDNM[0;m[1;36m [1;33mNOTICE[0;m[1;36m OC=BTS(01) INST=(00,ff,ff): Get Attributes Response: feature 'OML_ALERTS' is supported (abis_nm.c:599)[0;m
[1;36mSun Oct  4 14:04:47 2026 [1;33mDNM[0;m[1;36m [1;33mNOTICE[0;m[1;36m OC=BTS(01) INST=(00,ff,ff): Get Attributes Response: feature 'CBCH' is supported (abis_nm.c:599)[0;m
[1;36mSun Oct  4 14:04:47 2026 [1;33mDNM[0;m[1;36m [1;33mNOTICE[0;m[1;36m OC=BTS(01) INST=(00,ff,ff): Get Attributes Response: feature 'SPEECH_F_V1' is supported (abis_nm.c:599)[0;m
[1;36mSun Oct  4 14:04:47 2026 [1;33mDNM[0;m[1;36m [1;33mNOTICE[0;m[1;36m OC=BTS(01) INST=(00,ff,ff): Get Attributes Response: feature 'SPEECH_H_V1' is supported (abis_nm.c:599)[0;m
[1;36mSun Oct  4 14:04:47 2026 [1;33mDNM[0;m[1;36m [1;33mNOTICE[0;m[1;36m OC=BTS(01) INST=(00,ff,ff): Get Attributes Response: feature 'SPEECH_F_EFR' is supported (abis_nm.c:599)[0;m
[1;36mSun Oct  4 14:04:47 2026 [1;33mDNM[0;m[1;36m [1;33mNOTICE[0;m[1;36m OC=BTS(01) INST=(00,ff,ff): Get Attributes Response: feature 'SPEECH_F_AMR' is supported (abis_nm.c:599)[0;m
[1;36mSun Oct  4 14:04:47 2026 [1;33mDNM[0;m[1;36m [1;33mNOTICE[0;m[1;36m OC=BTS(01) INST=(00,ff,ff): Get Attributes Response: feature 'SPEECH_H_AMR' is supported (abis_nm.c:599)[0;m
[1;36mSun Oct  4 14:04:47 2026 [1;33mDNM[0;m[1;36m [1;33mNOTICE[0;m[1;36m OC=BTS(01) INST=(00,ff,ff): Get Attributes Response: feature 'ETWS_PN' is supported (abis_nm.c:599)[0;m
[1;36mSun Oct  4 14:04:47 2026 [1;33mDNM[0;m[1;36m [1;33mNOTICE[0;m[1;36m OC=BTS(01) INST=(00,ff,ff): Get Attributes Response: feature 'PAGING_COORDINATION' is supported (abis_nm.c:599)[0;m
[1;36mSun Oct  4 14:04:47 2026 [1;33mDNM[0;m[1;36m [1;33mNOTICE[0;m[1;36m OC=BTS(01) INST=(00,ff,ff): Get Attributes Response: feature 'IPV6_NSVC' is supported (abis_nm.c:599)[0;m
[1;36mSun Oct  4 14:04:47 2026 [1;33mDNM[0;m[1;36m [1;33mNOTICE[0;m[1;36m OC=BTS(01) INST=(00,ff,ff): Get Attributes Response: feature 'ACCH_REP' is supported (abis_nm.c:599)[0;m
[1;36mSun Oct  4 14:04:47 2026 [1;33mDNM[0;m[1;36m [1;33mNOTICE[0;m[1;36m OC=BTS(01) INST=(00,ff,ff): Get Attributes Response: feature 'CCN' is supported (abis_nm.c:599)[0;m
[1;36mSun Oct  4 14:04:47 2026 [1;33mDNM[0;m[1;36m [1;33mNOTICE[0;m[1;36m OC=BTS(01) INST=(00,ff,ff): Get Attributes Response: feature 'VAMOS' is supported (abis_nm.c:599)[0;m
[1;36mSun Oct  4 14:04:47 2026 [1;33mDNM[0;m[1;36m [1;33mNOTICE[0;m[1;36m OC=BTS(01) INST=(00,ff,ff): Get Attributes Response: feature 'ABIS_OSMO_PCU' is supported (abis_nm.c:599)[0;m
[1;36mSun Oct  4 14:04:47 2026 [1;33mDNM[0;m[1;36m [1;33mNOTICE[0;m[1;36m OC=BTS(01) INST=(00,ff,ff): Get Attributes Response: feature 'BCCH_PWR_RED' is supported (abis_nm.c:599)[0;m
[1;36mSun Oct  4 14:04:47 2026 [1;33mDNM[0;m[1;36m [1;33mNOTICE[0;m[1;36m OC=BTS(01) INST=(00,ff,ff): Get Attributes Response: feature 'DYN_TS_SDCCH8' is supported (abis_nm.c:599)[0;m
[1;36mSun Oct  4 14:04:47 2026 [1;33mDNM[0;m[1;36m [1;33mNOTICE[0;m[1;36m OC=BTS(01) INST=(00,ff,ff): Get Attributes Response: feature 'ACCH_TEMP_OVP' is supported (abis_nm.c:599)[0;m
[1;36mSun Oct  4 14:04:47 2026 [1;33mDNM[0;m[1;36m [1;33mNOTICE[0;m[1;36m OC=BTS(01) INST=(00,ff,ff): Get Attributes Response: feature 'VBS' is supported (abis_nm.c:599)[0;m
[1;36mSun Oct  4 14:04:47 2026 [1;33mDNM[0;m[1;36m [1;33mNOTICE[0;m[1;36m OC=BTS(01) INST=(00,ff,ff): Get Attributes Response: feature 'VGCS' is supported (abis_nm.c:599)[0;m
[1;36mSun Oct  4 14:04:47 2026 [1;33mDNM[0;m[1;36m [1;33mNOTICE[0;m[1;36m OC=BTS(01) INST=(00,ff,ff): Get Attributes Response: feature 'TWTS001' is supported (abis_nm.c:599)[0;m
[1;36mSun Oct  4 14:04:47 2026 [1;33mDNM[0;m[1;36m [1;33mNOTICE[0;m[1;36m OC=BTS(01) INST=(00,ff,ff): Get Attributes Response: feature 'TWTS002' is supported (abis_nm.c:599)[0;m
[1;36mSun Oct  4 14:04:47 2026 [1;33mDNM[0;m[1;36m [1;33mNOTICE[0;m[1;36m OC=BTS(01) INST=(00,ff,ff): ARI reported sw[0/2]: osmobts is 1.10.0-dirty (abis_nm.c:652)[0;m
[1;36mSun Oct  4 14:04:47 2026 [1;33mDNM[0;m[1;36m [1;33mNOTICE[0;m[1;36m OC=BTS(01) INST=(00,ff,ff): Reported variant: osmo-bts-trx (abis_nm.c:534)[0;m
[1;36mSun Oct  4 14:04:47 2026 [1;31mDNM[0;m[1;36m [1;31mERROR[0;m[1;36m OC=RADIO-CARRIER(02) INST=(00,00,ff): Attribute SW Configuration is unreported (abis_nm.c:557)[0;m
[1;36mSun Oct  4 14:04:47 2026 [1;31mDNM[0;m[1;36m [1;31mERROR[0;m[1;36m OC=BASEBAND-TRANSCEIVER(04) INST=(00,00,ff): Attribute Manufacturer Dependent State is unreported (abis_nm.c:557)[0;m
[1;36mSun Oct  4 14:04:47 2026 [1;33mDNM[0;m[1;36m [1;33mNOTICE[0;m[1;36m OC=BASEBAND-TRANSCEIVER(04) INST=(00,00,ff): ARI reported sw[0/1]: TRX_PHY_VERSION is Unknown (abis_nm.c:652)[0;m
[1;35mSun Oct  4 14:04:47 2026 [1;33mDRSL[0;m[1;35m [1;33mNOTICE[0;m[1;35m (bts=0,trx=0) bootstrapping RSL on ARFCN 514 using MCC-MNC 001-01 LAC=1 CID=6001 BSIC=7 (osmo_bsc_main.c:320)[0;m
[1;36mSun Oct  4 14:04:49 2026 [1;33mDNM[0;m[1;36m [1;33mNOTICE[0;m[1;36m OC=BTS(01) INST=(00,ff,ff): Reported connected PCU version 1.5.2 (abis_nm.c:352)[0;m
[1;32mSun Oct  4 14:08:11 2026 [1;33mDCHAN[0;m[1;32m [1;33mNOTICE[0;m[1;32m lchan(0-0-2-TCH_F-0)[0x5c9e0c2c4660]{WAIT_RF_RELEASE_ACK}: (type=TCH_F) Rx IPACC DLCX IND (cause=Normal event, unspecified [ 0f ]) (abis_rsl.c:3241)[0;m
[1;32mSun Oct  4 14:09:11 2026 [1;33mDCHAN[0;m[1;32m [1;33mNOTICE[0;m[1;32m lchan(0-0-2-TCH_F-0)[0x5c9e0c2c4660]{WAIT_RF_RELEASE_ACK}: (type=TCH_F) Rx IPACC DLCX IND (cause=Normal event, unspecified [ 0f ]) (abis_rsl.c:3241)[0;m
[1;32mSun Oct  4 14:09:50 2026 [1;33mDCHAN[0;m[1;32m [1;33mNOTICE[0;m[1;32m lchan(0-0-2-TCH_F-0)[0x5c9e0c2c4660]{WAIT_RF_RELEASE_ACK}: (type=TCH_F) Rx IPACC DLCX IND (cause=Normal event, unspecified [ 0f ]) (abis_rsl.c:3241)[0;m
[1;32mSun Oct  4 14:09:50 2026 [1;33mDCHAN[0;m[1;32m [1;33mNOTICE[0;m[1;32m lchan(1-0-2-TCH_F-0)[0x5c9e0c2af590]{WAIT_RF_RELEASE_ACK}: (type=TCH_F) Rx IPACC DLCX IND (cause=Normal event, unspecified [ 0f ]) (abis_rsl.c:3241)[0;m
